-------------------------------------------------------------------------------
      name:  prec
       log:  /Users/brycewang/Documents/GitHub/top5-Econ-Paper-Replications/QJE
> 2019-Kinship-Cooperation-Moral-Systems/Results/run_precise.log
  log type:  text
 opened on:  16 Sep 2026, 22:54:20

. 
. global controls_country "ln_time_obs_ea small_scale"

. global controls_country_drop "small_scale"

. global controls_country_migrant "corigin_ln_time_obs_ea corigin_small_scale"

. global controls_country_migrant_drop "corigin_small_scale"

. global controls_ind "i.age female"

. global controls_ind_drop "*age"

. global controls_ethnic "ln_time_obs_ea_e small_scale"

. global controls_ethnic_drop "small_scale"

. global controls_history_origins "ln_time_obs_ea"

. global controls_history "ln_time_obs_ea"

. global controls_history_drop ""

. 
. foreach s in EA/Table_3 EA/Table_4 EA/Table_5 EA/Table_11 Country/Tables_6_7_
> 9_10 MFQ/Table_8 {
  2.     local f = subinstr("`s'", "/", "_", .)
  3.     filefilter "$ROOT/Program/do-files/`s'.do" "Data_programs/Do-files/`f'
> .do", ///
>         from("esttab using") to("esttab_precise using") replace
  4.     set seed 20190001
  5.     display as text _n "==== `s' (precise)"
  6.     capture noisily do "Data_programs/Do-files/`f'.do"
  7.     display as result "`s' rc=" _rc
  8.     if "`s'" == "Country/Tables_6_7_9_10" & _rc == 0 {
  9.         esttab_precise using Source_files/Tables/GPS_punish_cols1_3.tex
 10.     }
 11. }

==== EA/Table_3 (precise)

. use "Data_programs/Data/EAShort.dta", clear

. 
. 
. 
. 
. * Table 3
. 
. 
. eststo clear

. eststo: reg kinship_score s_malariaindex,cluster(cluster)

Linear regression                               Number of obs     =      1,226
                                                F(1, 115)         =      68.64
                                                Prob > F          =     0.0000
                                                R-squared         =     0.1591
                                                Root MSE          =     .28215

                              (Std. err. adjusted for 116 clusters in cluster)
------------------------------------------------------------------------------
             |               Robust
kinship_sc~e | Coefficient  std. err.      t    P>|t|     [95% conf. interval]
-------------+----------------------------------------------------------------
s_malariai~x |   .1234234   .0148968     8.29   0.000     .0939157    .1529311
       _cons |   .6944121   .0305229    22.75   0.000     .6339521    .7548721
------------------------------------------------------------------------------
(est1 stored)

. eststo: reg kinship_score small_scale s_malariaindex,cluster(cluster)

Linear regression                               Number of obs     =      1,225
                                                F(2, 115)         =      73.52
                                                Prob > F          =     0.0000
                                                R-squared         =     0.2424
                                                Root MSE          =     .26801

                              (Std. err. adjusted for 116 clusters in cluster)
------------------------------------------------------------------------------
             |               Robust
kinship_sc~e | Coefficient  std. err.      t    P>|t|     [95% conf. interval]
-------------+----------------------------------------------------------------
 small_scale |  -.3502373   .0863227    -4.06   0.000    -.5212259   -.1792487
s_malariai~x |   .0980775     .01195     8.21   0.000     .0744069    .1217481
       _cons |   .7907153   .0356212    22.20   0.000     .7201566     .861274
------------------------------------------------------------------------------
(est2 stored)

. eststo: reg kinship_score small_scale s_malariaindex cont_* $controls_history
> _origins, cluster(cluster)

Linear regression                               Number of obs     =      1,216
                                                F(9, 115)         =          .
                                                Prob > F          =          .
                                                R-squared         =     0.3443
                                                Root MSE          =     .24886

                              (Std. err. adjusted for 116 clusters in cluster)
------------------------------------------------------------------------------
             |               Robust
kinship_sc~e | Coefficient  std. err.      t    P>|t|     [95% conf. interval]
-------------+----------------------------------------------------------------
 small_scale |  -.1728964   .0966984    -1.79   0.076    -.3644373    .0186445
s_malariai~x |   .0327024   .0131458     2.49   0.014     .0066631    .0587418
    cont_ssa |   .0971369   .0386911     2.51   0.013     .0204973    .1737765
   cont_mena |  -.0168893   .0387511    -0.44   0.664    -.0936478    .0598692
    cont_eca |  -.2315788   .0576493    -4.02   0.000    -.3457709   -.1173867
    cont_sas |   .0195127   .0364418     0.54   0.593    -.0526714    .0916968
    cont_eap |  -.0451994   .0410253    -1.10   0.273    -.1264627    .0360639
    cont_nam |  -.1986825   .0558287    -3.56   0.001    -.3092684   -.0880966
    cont_lac |  -.2175246   .0471121    -4.62   0.000    -.3108446   -.1242046
ln_time_ob~a |   .0359734   .0311818     1.15   0.251    -.0257916    .0977385
       _cons |     .62103   .1617236     3.84   0.000     .3006867    .9413734
------------------------------------------------------------------------------
(est3 stored)

. eststo: bs,reps(500): reg kinship_score s_malariaindex if malaria_sample==1,c
> luster(cluster)
(running regress on estimation sample)

Bootstrap replications (500): .........10.........20.........30.........40.....
> ....50.........60.........70.........80.........90.........100.........110...
> ......120.........130.........140.........150.........160.........170........
> .180.........190.........200.........210.........220.........230.........240.
> ........250.........260.........270.........280.........290.........300......
> ...310.........320.........330.........340.........350.........360.........37
> 0.........380.........390.........400.........410.........420.........430....
> .....440.........450.........460.........470.........480.........490.........
> 500 done

Linear regression                                       Number of obs =    504
                                                        Replications  =    500
                                                        Wald chi2(1)  =   5.08
                                                        Prob > chi2   = 0.0243
                                                        R-squared     = 0.0374
                                                        Adj R-squared = 0.0355
                                                        Root MSE      = 0.1805

                                (Replications based on 20 clusters in cluster)
------------------------------------------------------------------------------
             |   Observed   Bootstrap                         Normal-based
kinship_sc~e | coefficient  std. err.      z    P>|z|     [95% conf. interval]
-------------+----------------------------------------------------------------
s_malariai~x |   .0311387   .0138208     2.25   0.024     .0040503    .0582271
       _cons |   .8563701    .027653    30.97   0.000     .8021712     .910569
------------------------------------------------------------------------------
(est4 stored)

. eststo: bs,reps(500): reg kinship_score s_malariaindex small_scale $controls_
> history_origins if malaria_sample==1,cluster(cluster)
(running regress on estimation sample)

Bootstrap replications (500): .........10.........20.........30.........40.....
> ....50.........60.........70.........80.........90.........100.........110...
> ......120.........130.........140.........150.........160.........170........
> .180.........190.........200.........210.........220.........230.........240.
> ........250.........260.........270.........280.........290.........300......
> ...310.........320.........330.........340.........350.........360.........37
> 0.........380.........390.........400.........410.........420.........430....
> .....440.........450.........460.........470.........480.........490.........
> 500 done

Linear regression                                       Number of obs =    504
                                                        Replications  =    500
                                                        Wald chi2(3)  =  10.24
                                                        Prob > chi2   = 0.0166
                                                        R-squared     = 0.1169
                                                        Adj R-squared = 0.1116
                                                        Root MSE      = 0.1733

                                (Replications based on 20 clusters in cluster)
------------------------------------------------------------------------------
             |   Observed   Bootstrap                         Normal-based
kinship_sc~e | coefficient  std. err.      z    P>|z|     [95% conf. interval]
-------------+----------------------------------------------------------------
s_malariai~x |   .0298129   .0122707     2.43   0.015     .0057627    .0538631
 small_scale |  -.4217343   .1846679    -2.28   0.022    -.7836767   -.0597919
ln_time_ob~a |  -.0204242   .0549769    -0.37   0.710     -.128177    .0873287
       _cons |   1.013812   .2313769     4.38   0.000     .5603211    1.467302
------------------------------------------------------------------------------
(est5 stored)

. eststo: bs,reps(500): reg kinship_score s_distance_mutation if malaria_sample
> ==1,cluster(cluster)
(running regress on estimation sample)

Bootstrap replications (500): .........10.........20.........30.........40.....
> ....50.........60.........70.........80.........90.........100.........110...
> ......120.........130.........140.........150.........160.........170........
> .180.........190.........200.........210.........220.........230.........240.
> ........250.........260.........270.........280.........290.........300......
> ...310.........320.........330.........340.........350.........360.........37
> 0.........380.........390.........400.........410.........420.........430....
> .....440.........450.........460.........470.........480.........490.........
> 500 done

Linear regression                                       Number of obs =    501
                                                        Replications  =    500
                                                        Wald chi2(1)  =   5.50
                                                        Prob > chi2   = 0.0191
                                                        R-squared     = 0.0993
                                                        Adj R-squared = 0.0975
                                                        Root MSE      = 0.1748

                                (Replications based on 20 clusters in cluster)
------------------------------------------------------------------------------
             |   Observed   Bootstrap                         Normal-based
kinship_sc~e | coefficient  std. err.      z    P>|z|     [95% conf. interval]
-------------+----------------------------------------------------------------
s_distance~n |  -.0575777   .0245621    -2.34   0.019    -.1057184   -.0094369
       _cons |   .8807229   .0198065    44.47   0.000     .8419029    .9195429
------------------------------------------------------------------------------
(est6 stored)

. eststo: bs,reps(500): reg kinship_score s_distance_mutation small_scale $cont
> rols_history_origins if malaria_sample==1,cluster(cluster)
(running regress on estimation sample)

Bootstrap replications (500): .........10.........20.........30.........40.....
> ....50.........60.........70.........80.........90.........100.........110...
> ......120.........130.........140.........150.........160.........170........
> .180.........190.........200.........210.........220.........230.........240.
> ........250.........260.........270.........280.........290.........300......
> ...310.........320.........330.........340.........350.........360.........37
> 0.........380.........390.........400.........410.........420.........430....
> .....440.........450.........460.........470.........480.........490.........
> 500 done

Linear regression                                       Number of obs =    501
                                                        Replications  =    500
                                                        Wald chi2(3)  =  19.95
                                                        Prob > chi2   = 0.0002
                                                        R-squared     = 0.1653
                                                        Adj R-squared = 0.1603
                                                        Root MSE      = 0.1686

                                (Replications based on 20 clusters in cluster)
------------------------------------------------------------------------------
             |   Observed   Bootstrap                         Normal-based
kinship_sc~e | coefficient  std. err.      z    P>|z|     [95% conf. interval]
-------------+----------------------------------------------------------------
s_distance~n |  -.0531263   .0167191    -3.18   0.001    -.0858951   -.0203574
 small_scale |  -.3895054   .1551906    -2.51   0.012    -.6936733   -.0853375
ln_time_ob~a |  -.0052427   .0627876    -0.08   0.933    -.1283042    .1178188
       _cons |   .9630233   .2712923     3.55   0.000     .4313003    1.494746
------------------------------------------------------------------------------
(est7 stored)

. eststo: bs,reps(500): reg kinship_score s_tsi if malaria_sample==1,cluster(cl
> uster)
(running regress on estimation sample)

Bootstrap replications (500): .........10.........20.........30.........40.....
> ....50.........60.........70.........80.........90.........100.........110...
> ......120.........130.........140.........150.........160.........170........
> .180.........190.........200.........210.........220.........230.........240.
> ........250.........260.........270.........280.........290.........300......
> ...310.........320.........330.........340.........350.........360.........37
> 0.........380.........390.........400.........410.........420.........430....
> .....440.........450.........460.........470.........480.........490.........
> 500 done

Linear regression                                       Number of obs =    500
                                                        Replications  =    500
                                                        Wald chi2(1)  =  19.27
                                                        Prob > chi2   = 0.0000
                                                        R-squared     = 0.0384
                                                        Adj R-squared = 0.0365
                                                        Root MSE      = 0.1767

                                (Replications based on 20 clusters in cluster)
------------------------------------------------------------------------------
             |   Observed   Bootstrap                         Normal-based
kinship_sc~e | coefficient  std. err.      z    P>|z|     [95% conf. interval]
-------------+----------------------------------------------------------------
       s_tsi |   .0350052   .0079742     4.39   0.000      .019376    .0506343
       _cons |    .882563   .0168934    52.24   0.000     .8494525    .9156735
------------------------------------------------------------------------------
(est8 stored)

. eststo: bs,reps(500): reg kinship_score s_tsi small_scale $controls_history_o
> rigins if malaria_sample==1,cluster(cluster)
(running regress on estimation sample)

Bootstrap replications (500): .........10.........20.........30.........40.....
> ....50.........60.........70.........80.........90.........100.........110...
> ......120.........130.........140.........150.........160.........170........
> .180.........190.........200.........210.........220.........230.........240.
> ........250.........260.........270.........280.........290.........300......
> ...310.........320.........330.........340.........350.........360.........37
> 0.........380.........390.........400.........410.........420.........430....
> .....440.........450.........460.........470.........480.........490.........
> 500 done

Linear regression                                       Number of obs =    500
                                                        Replications  =    500
                                                        Wald chi2(3)  =  31.99
                                                        Prob > chi2   = 0.0000
                                                        R-squared     = 0.1103
                                                        Adj R-squared = 0.1050
                                                        Root MSE      = 0.1703

                                (Replications based on 20 clusters in cluster)
------------------------------------------------------------------------------
             |   Observed   Bootstrap                         Normal-based
kinship_sc~e | coefficient  std. err.      z    P>|z|     [95% conf. interval]
-------------+----------------------------------------------------------------
       s_tsi |   .0409963   .0075789     5.41   0.000      .026142    .0558505
 small_scale |  -.4101114   .1846341    -2.22   0.026    -.7719877   -.0482351
ln_time_ob~a |  -.0250788   .0588699    -0.43   0.670    -.1404617    .0903041
       _cons |    1.05785   .2553689     4.14   0.000     .5573363    1.558364
------------------------------------------------------------------------------
(est9 stored)

. eststo: bs,reps(500): reg kinship_score s_malariaindex s_tsi small_scale $con
> trols_history_origins if malaria_sample==1,cluster(cluster)
(running regress on estimation sample)

Bootstrap replications (500): .........10.........20.........30.........40.....
> ....50.........60.........70.........80.........90.........100.........110...
> ......120.........130.........140.........150.........160.........170........
> .180.........190.........200.........210.........220.........230.........240.
> ........250.........260.........270.........280.........290.........300......
> ...310.........320.........330.........340.........350.........360.........37
> 0.........380.........390.........400.........410.........420.........430....
> .....440.........450.........460.........470.........480.........490.........
> 500 done

Linear regression                                       Number of obs =    500
                                                        Replications  =    500
                                                        Wald chi2(4)  =  28.94
                                                        Prob > chi2   = 0.0000
                                                        R-squared     = 0.1359
                                                        Adj R-squared = 0.1289
                                                        Root MSE      = 0.1680

                                (Replications based on 20 clusters in cluster)
------------------------------------------------------------------------------
             |   Observed   Bootstrap                         Normal-based
kinship_sc~e | coefficient  std. err.      z    P>|z|     [95% conf. interval]
-------------+----------------------------------------------------------------
s_malariai~x |   .0254773   .0122402     2.08   0.037      .001487    .0494676
       s_tsi |   .0379842   .0096929     3.92   0.000     .0189866    .0569819
 small_scale |  -.4080754   .1461961    -2.79   0.005    -.6946145   -.1215362
ln_time_ob~a |  -.0107348   .0542579    -0.20   0.843    -.1170782    .0956087
       _cons |   .9720497   .2304208     4.22   0.000     .5204333    1.423666
------------------------------------------------------------------------------
(est10 stored)

. eststo: bs,reps(500): reg kinship_score s_distance_mutation s_tsi small_scale
>  $controls_history_origins if malaria_sample==1,cluster(cluster)
(running regress on estimation sample)

Bootstrap replications (500): .........10.........20.........30.........40.....
> ....50.........60.........70.........80.........90.........100.........110...
> ......120.........130.........140.........150.........160.........170........
> .180.........190.........200.........210.........220.........230.........240.
> ........250.........260.........270.........280.........290.........300......
> ...310.........320.........330.........340.........350.........360.........37
> 0.........380.........390.........400.........410.........420.........430....
> .....440.........450.........460.........470.........480.........490.........
> 500 done

Linear regression                                       Number of obs =    497
                                                        Replications  =    500
                                                        Wald chi2(4)  =  28.45
                                                        Prob > chi2   = 0.0000
                                                        R-squared     = 0.1467
                                                        Adj R-squared = 0.1398
                                                        Root MSE      = 0.1671

                                (Replications based on 20 clusters in cluster)
------------------------------------------------------------------------------
             |   Observed   Bootstrap                         Normal-based
kinship_sc~e | coefficient  std. err.      z    P>|z|     [95% conf. interval]
-------------+----------------------------------------------------------------
s_distance~n |   -.041255   .0172878    -2.39   0.017    -.0751385   -.0073715
       s_tsi |   .0192151   .0089562     2.15   0.032     .0016613    .0367688
 small_scale |  -.3659953    .146665    -2.50   0.013    -.6534535   -.0785371
ln_time_ob~a |  -.0035173   .0613327    -0.06   0.954    -.1237271    .1166925
       _cons |   .9529395   .2650604     3.60   0.000     .4334307    1.472448
------------------------------------------------------------------------------
(est11 stored)

. esttab_precise using Source_files/Tables/Determinants_EA.tex, booktabs nonote
> s replace compress  label nomtitles indicate("Continent FE=*cont_*" "Log [\# 
> of years since obs.]=ln_time_obs_ea")  drop(_cons) se(2) b(a2) r2(2)  star(* 
> 0.10 ** 0.05 *** 0.01) prehead("{\begin{tabular}{l*{11}{c}}\toprule\toprule&\
> multicolumn{11}{c}{\textit{Dependent variable:}}\\[.1cm] & \multicolumn{11}{c
> }{Kinship tightness [0--1]}\\\cmidrule(lr){2-12} \\ &\multicolumn{3}{c}{Full 
> sample} &\multicolumn{8}{c}{Common sample (Africa)}\\\cmidrule(lr){2-4}\cmidr
> ule(lr){5-12}")
(file
    /Users/brycewang/Documents/GitHub/top5-Econ-Paper-Replications/QJE2019-Ki
    > nship-Cooperation-Moral-Systems/Results/Tables/precise/Determinants_EA.
    > csv not found)
(output written to /Users/brycewang/Documents/GitHub/top5-Econ-Paper-Replicatio
> ns/QJE2019-Kinship-Cooperation-Moral-Systems/Results/Tables/precise/Determina
> nts_EA.csv)

. 
. 
. 
end of do-file
EA/Table_3 rc=0

==== EA/Table_4 (precise)

. use "Data_programs/Data/EAShort.dta", clear

. 
. 
. * Table 4
. fvset base 1 isonum

. 
. eststo clear

. eststo: qui bs,reps(500): reg s_diff_violence kinship_score small_scale, clus
> ter(cluster)
(est1 stored)

. eststo: qui bs,reps(500): reg s_diff_violence kinship_score small_scale $cont
> rols_history, cluster(cluster)
(est2 stored)

. eststo: qui reg s_moral_god kinship_score small_scale, cluster(cluster)
(est3 stored)

. eststo: qui reg s_moral_god kinship_score small_scale s_have_god $controls_hi
> story cont_*, cluster(cluster)
(est4 stored)

. eststo: qui reg s_moral_god kinship_score small_scale s_have_god $controls_hi
> story i.isonum, cluster(cluster)
(est5 stored)

. eststo: qui bs,reps(500): reg s_loyalty_local kinship_score small_scale, clus
> ter(cluster)
(est6 stored)

. eststo: qui bs,reps(500): reg s_loyalty_local kinship_score small_scale $cont
> rols_history, cluster(cluster)
(est7 stored)

. eststo: qui reg s_sex_taboo kinship_score small_scale, cluster(cluster)
(est8 stored)

. eststo: qui reg s_sex_taboo kinship_score small_scale $controls_history cont_
> *, cluster(cluster)
(est9 stored)

. eststo: qui reg s_hierabovelocal kinship_score small_scale, cluster(cluster)
(est10 stored)

. eststo: qui reg s_hierabovelocal kinship_score small_scale $controls_history 
> cont_*, cluster(cluster)
(est11 stored)

. eststo: qui reg s_hierabovelocal kinship_score small_scale $controls_history 
> i.isonum, cluster(cluster)
(est12 stored)

. eststo: qui reg s_hierlocal_village kinship_score small_scale, cluster(cluste
> r)
(est13 stored)

. eststo: qui reg s_hierlocal_village kinship_score small_scale $controls_histo
> ry cont_*, cluster(cluster)
(est14 stored)

. eststo: qui reg s_hierlocal_village kinship_score small_scale $controls_histo
> ry i.isonum, cluster(cluster)
(est15 stored)

. esttab_precise using Source_files/Tables/Enforcement_EA.tex, booktabs nonotes
>  replace compress  label nomtitles indicate("Dependence on hg=small_scale" "L
> og [\# of years since obs.]=ln_time_obs_ea" "Continent FE=*cont*" "Country FE
> =*isonum*")  drop(_cons $controls_history_drop) se(2) b(a2) r2(2)  star(* 0.1
> 0 ** 0.05 *** 0.01) prehead("{\begin{tabular}{l*{15}{c}}\toprule\toprule&\mul
> ticolumn{15}{c}{\textit{Dependent variable:}}\\[.1cm] &\multicolumn{2}{c}{$\D
> elta$ Violence}&\multicolumn{3}{c}{Religion}& \multicolumn{4}{c}{Morality}&  
>  \multicolumn{6}{c}{Institutions: Jurisdictional hierarchy}  \\\cmidrule(lr){
> 4-6}\cmidrule(lr){7-10}\cmidrule(lr){11-16} & \multicolumn{2}{c}{[Out- vs. in
> -group]} &\multicolumn{3}{c}{Moralizing god}  &\multicolumn{2}{c}{Loyalty com
> munity} &\multicolumn{2}{c}{Purity (sex taboo)} &\multicolumn{3}{c}{Above loc
> al level} &\multicolumn{3}{c}{Village level}\\\cmidrule(lr){2-3}\cmidrule(lr)
> {4-6}\cmidrule(lr){7-8}\cmidrule(lr){9-10}\cmidrule(lr){11-13}\cmidrule(lr){1
> 4-16}")
(file
    /Users/brycewang/Documents/GitHub/top5-Econ-Paper-Replications/QJE2019-Ki
    > nship-Cooperation-Moral-Systems/Results/Tables/precise/Enforcement_EA.c
    > sv not found)
(output written to /Users/brycewang/Documents/GitHub/top5-Econ-Paper-Replicatio
> ns/QJE2019-Kinship-Cooperation-Moral-Systems/Results/Tables/precise/Enforceme
> nt_EA.csv)

. 
. 
end of do-file
EA/Table_4 rc=0

==== EA/Table_5 (precise)

. use "Data_programs/Data/EA_contiguous.dta", clear

. 
. * Table 5
. 
. preserve

. keep if geodist<=500
(2,408 observations deleted)

. 
. foreach i in moral_god hierabovelocal hierlocal_village have_god{
  2. egen s_`i'=std(`i')
  3. }
(6,122 missing values generated)
(970 missing values generated)
(970 missing values generated)
(4,141 missing values generated)

. 
. label var s_have_god "1 if society has high god [std.]"

. label var s_moral_god "Belief in moralizing god [std.]"

. label var s_hierabovelocal "Jurisdictional hierarchy beyond local community [
> std.]"

. label var s_hierlocal_village "Has village-level jurisdictional hierarchy [st
> d.]"

. 
. 
. 
. eststo clear

. eststo: qui areg s_moral_god kinship_score small_scale,a(match) cluster(clust
> er)
(est1 stored)

. eststo: qui areg s_moral_god kinship_score small_scale $controls_history s_ha
> ve_god,a(match) cluster(cluster)
(est2 stored)

. eststo: qui areg s_hierabovelocal kinship_score small_scale,a(match) cluster(
> cluster)
(est3 stored)

. eststo: qui areg s_hierabovelocal kinship_score small_scale $controls_history
>  ,a(match) cluster(cluster)
(est4 stored)

. eststo: qui areg s_hierlocal_village kinship_score small_scale,a(match) clust
> er(cluster)
(est5 stored)

. eststo: qui areg s_hierlocal_village kinship_score small_scale $controls_hist
> ory, a(match) cluster(cluster)
(est6 stored)

. esttab_precise using Source_files/Tables/Contiguous_EA.tex, booktabs nonotes 
> replace compress  label nomtitles indicate("Dependence on hg=small_scale" "Lo
> g [\# of years since obs.]=ln_time_obs_ea")  drop(_cons $controls_history_dro
> p) se(2) b(a2) r2(2)  star(* 0.10 ** 0.05 *** 0.01) prehead("{\begin{tabular}
> {l*{6}{c}}\toprule\toprule&\multicolumn{6}{c}{\textit{Dependent variable:}}\\
> [.1cm] &    \multicolumn{2}{c}{Religion}&\multicolumn{4}{c}{Institutions: Jur
> isdictional hierarchy}\\\cmidrule(lr){2-3}\cmidrule(lr){4-7}  & \multicolumn{
> 2}{c}{Moralizing god}&\multicolumn{2}{c}{Above local level} & \multicolumn{2}
> {c}{Village level}\\\cmidrule(lr){2-3}\cmidrule(lr){4-5}\cmidrule(lr){6-7}")
(file
    /Users/brycewang/Documents/GitHub/top5-Econ-Paper-Replications/QJE2019-Ki
    > nship-Cooperation-Moral-Systems/Results/Tables/precise/Contiguous_EA.cs
    > v not found)
(output written to /Users/brycewang/Documents/GitHub/top5-Econ-Paper-Replicatio
> ns/QJE2019-Kinship-Cooperation-Moral-Systems/Results/Tables/precise/Contiguou
> s_EA.csv)

. restore

. 
. 
. 
end of do-file
EA/Table_5 rc=0

==== EA/Table_11 (precise)

. use "Data_programs/Data/EAShort.dta", clear

. 
. 
. * Table 11
. 
. eststo clear

. eststo: qui reg s_ln_popd kinship_score, cluster(cluster)
(est1 stored)

. eststo: qui reg s_ln_popd kinship_score small_scale $controls_history cont_*,
>  cluster(cluster)
(est2 stored)

. eststo: qui reg s_settlement_patterns kinship_score, cluster(cluster)
(est3 stored)

. eststo: qui reg s_settlement_patterns kinship_score small_scale $controls_his
> tory cont_*, cluster(cluster)
(est4 stored)

. eststo: qui reg s_size_community kinship_score, cluster(cluster)
(est5 stored)

. eststo: qui reg s_size_community kinship_score small_scale $controls_history 
> cont_*, cluster(cluster)
(est6 stored)

. esttab_precise using Source_files/Tables/Development_EA.tex, booktabs nonotes
>  replace compress  label nomtitles indicate("Continent FE=*cont*" "Log [\# of
>  years since obs.]=ln_time_obs_ea")  drop(_cons  $controls_history_drop) se(2
> ) b(a2) r2(2)  star(* 0.10 ** 0.05 *** 0.01) prehead("{\begin{tabular}{l*{6}{
> c}}\toprule\toprule&\multicolumn{6}{c}{\textit{Dependent variable:}}\\[.1cm] 
> &  \multicolumn{2}{c}{Log [1+ Population} &\multicolumn{2}{c}{Complexity} &\m
> ulticolumn{2}{c}{Size of}\\ &\multicolumn{2}{c}{density]} & \multicolumn{2}{c
> }{settlements} & \multicolumn{2}{c}{community}\\\cmidrule(lr){2-3}\cmidrule(l
> r){4-5}\cmidrule(lr){6-7}")
(file
    /Users/brycewang/Documents/GitHub/top5-Econ-Paper-Replications/QJE2019-Ki
    > nship-Cooperation-Moral-Systems/Results/Tables/precise/Development_EA.c
    > sv not found)
(output written to /Users/brycewang/Documents/GitHub/top5-Econ-Paper-Replicatio
> ns/QJE2019-Kinship-Cooperation-Moral-Systems/Results/Tables/precise/Developme
> nt_EA.csv)

. 
. 
end of do-file
EA/Table_11 rc=0

==== Country/Tables_6_7_9_10 (precise)

. use "Data_programs/Data/CountryData.dta", clear

. 
. 
. * Table 6
. 
. eststo clear

. eststo: qui reg s_diff_trust_out_in kinship_score, ro
(est1 stored)

. eststo: qui reg s_diff_trust_out_in kinship_score cont_* $controls_country, r
> o
(est2 stored)

. eststo: qui reg s_diff_trust_family kinship_score, ro
(est3 stored)

. eststo: qui reg s_diff_trust_family kinship_score cont_* $controls_country, r
> o
(est4 stored)

. 
. preserve

. use "Data_programs/Data/WVS_EA_Ind.dta", clear

. eststo: qui reg s_diff_trust_out_in kinship_score dum_country* i.wave, cl(gro
> up)
(est5 stored)

. eststo: qui reg s_diff_trust_out_in kinship_score dum_country* i.wave $contro
> ls_ind $controls_ethnic, cl(group)
(est6 stored)

. eststo: qui reg s_diff_trust_family kinship_score dum_country* i.wave, cl(gro
> up)
(est7 stored)

. eststo: qui reg s_diff_trust_family kinship_score dum_country* i.wave $contro
> ls_ind $controls_ethnic, cl(group)
(est8 stored)

. 
. esttab_precise using Source_files/Tables/Trust.tex, booktabs nonotes replace 
> compress  label nomtitles indicate("Country-level controls=ln_time_obs_ea" "C
> ontinent FE=*cont*" "Country FE=*dum_*" "Wave FE=*wave*" "Individual-level co
> ntrols=female" "Ethnicity-level controls=ln_time_obs_ea_e")  drop(_cons $cont
> rols_country_drop $controls_ind_drop $controls_ethnic_drop) se(2) b(a2) r2(2)
>   star(* 0.10 ** 0.05 *** 0.01) prehead("{\begin{tabular}{l*{8}{c}}\toprule\t
> oprule Variation is across:& \multicolumn{4}{c}{Countries} &\multicolumn{4}{c
> }{Ethnic groups (WVS)}\\\cmidrule(lr){2-5}\cmidrule(lr){6-9}\\ &\multicolumn{
> 8}{c}{\textit{Dependent variable:}}\\ &\multicolumn{8}{c}{$\Delta$ Trust in:}
> \\\cmidrule(lr){2-9} &\multicolumn{2}{c}{In- vs. out-group} &\multicolumn{2}{
> c}{Family vs. others} &\multicolumn{2}{c}{In- vs. out-group} &\multicolumn{2}
> {c}{Family vs. others}   \\\cmidrule(lr){2-3}\cmidrule(lr){4-5}\cmidrule(lr){
> 6-7}\cmidrule(lr){8-9}")
(file
    /Users/brycewang/Documents/GitHub/top5-Econ-Paper-Replications/QJE2019-Ki
    > nship-Cooperation-Moral-Systems/Results/Tables/precise/Trust.csv not
    found)
(output written to /Users/brycewang/Documents/GitHub/top5-Econ-Paper-Replicatio
> ns/QJE2019-Kinship-Cooperation-Moral-Systems/Results/Tables/precise/Trust.csv
> )

. restore

. 
. 
. 
. 
. 
. * Table 7
. 
. eststo clear

. eststo: qui reg s_religion_hell kinship_score, ro
(est1 stored)

. eststo: qui reg s_religion_hell kinship_score s_religion_god, ro
(est2 stored)

. eststo: qui reg s_religion_hell kinship_score $controls_country s_religion_go
> d, ro
(est3 stored)

. eststo: qui reg s_religion_hell kinship_score cont_* $controls_country s_reli
> gion_god, ro
(est4 stored)

. 
. preserve

. use "Data_programs/Data/WVS_EA_Ind.dta", clear

. eststo: qui reg s_religion_hell kinship_score dum_country* i.wave, cl(group)
(est5 stored)

. eststo: qui reg s_religion_hell kinship_score dum_country* i.wave s_religion_
> god, cl(group)
(est6 stored)

. eststo: qui reg s_religion_hell kinship_score dum_country* i.wave $controls_i
> nd s_religion_god, cl(group)
(est7 stored)

. eststo: qui reg s_religion_hell kinship_score dum_country* i.wave $controls_i
> nd $controls_ethnic s_religion_god, cl(group)
(est8 stored)

. 
. esttab_precise using Source_files/Tables/Religion.tex, booktabs nonotes repla
> ce compress  label nomtitles indicate("Country-level controls=ln_time_obs_ea"
>  "Continent FE=*cont*" "Country FE=*dum_*" "Wave FE=*wave*" "Individual-level
>  controls=female" "Ethnicity-level controls=ln_time_obs_ea_e")  drop(_cons $c
> ontrols_country_drop $controls_ind_drop $controls_ethnic_drop) se(2) b(a2) r2
> (2)  star(* 0.10 ** 0.05 *** 0.01) prehead("{\begin{tabular}{l*{8}{c}}\toprul
> e\toprule Variation is across:& \multicolumn{4}{c}{Countries} &\multicolumn{4
> }{c}{Ethnic groups (WVS)}\\\cmidrule(lr){2-5}\cmidrule(lr){6-9}\\ &\multicolu
> mn{8}{c}{\textit{Dependent variable:}}\\ &\multicolumn{8}{c}{Belief in hell}\
> \\cmidrule(lr){2-9}")
(file
    /Users/brycewang/Documents/GitHub/top5-Econ-Paper-Replications/QJE2019-Ki
    > nship-Cooperation-Moral-Systems/Results/Tables/precise/Religion.csv not
    found)
(output written to /Users/brycewang/Documents/GitHub/top5-Econ-Paper-Replicatio
> ns/QJE2019-Kinship-Cooperation-Moral-Systems/Results/Tables/precise/Religion.
> csv)

. restore

. 
. 
. 
. 
. * Table 9
. 
. eststo clear

. preserve

. use "Data_programs/Data/ISEAR_Ind.dta", clear
(Written by R.              )

. eststo: qui reg s_disgust kinship_score, cluster(isocode)
(est1 stored)

. eststo: qui reg s_disgust kinship_score $controls_ind, cluster(isocode)
(est2 stored)

. eststo: qui reg s_disgust kinship_score $controls_ind $controls_country, clus
> ter(isocode)
(est3 stored)

. eststo: qui reg s_diff_shame_guilt_overall kinship_score, cluster(isocode)
(est4 stored)

. eststo: qui reg s_diff_shame_guilt_overall kinship_score $controls_ind, clust
> er(isocode)
(est5 stored)

. eststo: qui reg s_diff_shame_guilt_overall kinship_score $controls_ind $contr
> ols_country, cluster(isocode)
(est6 stored)

. restore

. preserve

. use "Data_programs/Data/GTrends.dta", clear

. eststo: qui reg s_diff_shame_guilt kinship_score i.lang, cl(isocode)
(est7 stored)

. eststo: qui reg s_diff_shame_guilt kinship_score i.lang $controls_country, cl
> (isocode)
(est8 stored)

. restore

. esttab_precise using Source_files/Tables/Shame.tex, booktabs nonotes replace 
> compress  label nomtitles rename() indicate("Individual-level controls=female
> " "Country-level controls=ln_time_obs_ea" "Language FE=*lang*")  drop(_cons $
> controls_ind_drop $controls_country_drop) se(2) b(a2) r2(2)  star(* 0.10 ** 0
> .05 *** 0.01) prehead("{\begin{tabular}{l*{8}{c}}\toprule\toprule&\multicolum
> n{8}{c}{\textit{Dependent variable:}}\\[.1cm] & \multicolumn{3}{c}{Disgust} &
> \multicolumn{5}{c}{$\Delta$ [Shame -- guilt]}\\\cmidrule(lr){2-4}\cmidrule(lr
> ){5-9} &\multicolumn{3}{c}{ISEAR (self-reports)} &\multicolumn{3}{c}{ISEAR (s
> elf-reports)} &\multicolumn{2}{c}{Google searches} \\\cmidrule(lr){2-4}\cmidr
> ule(lr){5-7}\cmidrule(lr){8-9}")
(file
    /Users/brycewang/Documents/GitHub/top5-Econ-Paper-Replications/QJE2019-Ki
    > nship-Cooperation-Moral-Systems/Results/Tables/precise/Shame.csv not
    found)
(output written to /Users/brycewang/Documents/GitHub/top5-Econ-Paper-Replicatio
> ns/QJE2019-Kinship-Cooperation-Moral-Systems/Results/Tables/precise/Shame.csv
> )

. 
. 
. 
. 
. * Table 10
. 
. * Please note that the individual-level GPS data cannot be shared because of 
> a license agreement with Gallup that prohibits the sharing of information on 
> country of birth
. * The individual-level data on punishment can be downloaded from https://www.
> briq-institute.org/global-preferences/home
. * These can be merged with the country of origin kinship tightness score if a
>  Gallup World Poll license is available
. * Columns (4)--(6) can then be replicated
. 
. eststo clear

. eststo: qui reg s_gps_punish_revenge kinship_score, ro
(est1 stored)

. eststo: qui reg s_gps_punish_revenge kinship_score $controls_country, ro
(est2 stored)

. eststo: qui reg s_gps_punish_revenge kinship_score cont_* $controls_country, 
> ro
(est3 stored)

. 
. preserve

. *eststo: qui reg s_punish_revenge corigin_kinship_score dum_country*, cl(isoc
> ode_past)
. *eststo: qui reg s_punish_revenge corigin_kinship_score dum_country* $control
> s_ind, cl(isocode_past)
. *eststo: qui reg s_punish_revenge corigin_kinship_score dum_country* $control
> s_ind $controls_country_migrant, cl(isocode_past)
. 
. *esttab_precise using Source_files/Tables/GPS_punish.tex, booktabs nonotes re
> place compress rename(kinship_score corigin_kinship_score) label nomtitles in
> dicate("Country-level controls=ln_time_obs_ea" "Continent FE=*cont*" "Country
>  FE=*dum_*" "Individual-level controls=female" "Country of origin controls=co
> rigin_ln_time_obs_ea")  drop(_cons $controls_country_drop $controls_ind_drop 
> $controls_country_migrant_drop) se(2) b(a2) r2(2)  star(* 0.10 ** 0.05 *** 0.
> 01) prehead("{\begin{tabular}{l*{6}{c}}\toprule\toprule Variation is across:&
>  \multicolumn{3}{c}{Countries} &\multicolumn{3}{c}{Migrants (GPS)}\\\cmidrule
> (lr){2-4}\cmidrule(lr){5-7}\\ &\multicolumn{6}{c}{\textit{Dependent variable:
> }}\\ & \multicolumn{6}{c}{$\Delta$ Willingness to punish [Revenge vs. Altruis
> tic]}\\\cmidrule(lr){2-7}")
. restore

. 
. 
. 
. 
. 
. 
. 
. 
. 
. 
. 
. 
. 
. 
end of do-file
Country/Tables_6_7_9_10 rc=0
(file
    /Users/brycewang/Documents/GitHub/top5-Econ-Paper-Replications/QJE2019-Ki
    > nship-Cooperation-Moral-Systems/Results/Tables/precise/GPS_punish_cols1
    > _3.csv not found)
(output written to /Users/brycewang/Documents/GitHub/top5-Econ-Paper-Replicatio
> ns/QJE2019-Kinship-Cooperation-Moral-Systems/Results/Tables/precise/GPS_punis
> h_cols1_3.csv)

==== MFQ/Table_8 (precise)

. use "Data_programs/Data/MFQ_Ind.dta", clear

. 
. 
. 
. * Table 8
. eststo clear

. eststo: qui reg s_mfq_loyalty corigin_kinship_score dum_country* i.year $cont
> rols_ind $controls_country_migrant, cl(isocode_past)
(est1 stored)

. eststo: qui reg s_mfq_rights corigin_kinship_score dum_country* i.year $contr
> ols_ind $controls_country_migrant, cl(isocode_past)
(est2 stored)

. eststo: qui reg s_values_uniform corigin_kinship_score dum_country* i.year, c
> l(isocode_past)
(est3 stored)

. eststo: qui reg s_values_uniform corigin_kinship_score dum_country* i.year $c
> ontrols_ind $controls_country_migrant, cl(isocode_past)
(est4 stored)

. eststo: qui reg s_mfq_disgusting corigin_kinship_score dum_country* i.year, c
> l(isocode_past)
(est5 stored)

. eststo: qui reg s_mfq_disgusting corigin_kinship_score dum_country* i.year $c
> ontrols_ind $controls_country_migrant, cl(isocode_past)
(est6 stored)

. eststo: qui reg s_mfq_decency corigin_kinship_score dum_country* i.year, cl(i
> socode_past)
(est7 stored)

. eststo: qui reg s_mfq_decency corigin_kinship_score dum_country* i.year $cont
> rols_ind $controls_country_migrant, cl(isocode_past)
(est8 stored)

. esttab_precise using Source_files/Tables/Moral_values.tex, booktabs nonotes r
> eplace compress  label nomtitles indicate("Country FE=*dum_country*" "Year FE
> =*year" "Individual-level controls=female" "Country of origin controls=corigi
> n_ln_time_obs_ea")  drop(_cons $controls_ind_drop $controls_country_migrant_d
> rop) se(2) b(a2) r2(2)  star(* 0.10 ** 0.05 *** 0.01) prehead("{\begin{tabula
> r}{l*{8}{c}}\toprule\toprule &\multicolumn{4}{c}{Communal vs. universal value
> s} & \multicolumn{4}{c}{Disgust}\\\cmidrule(lr){2-5}\cmidrule(lr){6-9}\\ &\mu
> lticolumn{8}{c}{\textit{Dependent variable:}}\\[.1cm] & \multicolumn{8}{c}{Mo
> ral relevance of:}\\\cmidrule(lr){2-9} &\multicolumn{1}{c}{Loyalty}& \multico
> lumn{1}{c}{Rights} &\multicolumn{2}{c}{$\Delta$ [Comm. -- universal]} &\multi
> column{2}{c}{Disgust} & \multicolumn{2}{c}{Purity}\\\cmidrule(lr){2-2}\cmidru
> le(lr){3-3}\cmidrule(lr){4-5}\cmidrule(lr){6-7}\cmidrule(lr){8-9}")
(file
    /Users/brycewang/Documents/GitHub/top5-Econ-Paper-Replications/QJE2019-Ki
    > nship-Cooperation-Moral-Systems/Results/Tables/precise/Moral_values.csv
    not found)
(output written to /Users/brycewang/Documents/GitHub/top5-Econ-Paper-Replicatio
> ns/QJE2019-Kinship-Cooperation-Moral-Systems/Results/Tables/precise/Moral_val
> ues.csv)

. 
. 
. 
. 
. 
end of do-file
MFQ/Table_8 rc=0

. 
. log close prec
      name:  prec
       log:  /Users/brycewang/Documents/GitHub/top5-Econ-Paper-Replications/QJE
> 2019-Kinship-Cooperation-Moral-Systems/Results/run_precise.log
  log type:  text
 closed on:  16 Sep 2026, 22:54:46
-------------------------------------------------------------------------------
