-------------------------------------------------------------------------------
      name:  steplogsmcl
       log:  /Users/brycewang/Documents/GitHub/top5-Econ-Paper-Replications/QJE
> 2019-Minimum-Wages-Low-Wage-Jobs/Results/logs/Appendix_Figure_F1_Table_F1_row
> s_3_4_5.log
  log type:  text
 opened on:  17 Sep 2026, 06:01:38

. clear

. 
. local timevar quarterdate

. 
. use  statenum quarterdate pop using "${data}state_panels_with3quant1979.dta",
>  clear

. cap drop tagger

. egen tagger = tag(statenum quarterdate)

. keep if tagger
(899,232 observations deleted)

. keep statenum quarterdate pop 

. tempfile pop

. save `pop'
file /var/folders/bm/2cq1vtmd5wg6k0vdjfpvbmww0000gn/T//St47970.000001 saved
    as .dta format

. 
. local k 15

. use "${data}data_appendix_real.dta", clear

. merge m:1 statenum quarterdate using `pop', nogenerate keep(3) assert(2 3)

    Result                      Number of obs
    -----------------------------------------
    Not matched                             0
    Matched                            28,768  
    -----------------------------------------

. 
.         g under`k' = wagebins<`k'*100

.         bys statenum `timevar' under`k':   g firstob_`k' = _n==1

.  
. foreach j in count rw_count admincount {
  2.                 egen `j'_under`k' = total(`j') if under`k'==1, by(under`k'
>  statenum `timevar')
  3. }
(14,880 missing values generated)
(14,880 missing values generated)
(14,880 missing values generated)

. keep if wagebins>(`k'*100)-26 &  wagebins<(`k'*100)-24 
(28,520 observations deleted)

. 
. 
. xtset statenum quarterdate

Panel variable: statenum (unbalanced)
 Time variable: quarterdate, 120 to 223
         Delta: 1 unit

. foreach j in count_under`k' rw_count_under`k' admincount_under`k' pop {
  2.         forval num = 1(1)4{
  3.                 gen L`num'`j' = L`num'.`j' 
  4.         }
  5. }
(3 missing values generated)
(6 missing values generated)
(9 missing values generated)
(12 missing values generated)
(3 missing values generated)
(6 missing values generated)
(9 missing values generated)
(12 missing values generated)
(3 missing values generated)
(6 missing values generated)
(9 missing values generated)
(12 missing values generated)
(3 missing values generated)
(6 missing values generated)
(9 missing values generated)
(12 missing values generated)

. *
. foreach j in count_under`k' rw_count_under`k' admincount_under`k' pop  {
  2.         forval num = 0(1)19{
  3.                 gen F`num'`j' = F`num'.`j' 
  4.         }
  5. }
(3 missing values generated)
(6 missing values generated)
(9 missing values generated)
(12 missing values generated)
(15 missing values generated)
(18 missing values generated)
(21 missing values generated)
(24 missing values generated)
(27 missing values generated)
(30 missing values generated)
(33 missing values generated)
(36 missing values generated)
(39 missing values generated)
(42 missing values generated)
(45 missing values generated)
(48 missing values generated)
(51 missing values generated)
(54 missing values generated)
(57 missing values generated)
(3 missing values generated)
(6 missing values generated)
(9 missing values generated)
(12 missing values generated)
(15 missing values generated)
(18 missing values generated)
(21 missing values generated)
(24 missing values generated)
(27 missing values generated)
(30 missing values generated)
(33 missing values generated)
(36 missing values generated)
(39 missing values generated)
(42 missing values generated)
(45 missing values generated)
(48 missing values generated)
(51 missing values generated)
(54 missing values generated)
(57 missing values generated)
(3 missing values generated)
(6 missing values generated)
(9 missing values generated)
(12 missing values generated)
(15 missing values generated)
(18 missing values generated)
(21 missing values generated)
(24 missing values generated)
(27 missing values generated)
(30 missing values generated)
(33 missing values generated)
(36 missing values generated)
(39 missing values generated)
(42 missing values generated)
(45 missing values generated)
(48 missing values generated)
(51 missing values generated)
(54 missing values generated)
(57 missing values generated)
(3 missing values generated)
(6 missing values generated)
(9 missing values generated)
(12 missing values generated)
(15 missing values generated)
(18 missing values generated)
(21 missing values generated)
(24 missing values generated)
(27 missing values generated)
(30 missing values generated)
(33 missing values generated)
(36 missing values generated)
(39 missing values generated)
(42 missing values generated)
(45 missing values generated)
(48 missing values generated)
(51 missing values generated)
(54 missing values generated)
(57 missing values generated)

. *
. 
. foreach j in count_under`k' rw_count_under`k' admincount_under`k' pop{
  2. gen post4qtr`j' = F0`j'/4 
  3. gen post20qtr`j' = F0`j'/20 
  4. gen pre4qtr`j' = L1`j' /4
  5. 
. foreach num of numlist 1(1)3{
  6. replace post4qtr`j' =  post4qtr`j' + ( F`num'`j' / 4)
  7. }
  8. foreach num of numlist 1(1)19{
  9. replace post20qtr`j' =  post20qtr`j' + ( F`num'`j' / 20)
 10. }
 11. foreach num of numlist 2(1)4{
 12. replace pre4qtr`j' =  pre4qtr`j'  + ( L`num'`j' / 4)
 13. }
 14. 
. }
(3 missing values generated)
(248 real changes made, 3 to missing)
(245 real changes made, 3 to missing)
(242 real changes made, 3 to missing)
(248 real changes made, 3 to missing)
(245 real changes made, 3 to missing)
(242 real changes made, 3 to missing)
(239 real changes made, 3 to missing)
(236 real changes made, 3 to missing)
(233 real changes made, 3 to missing)
(230 real changes made, 3 to missing)
(227 real changes made, 3 to missing)
(224 real changes made, 3 to missing)
(221 real changes made, 3 to missing)
(218 real changes made, 3 to missing)
(215 real changes made, 3 to missing)
(212 real changes made, 3 to missing)
(209 real changes made, 3 to missing)
(206 real changes made, 3 to missing)
(203 real changes made, 3 to missing)
(200 real changes made, 3 to missing)
(197 real changes made, 3 to missing)
(194 real changes made, 3 to missing)
(245 real changes made, 3 to missing)
(242 real changes made, 3 to missing)
(239 real changes made, 3 to missing)
(3 missing values generated)
(248 real changes made, 3 to missing)
(245 real changes made, 3 to missing)
(242 real changes made, 3 to missing)
(248 real changes made, 3 to missing)
(245 real changes made, 3 to missing)
(242 real changes made, 3 to missing)
(239 real changes made, 3 to missing)
(236 real changes made, 3 to missing)
(233 real changes made, 3 to missing)
(230 real changes made, 3 to missing)
(227 real changes made, 3 to missing)
(224 real changes made, 3 to missing)
(221 real changes made, 3 to missing)
(218 real changes made, 3 to missing)
(215 real changes made, 3 to missing)
(212 real changes made, 3 to missing)
(209 real changes made, 3 to missing)
(206 real changes made, 3 to missing)
(203 real changes made, 3 to missing)
(200 real changes made, 3 to missing)
(197 real changes made, 3 to missing)
(194 real changes made, 3 to missing)
(245 real changes made, 3 to missing)
(242 real changes made, 3 to missing)
(239 real changes made, 3 to missing)
(3 missing values generated)
(248 real changes made, 3 to missing)
(245 real changes made, 3 to missing)
(242 real changes made, 3 to missing)
(248 real changes made, 3 to missing)
(245 real changes made, 3 to missing)
(242 real changes made, 3 to missing)
(239 real changes made, 3 to missing)
(236 real changes made, 3 to missing)
(233 real changes made, 3 to missing)
(230 real changes made, 3 to missing)
(227 real changes made, 3 to missing)
(224 real changes made, 3 to missing)
(221 real changes made, 3 to missing)
(218 real changes made, 3 to missing)
(215 real changes made, 3 to missing)
(212 real changes made, 3 to missing)
(209 real changes made, 3 to missing)
(206 real changes made, 3 to missing)
(203 real changes made, 3 to missing)
(200 real changes made, 3 to missing)
(197 real changes made, 3 to missing)
(194 real changes made, 3 to missing)
(245 real changes made, 3 to missing)
(242 real changes made, 3 to missing)
(239 real changes made, 3 to missing)
(3 missing values generated)
(248 real changes made, 3 to missing)
(245 real changes made, 3 to missing)
(242 real changes made, 3 to missing)
(248 real changes made, 3 to missing)
(245 real changes made, 3 to missing)
(242 real changes made, 3 to missing)
(239 real changes made, 3 to missing)
(236 real changes made, 3 to missing)
(233 real changes made, 3 to missing)
(230 real changes made, 3 to missing)
(227 real changes made, 3 to missing)
(224 real changes made, 3 to missing)
(221 real changes made, 3 to missing)
(218 real changes made, 3 to missing)
(215 real changes made, 3 to missing)
(212 real changes made, 3 to missing)
(209 real changes made, 3 to missing)
(206 real changes made, 3 to missing)
(203 real changes made, 3 to missing)
(200 real changes made, 3 to missing)
(197 real changes made, 3 to missing)
(194 real changes made, 3 to missing)
(245 real changes made, 3 to missing)
(242 real changes made, 3 to missing)
(239 real changes made, 3 to missing)

. *
. 
. foreach j in count rw_count admincount {
  2. gen post4qtr`j'_pop = post4qtr`j'_under`k' / post4qtrpop 
  3. gen post20qtr`j'_pop = post20qtr`j'_under`k' / post20qtrpop 
  4. gen pre4qtr`j'_pop =  pre4qtr`j'_under`k' / pre4qtrpop 
  5. 
. }
(9 missing values generated)
(57 missing values generated)
(12 missing values generated)
(9 missing values generated)
(57 missing values generated)
(12 missing values generated)
(9 missing values generated)
(57 missing values generated)
(12 missing values generated)

. 
. foreach j in count rw_count admincount {
  2.         g post20mpre4`j'_pop = post20qtr`j'_pop - pre4qtr`j'_pop
  3. }
(69 missing values generated)
(69 missing values generated)
(69 missing values generated)

. *
. 
. 
. 
. 
. *20 post-4pre
. 
. reg post20mpre4admincount_pop post20mpre4count_pop 

      Source |       SS           df       MS      Number of obs   =       179
-------------+----------------------------------   F(1, 177)       =     85.64
       Model |   .01428011         1   .01428011   Prob > F        =    0.0000
    Residual |  .029515364       177  .000166753   R-squared       =    0.3261
-------------+----------------------------------   Adj R-squared   =    0.3223
       Total |  .043795473       178  .000246042   Root MSE        =    .01291

------------------------------------------------------------------------------
post20mpre.. | Coefficient  Std. err.      t    P>|t|     [95% conf. interval]
-------------+----------------------------------------------------------------
p~4count_pop |   .5641472   .0609627     9.25   0.000     .4438399    .6844544
       _cons |  -.0024099   .0010816    -2.23   0.027    -.0045443   -.0002755
------------------------------------------------------------------------------

. local text1: di %04.3f _b[post20mpre4count_pop]

. di "`text1'"
0.564

. local text2: di %04.3f `e(r2_a)'

. di "`text2'"
0.322

. 
. cap drop diff

. gen diff = (post20mpre4admincount_pop-post20mpre4count_pop)^2
(69 missing values generated)

. sum diff, meanonly

. local text3: di %04.3fc r(mean)

. di "`text3'"
0.000

. 
. local text4: di %04.3f e(rmse)^2

. di "`text4'"
0.000

. 
. twoway (scatter post20mpre4admincount_pop post20mpre4count_pop ) (lfit post20
> mpre4admincount_pop post20mpre4count_pop , lwidth(thick) ) (function y=x, ran
> ge(-0.1 0.1) lcolor(black) lwidth(medthick) lpattern(dash)) , graphregion(col
> or(white)) ///
> ytitle("Administrative data") xtitle("CPS-Raw") xlabel(-0.1(0.05)0.1 0 "0", f
> ormat(%03.2fc))  ylabel(-0.1(0.05)0.1 0 "0", format(%03.2fc))  text(0.09 -0.0
> 85  "R{superscript:2} = `text2'" "Slope = `text1'", justification(right) box 
>  fcolor(white) margin(0.2 0.2 1 1)) ///
> /*note("The slope of the line is `text1'. Mean of the squared difference betw
> een CPS-Raw and Admin is `text3'." "Observations with hourly wages equal to o
> r larger than $15 are excluded." ///
> /*"Regression MSE is `text4'."*/)  title("20postqtr-4preqtr, 2016$")*/ legend
> (order(2 "Fitted line" 3 "45-degree line")) 

. gr export "${figures}FigureF1_b.pdf", replace
file
    /Users/brycewang/Documents/GitHub/top5-Econ-Paper-Replications/QJE2019-Mi
    > nimum-Wages-Low-Wage-Jobs/Results/Figures/FigureF1_b.pdf saved as PDF
    format

. 
. reg  post20mpre4admincount_pop post20mpre4rw_count_pop

      Source |       SS           df       MS      Number of obs   =       179
-------------+----------------------------------   F(1, 177)       =    321.12
       Model |  .028233352         1  .028233352   Prob > F        =    0.0000
    Residual |  .015562122       177  .000087922   R-squared       =    0.6447
-------------+----------------------------------   Adj R-squared   =    0.6427
       Total |  .043795473       178  .000246042   Root MSE        =    .00938

------------------------------------------------------------------------------
post20mpre.. | Coefficient  Std. err.      t    P>|t|     [95% conf. interval]
-------------+----------------------------------------------------------------
post20mpre.. |   .7782665   .0434305    17.92   0.000     .6925582    .8639747
       _cons |  -.0013616   .0007666    -1.78   0.077    -.0028744    .0001511
------------------------------------------------------------------------------

. local text1: di %04.3f _b[post20mpre4rw_count_pop]

. di "`text1'"
0.778

. local text2: di %04.3f `e(r2_a)'

. di "`text2'"
0.643

. 
. 
. cap drop diff

. gen diff = (post20mpre4admincount_pop-post20mpre4rw_count_pop)^2
(69 missing values generated)

. sum diff, meanonly

. local text3: di %04.3fc r(mean)

. di "`text3'"
0.000

. 
. local text4: di %04.3f e(rmse)^2

. di "`text4'"
0.000

. 
. 
. twoway (scatter  post20mpre4admincount_pop post20mpre4rw_count_pop) (lfit  po
> st20mpre4admincount_pop post20mpre4rw_count_pop, lwidth(thick) ) (function y=
> x, range(-0.1 0.1) lcolor(black) lwidth(medthick) lpattern(dash))  , graphreg
> ion(color(white))  ///
> ytitle("Admin data") xtitle("QCEW-benchmarked CPS") xlabel(-0.1(0.05)0.1 0 "0
> ", format(%03.2fc))  ylabel(-0.1(0.05)0.1 0 "0", format(%03.2fc)) text(0.09 -
> 0.085  "R{superscript:2} = `text2'" "Slope = `text1'", justification(right)  
> box  fcolor(white) margin(0.2 0.2 1 1)) ///
> /*note("The slope of the line is `text1'. Mean of the squared difference betw
> een QCEW-adj. CPS and Admin is `text3'." "Observations with hourly wages equa
> l to or larger than $15 are excluded."  ///
> /*"Regression MSE is `text4'."*/) title("20postqtr-4preqtr, 2016$")*/ legend(
> order(2 "Fitted line" 3 "45-degree line")) 

. gr export "${figures}FigureF1_a.pdf", replace
file
    /Users/brycewang/Documents/GitHub/top5-Econ-Paper-Replications/QJE2019-Mi
    > nimum-Wages-Low-Wage-Jobs/Results/Figures/FigureF1_a.pdf saved as PDF
    format

. 
. 
. 
. 
. 
. 
. 
. 
. *For table
. cap drop one

. gen one = 1

. reg one

      Source |       SS           df       MS      Number of obs   =       248
-------------+----------------------------------   F(0, 247)       =      0.00
       Model |           0         0           .   Prob > F        =         .
    Residual |           0       247           0   R-squared       =         .
-------------+----------------------------------   Adj R-squared   =         .
       Total |           0       247           0   Root MSE        =         0

------------------------------------------------------------------------------
         one | Coefficient  Std. err.      t    P>|t|     [95% conf. interval]
-------------+----------------------------------------------------------------
       _cons |          1          .        .       .            .           .
------------------------------------------------------------------------------

. cap drop diff

. gen diff = (post4qtradmincount_pop-post4qtrcount_pop)^2
(9 missing values generated)

. sum diff, meanonly

. local CPSraw_post4=  r(mean)

. 
. cap drop diff

. gen diff = (post4qtradmincount_pop-post4qtrrw_count_pop)^2
(9 missing values generated)

. sum diff, meanonly

. local CPSadj_post4=  r(mean)

. 
. local temp: di %04.3f `CPSraw_post4'/`CPSadj_post4'

. estadd local _4qtr "`temp'"

added macro:
              e(_4qtr) : "7.212"

. di "`temp'"
7.212

. 
. cap drop diff

. gen diff = (post20qtradmincount_pop-post20qtrcount_pop)^2
(57 missing values generated)

. sum diff, meanonly

. local CPSraw_post20=  r(mean)

. 
. cap drop diff

. gen diff = (post20qtradmincount_pop-post20qtrrw_count_pop)^2
(57 missing values generated)

. sum diff, meanonly

. local CPSadj_post20=  r(mean)

. 
. local temp: di %04.3f `CPSraw_post20'/`CPSadj_post20'

. estadd local _20qtr "`temp'"

added macro:
             e(_20qtr) : "7.394"

. 
. cap drop diff

. gen diff = (post20mpre4admincount_pop-post20mpre4count_pop)^2
(69 missing values generated)

. sum diff, meanonly

. local CPSraw_post20_4=  r(mean)

. 
. cap drop diff

. gen diff = (post20mpre4admincount_pop-post20mpre4rw_count_pop)^2
(69 missing values generated)

. sum diff, meanonly

. local CPSadj_post20_4=  r(mean)

. 
. local temp: di %04.3f `CPSraw_post20_4'/`CPSadj_post20_4'

. estadd local _20_4qtr "`temp'"

added macro:
           e(_20_4qtr) : "2.141"

. eststo foo

. 
. 
. local appendorreplace append

. local stats stats(_4qtr blankspace _20qtr blankspace _20_4qtr , labels("4 qua
> rters, Aggregated, $<$ \\\$ 15" " " "20 quarters, Aggregated, $<$ \\\$ 15" " 
> "  "20 post-quarters \ - 4 pre- quarters, Aggregated, $<$ \\\$ 15"  ))

. 
. 
. esttab foo ///
> using "${tables}TableF1_cols3_4_5.tex", ///
> `appendorreplace' `stats' `mgroups' ///
> nodep nogaps cells(none) noobs nonumbers fragment booktabs nodepvar nomtitles
>   nolines
(file
    /Users/brycewang/Documents/GitHub/top5-Econ-Paper-Replications/QJE2019-Mi
    > nimum-Wages-Low-Wage-Jobs/Results/Tables/TableF1_cols3_4_5.tex not
    found)
(output written to /Users/brycewang/Documents/GitHub/top5-Econ-Paper-Replicatio
> ns/QJE2019-Minimum-Wages-Low-Wage-Jobs/Results/Tables/TableF1_cols3_4_5.tex)

. 
. 
end of do-file
