-------------------------------------------------------------------------------
      name:  steplogsmcl
       log:  /Users/brycewang/Documents/GitHub/top5-Econ-Paper-Replications/QJE
> 2019-Minimum-Wages-Low-Wage-Jobs/Results/logs/Appendix_Figure_F5.log
  log type:  text
 opened on:  17 Sep 2026, 20:26:20

. 
. *This do file is created by DC on 05/11/2018.
. *****************************************************************************
> ***
. ****************         QCEW vs. CPS-ORG Employment              ***********
> ***
. *****************************************************************************
> ***
. 
. 
. use "${data}cpiursai1977-2016.dta", clear

. *Dropping an empty column and column that calculates yearly average (simple)
. drop v14 avg

. reshape long month, i(year) j(m)
(j = 1 2 3 4 5 6 7 8 9 10 11 12)

Data                               Wide   ->   Long
-----------------------------------------------------------------------------
Number of observations               40   ->   480         
Number of variables                  13   ->   3           
j variable (12 values)                    ->   m
xij variables:
              month1 month2 ... month12   ->   month
-----------------------------------------------------------------------------

. rename month cpi

. rename m month

. keep if year >= 1979
(24 observations deleted)

. *If base year needs to be changed, use here.
. local baseyear=2016

. sum cpi if year == `baseyear', meanonly

. local cpibase = r(mean)

. replace cpi = 100 * cpi / `cpibase'
(456 real changes made)

. gen monthdate = ym(year,month)

. gen quarterdate = qofd(dofm(monthdate))

. collapse cpi, by(quarterdate)

. tempfile cpiquarter

. save `cpiquarter'
file /var/folders/bm/2cq1vtmd5wg6k0vdjfpvbmww0000gn/T//St27390.000001 saved
    as .dta format

. 
. 
. use "${data}VZmw_quarterly_lagsleads_1979_2016.dta",clear

. merge m:1 quarterdate using `cpiquarter', nogenerate assert(3)
(variable quarterdate was int, now float to accommodate using data's values)

    Result                      Number of obs
    -----------------------------------------
    Not matched                             0
    Matched                             7,752  
    -----------------------------------------

. 
. cap drop _merge

. 
. 
. xtset statenum quarterdate      

Panel variable: statenum (strongly balanced)
 Time variable: quarterdate, 1979q1 to 2016q4
         Delta: 1 quarter

. 
. 
. g MW = exp(logmw) 

. g DMW = D.MW
(51 missing values generated)

. g MW_real = exp(logmw)/(cpi/100) 

. g DMW_real = D.MW_real 
(51 missing values generated)

. 
. g MW_realM25 = MW_real - mod(MW_real,0.25)

. g DMW_realM25 = D.MW_realM25
(51 missing values generated)

. 
. tempfile mw_data

. save `mw_data'
file /var/folders/bm/2cq1vtmd5wg6k0vdjfpvbmww0000gn/T//St27390.000002 saved
    as .dta format

. 
. 
. 
. use statenum quarterdate population using "${data}state_panels_cents_balanced
> _add_QJE.dta", clear

. egen tagger = tag(statenum quarterdate)

. keep if tagger
(899,232 observations deleted)

. drop tagger

. tempfile pop

. save `pop'
file /var/folders/bm/2cq1vtmd5wg6k0vdjfpvbmww0000gn/T//St27390.000003 saved
    as .dta format

. 
. 
. use "${data}totransfer.dta", clear

. 
. keep month state age marital race sex esr ethnic uhours earnhr uearnwk earnwt
>  ///
> uhourse paidhre earnhre earnwke I25a I25b I25c I25d year lfsr89 lfsr94 staten
> um ///
> orgwt monthdate quarterdate quarter division region censusnum stfips gradeat 
> gradecp ihigrdc ///
> grade92 unioncov unionmme hourslw class class94 smsa80 smsa93 smsa04 smsastat

. 
.  
. cap drop mlr

. gen mlr = .
(12,266,167 missing values generated)

. replace mlr = esr if year >= 1979 & year <= 1988
(3,461,003 real changes made)

. replace mlr = lfsr89 if year >= 1989 & year <= 1993
(1,655,162 real changes made)

. replace mlr = lfsr94 if year >= 1994
(7,111,889 real changes made)

. 
. gen emp = mlr == 1 | mlr == 2 if mlr ~= .
(38,113 missing values generated)

. 
. replace earnwt = earnwt/3
(12,232,426 real changes made)

. collapse (sum) emp [iw=earnwt], by(statenum quarterdate)

. 
. rename emp CPS_emp

. merge 1:1 statenum quarterdate using "${data}qcew_multiplier.dta", assert(3) 
> nogenerate
(variable quarterdate was int, now float to accommodate using data's values)

    Result                      Number of obs
    -----------------------------------------
    Not matched                             0
    Matched                             7,752  
    -----------------------------------------

. rename emp qcew_emp

. merge 1:1 statenum quarterdate using "`pop'", assert(3) nogenerate

    Result                      Number of obs
    -----------------------------------------
    Not matched                             0
    Matched                             7,752  
    -----------------------------------------

. rename population totalpopulation

. merge 1:1 statenum quarterdate using "${data}eventclassification.dta", assert
> (1 3) nogenerate

    Result                      Number of obs
    -----------------------------------------
    Not matched                         7,236
        from master                     7,236  
        from using                          0  

    Matched                               516  
    -----------------------------------------

. merge 1:1 statenum quarterdate using `mw_data', assert(2 3) nogenerate keep(3
> )

    Result                      Number of obs
    -----------------------------------------
    Not matched                             0
    Matched                             7,752  
    -----------------------------------------

. replace overallcountgroup = 0 if overallcountgroup==.
(7,383 real changes made)

. assert overallcountgroup!=0 if alltreat==1 & toosmall==0

. sum overallcountgroup,meanonly

. local upperquant = r(max)

. 
. 
. gen qcew_cps_epop = (qcew_emp-CPS_emp)/totalpopulation

. 
. xtset statenum quarterdate

Panel variable: statenum (strongly balanced)
 Time variable: quarterdate, 76 to 227
         Delta: 1 unit

. 
. 
.         cap drop treat 

.         cap drop _treat

.         g _treat_p=0

.                 replace _treat = 1 if overallcountgroup>0 & fedincrease!=1
(138 real changes made)

.          g treat = ( _treat +  L._treat + L2._treat + L3._treat)
(153 missing values generated)

.         cap drop _treat

. 
. 
. cap drop  Dtreat

. g Dtreat = D.treat
(204 missing values generated)

. 
. cap drop _cont

. g _cont = 0

. replace _cont = 1 if ($missedevents | toosmall==1) 
(255 real changes made)

. g tempcont = _cont + L._cont + L2._cont + L3._cont
(153 missing values generated)

. 
. local Tmax3 = 16 + 3

. forval i = 0(1)`Tmax3'{
  2.         if `i' == 0{
  3.         g postcont = _cont
  4.         }
  5.         else {
  6.         replace postcont = postcont + L`i'._cont
  7.         sum postcont, meanonly
  8.         assert r(mean)!=0
  9.         }
 10. }
(306 real changes made, 51 to missing)
(305 real changes made, 51 to missing)
(305 real changes made, 51 to missing)
(303 real changes made, 51 to missing)
(303 real changes made, 51 to missing)
(302 real changes made, 51 to missing)
(302 real changes made, 51 to missing)
(294 real changes made, 51 to missing)
(294 real changes made, 51 to missing)
(294 real changes made, 51 to missing)
(294 real changes made, 51 to missing)
(284 real changes made, 51 to missing)
(284 real changes made, 51 to missing)
(284 real changes made, 51 to missing)
(284 real changes made, 51 to missing)
(274 real changes made, 51 to missing)
(274 real changes made, 51 to missing)
(274 real changes made, 51 to missing)
(274 real changes made, 51 to missing)

. cap drop _cont

. 
. 
. cap drop _contf

. cap drop postcontf

. 
. g _contf = 0

. replace _contf = 1 if (fedincrease==1 &  overallcountgroup>0 )
(231 real changes made)

. g tempcontf = _contf + L._contf + L2._contf + L3._contf
(153 missing values generated)

. 
. local Tmax3 = 16 + 3

. forval i = 0(1)`Tmax3'{
  2.         if `i' == 0{
  3.         g postcontf = _contf
  4. 
.         }
  5.         else {
  6.         replace postcontf = postcontf + L`i'._contf
  7.         sum postcontf, meanonly
  8.         assert r(mean)!=0
  9.         }
 10. }
(282 real changes made, 51 to missing)
(282 real changes made, 51 to missing)
(282 real changes made, 51 to missing)
(282 real changes made, 51 to missing)
(282 real changes made, 51 to missing)
(282 real changes made, 51 to missing)
(282 real changes made, 51 to missing)
(282 real changes made, 51 to missing)
(282 real changes made, 51 to missing)
(282 real changes made, 51 to missing)
(282 real changes made, 51 to missing)
(282 real changes made, 51 to missing)
(282 real changes made, 51 to missing)
(282 real changes made, 51 to missing)
(282 real changes made, 51 to missing)
(282 real changes made, 51 to missing)
(282 real changes made, 51 to missing)
(282 real changes made, 51 to missing)
(282 real changes made, 51 to missing)

. cap drop _contf

. 
. g precontf = F4.tempcontf
(204 missing values generated)

. g precont = F4.tempcont
(204 missing values generated)

. 
. replace precontf = 0 if precontf == .
(204 real changes made)

. replace precont = 0 if precont  == .
(204 real changes made)

. 
. 
. g earlycontf = F12.tempcontf + F8.tempcontf
(612 missing values generated)

. g earlycont = F12.tempcont + F8.tempcont
(612 missing values generated)

. 
. replace earlycontf = 0 if earlycontf == .
(612 real changes made)

. replace earlycont = 0 if earlycont  == .
(612 real changes made)

. 
. 
. 
. foreach j of numlist 4(4)16{
  2.                 cap drop F`j'treat
  3.                 cap drop L`j'treat
  4.                 
.                 g F`j'treat = F`j'.treat
  5.                 g L`j'treat = L`j'.treat
  6.                 
.                 replace F`j'treat = 0 if F`j'treat ==.
  7.                 replace L`j'treat = 0 if L`j'treat ==.
  8.                 
. 
.         }
(204 missing values generated)
(357 missing values generated)
(204 real changes made)
(357 real changes made)
(408 missing values generated)
(561 missing values generated)
(408 real changes made)
(561 real changes made)
(612 missing values generated)
(765 missing values generated)
(612 real changes made)
(765 real changes made)
(816 missing values generated)
(969 missing values generated)
(816 real changes made)
(969 real changes made)

. *
. 
. replace postcont = 0 if postcont == .
(969 real changes made)

. replace postcontf = 1 if postcontf == .
(969 real changes made)

. 
. 
. g cleansample = 1

. replace cleansample = 0 if quarterdate >=136 & quarterdate <=142
(357 real changes made)

. 
. egen avetotalpopulation = mean(totalpopulation) , by(statenum)

. 
. 
. 
. *Note that we do not use most of these either, yet I keep this global in case
>  it is needed.
. 
. global a1  i.statenum i.quarterdate  // TWFE

. 
. *****************************************************************************
> ***
. **************       Define Treatments         ******************************
> ***
. *****************************************************************************
> ***
. *To keep all as flexible as possible, I am adding lincom too.
. 
. global treat            F12treat F8treat F4treat treat  L4treat L8treat L12tr
> eat L16treat 

. 
. *global minus 0
. global minus (F4treat)

. global lincomagg        (treat-$minus)

. forval i = 4(4)16{
  2. global lincomagg "$lincomagg + (L`i'treat - $minus ) "
  3. }

. *
. 
. global label1 TWFE

. global grlabel1 TWFE

. 
. 
. 
. *****************************************************************************
> ***
. ***************       The Regressions ***************************************
> ***
. *****************************************************************************
> ***                
.                 
. 
. 
. gen all=1

. 
. tempfile temptemp

. save `temptemp', replace        
(file /var/folders/bm/2cq1vtmd5wg6k0vdjfpvbmww0000gn/T//St27390.000004 not
    found)
file /var/folders/bm/2cq1vtmd5wg6k0vdjfpvbmww0000gn/T//St27390.000004 saved
    as .dta format

. 
. local regsample ""

. local graphname "o"

. global weight2 [aw=totalpopulation]

. global weight1 [aw=countall]

. global weight0 [aw=all] 

. local ylabel "ylabel( , labsize(medium))" 

. 
. 
. *To get semi elasticity, get rid of denominator.
.                         local counter = 0

. foreach b in   1979   {
  2.         foreach w in 2   {
  3.                 foreach s in  1 {
  4.                 use `temptemp', clear
  5.                                 *Directly from the main tables.
.                                 sum DMW_real if fedincrease!=1 & overallcount
> gr>0 & year>=`b' & cleansample ==1   ${weight`w'}
  6.                                 local mwc = r(mean)
  7.                                 sum MW_real if  F.fedincrease!=1 & F.overa
> llcountgr>0 & year>=`b' & cleansample ==1   ${weight`w'}
  8.                                 local mw = r(mean)
  9.                                 local mwpc = `mwc'/`mw'
 10.                                 local mwpc2 : di  %04.3f `mwpc'
 11. 
.                                 global E = 1
 12.                                 
.                                 
.                         qui reghdfe qcew_cps_epop $treat if  year>=`b' & clea
> nsample==1 ${weight`w'} , absorb( ${a`s'} postcont postcontf  precont precont
> f earlycont earlycontf ) cluster(statenum)
 13.                         sum qcew_cps_epop if e(sample)==1 ${weight`w'}
 14.                         local mean_depvar: di %04.3f r(mean)
 15.                         sum quarterdate if e(sample)==1
 16.                         estadd local begquarter = r(min)
 17.                         estadd local endquarter = r(max)
 18. 
.                         local dof = e(df_r)
 19. 
.                         lincom (($lincomagg) * (1/5))/${E}
 20.                         scalar b_`w'=r(estimate)
 21.                         scalar sest_`w'=r(se)
 22.                         scalar pst_`w' = ttail(r(df), r(estimate)/r(se))
 23. 
.                         
. *Figure                 
.                         
. local figcounter= 0
 24.                         foreach vv in F12treat F8treat F4treat treat  L4tr
> eat L8treat L12treat L16treat {
 25.                         local figcounter = `figcounter' +1
 26.                         local counter = `counter' + 1
 27.                         lincom (`vv' - F4treat) / $E
 28.                         if `counter' ==1{
 29.                         mat estimates = ( r(estimate), r(estimate) + 2*r(s
> e), r(estimate) - 2*r(se), `w', `s', 4*`figcounter' - 16 )
 30.                         }
 31.                         else{
 32.                         mat estimates = ( estimates \ r(estimate), r(estim
> ate) + 2*r(se), r(estimate) - 2*r(se), `w', `s', 4*`figcounter' - 16 )
 33.                         }
 34.                         }
 35.                         
.                         
.                         
.                         
.                         
.                         
.                         
.                         }
 36.                 }
 37.         }       

    Variable |     Obs      Weight        Mean   Std. dev.       Min        Max
-------------+-----------------------------------------------------------------
    DMW_real |     137   733548541    .7960962   .4012105   .2514448   2.193727

    Variable |     Obs      Weight        Mean   Std. dev.       Min        Max
-------------+-----------------------------------------------------------------
     MW_real |     189   990047289    7.859571   .9496312   6.075942   11.42869

    Variable |     Obs      Weight        Mean   Std. dev.       Min        Max
-------------+-----------------------------------------------------------------
qcew_cps_e~p |   7,242  2.9664e+10   -.0480574   .0475104   -.688907   .9241199

    Variable |        Obs        Mean    Std. dev.       Min        Max
-------------+---------------------------------------------------------
 quarterdate |      7,242    153.6901    43.94461         79        227

added macro:
         e(begquarter) : "79"

added macro:
         e(endquarter) : "227"

 ( 1)  - F4treat + .2*treat + .2*L4treat + .2*L8treat + .2*L12treat +
       .2*L16treat = 0

------------------------------------------------------------------------------
qcew_cps_e~p | Coefficient  Std. err.      t    P>|t|     [95% conf. interval]
-------------+----------------------------------------------------------------
         (1) |   .0000848   .0011234     0.08   0.940    -.0021716    .0023412
------------------------------------------------------------------------------

 ( 1)  F12treat - F4treat = 0

------------------------------------------------------------------------------
qcew_cps_e~p | Coefficient  Std. err.      t    P>|t|     [95% conf. interval]
-------------+----------------------------------------------------------------
         (1) |  -.0014935   .0015896    -0.94   0.352    -.0046864    .0016994
------------------------------------------------------------------------------

 ( 1)  F8treat - F4treat = 0

------------------------------------------------------------------------------
qcew_cps_e~p | Coefficient  Std. err.      t    P>|t|     [95% conf. interval]
-------------+----------------------------------------------------------------
         (1) |   .0017102   .0017993     0.95   0.346    -.0019038    .0053243
------------------------------------------------------------------------------

 ( 1) = 0

------------------------------------------------------------------------------
qcew_cps_e~p | Coefficient  Std. err.      t    P>|t|     [95% conf. interval]
-------------+----------------------------------------------------------------
         (1) |          0  (omitted)
------------------------------------------------------------------------------

 ( 1)  - F4treat + treat = 0

------------------------------------------------------------------------------
qcew_cps_e~p | Coefficient  Std. err.      t    P>|t|     [95% conf. interval]
-------------+----------------------------------------------------------------
         (1) |  -.0001493   .0020196    -0.07   0.941    -.0042058    .0039073
------------------------------------------------------------------------------

 ( 1)  - F4treat + L4treat = 0

------------------------------------------------------------------------------
qcew_cps_e~p | Coefficient  Std. err.      t    P>|t|     [95% conf. interval]
-------------+----------------------------------------------------------------
         (1) |    .001537   .0012012     1.28   0.207    -.0008757    .0039497
------------------------------------------------------------------------------

 ( 1)  - F4treat + L8treat = 0

------------------------------------------------------------------------------
qcew_cps_e~p | Coefficient  Std. err.      t    P>|t|     [95% conf. interval]
-------------+----------------------------------------------------------------
         (1) |   -.001786   .0018427    -0.97   0.337    -.0054872    .0019152
------------------------------------------------------------------------------

 ( 1)  - F4treat + L12treat = 0

------------------------------------------------------------------------------
qcew_cps_e~p | Coefficient  Std. err.      t    P>|t|     [95% conf. interval]
-------------+----------------------------------------------------------------
         (1) |   .0006258   .0017292     0.36   0.719    -.0028475     .004099
------------------------------------------------------------------------------

 ( 1)  - F4treat + L16treat = 0

------------------------------------------------------------------------------
qcew_cps_e~p | Coefficient  Std. err.      t    P>|t|     [95% conf. interval]
-------------+----------------------------------------------------------------
         (1) |   .0001966   .0017085     0.12   0.909     -.003235    .0036282
------------------------------------------------------------------------------

. *       
. svmat estimates

. tempfile temp

. save `temp'
file /var/folders/bm/2cq1vtmd5wg6k0vdjfpvbmww0000gn/T//St27390.000005 saved
    as .dta format

. 
.         
. global figlab1 TWFE     

. global figlab2 ST

. global figlab3 DP

. global figlab4 ST_DP

. 
.         foreach w in 2    {
  2.                 foreach s in  1 {
  3. 
. 
. use `temp', clear
  4. rename estimates1 estA
  5. rename estimates2 highA
  6. rename estimates3 lowA
  7. rename estimates4 weight
  8. rename estimates5 spec
  9. rename estimates6 time
 10. 
. 
. 
. keep if weight == `w'
 11. keep if spec == `s'
 12. 
.         
. 
.                                 twoway ( line estA time  , fcolor(blue) lcolo
> r(blue)  lwidth(thick) yline(0, lcolor(gs10) lwidth(vvthin)) xline(-4, lpatte
> rn(dash) lcolor(black) ) ) ///
>                                 (rcap lowA  highA time  , lwidth(thick) lcolo
> r(blue*1.25) )  ///
>                                 , scheme(s1color) xtitle("Years relative to t
> he minimum wage change", size(medsmall)) ///
>                                 ytitle("Employment rate difference between QC
> EW and CPS-ORG", height(5) axis(1) size(medsmall))  ///
>                                  ylabel(-0.04(0.01)0.04 0 "0", axis(1) labsiz
> e(medsmall) format(%03.2f)) yscale(titlegap(0) axis(1))  ///
>                                 /*xlabel(-12 "[-12,-9]" -8 "[-8,-5]" -4 "[-4,
> -1]" 0 "[0,3]" 4 "[4,7]" 8 "[8,11]" 12 "[12,15]" 16 "[16,19]", labsize(medsma
> ll)) */ ///
>                                 xlabel(-12 "-3" -8 "-2" -4 "-1" 0 "0" 4 "1" 8
>  "2" 12 "3" 16 "4", labsize(medsmall)) legend(off) /* ///
>                                 title("${label`s'}", size(medium) )  note("$b
> unchch" "$bunchelas" "$belowmasssh" "$abovemasssh"  /*"$elastest"*/, size(sma
> ll) color(blue)) ///
>                                 */
 13. 
.                         gr export "${figures}FigureF5.pdf", replace
 14.         }       
 15. }
(7,744 observations deleted)
(0 observations deleted)
file
    /Users/brycewang/Documents/GitHub/top5-Econ-Paper-Replications/QJE2019-Mi
    > nimum-Wages-Low-Wage-Jobs/Results/Figures/FigureF5.pdf saved as PDF
    format

. *
. 
. 
.         
. 
. 
end of do-file
