-------------------------------------------------------------------------------
      name:  steplogsmcl
       log:  /Users/brycewang/Documents/GitHub/top5-Econ-Paper-Replications/QJE
> 2019-Minimum-Wages-Low-Wage-Jobs/Results/logs/Appendix_Table_G5.log
  log type:  text
 opened on:  17 Sep 2026, 06:03:59

. 
. *This do file is created by DC on 03/25/2016
. 
. clear

. 
. capture program drop lincomestadd

. program define lincomestadd
  1. syntax anything, statname(name)
  2. 
. lincom `anything'
  3. local pvalue = 2*ttail(r(df), abs(r(estimate)/r(se)))
  4. assert `pvalue' ~= .
  5. 
. local b : di  %04.3f `r(estimate)'
  6. local se : di %04.3f `r(se)'
  7. 
. local stars ""
  8. if `pvalue' < 0.10 local stars *
  9. if `pvalue' < 0.05 local stars **
 10. if `pvalue' < 0.01 local stars ***
 11. local bstring `b'`stars'
 12. local sestring (`se')
 13. 
. estadd local `statname'b "`bstring'"
 14. estadd local `statname'se "`sestring'"
 15. 
. end

. 
. 
. 
. use "${data}qcew_multiplier.dta", clear

. keep statenum quarterdate multiplier

. assert multiplier!=0

. tempfile qcew

. save `qcew'
file /var/folders/bm/2cq1vtmd5wg6k0vdjfpvbmww0000gn/T//St48993.000001 saved
    as .dta format

. 
. use "${data}eventclassification.dta", clear

. gen year = year(dofq(quarterdate))

. cap drop treat

. gen treat = overallcountgr>0 & overallcountgr!=. & fedincrease!=1

. gen statetreat = alltreat if fedincrease!=1
(315 missing values generated)

. bys statenum: egen _temp =  max(treat) if year<1992
(314 missing values generated)

. bys statenum: egen temp =  max(_temp) 

. bys statenum: egen _temp2 =  max(treat) if year<1996
(307 missing values generated)

. bys statenum: egen temp2 =  max(_temp2) 

. *bys statenum: egen _temp2 =  max(statetreat) if year<1996
. *bys statenum: egen temp2 =  max(_temp2) 
. levelsof statenum if temp==1, local(temploc)
6 9 11 15 19 27 41 42 44 53 55

. levelsof statenum if temp2==1, local(temploc2)
6 9 11 15 19 27 34 41 42 44 53 55

. 
. 
. use "${data}VZmw_quarterly_lagsleads_1979_2016",clear

. gen mw = exp(logmw)

. gen year = year(dofq(quarterdate))

. gen quarter = quarter(dofq(quarterdate))

. collapse  mw, by(statenum year)

. 
. 
. xtset statenum year

Panel variable: statenum (strongly balanced)
 Time variable: year, 1979 to 2016
         Delta: 1 unit

. forvalues index = 1/5 {
  2.         foreach lagorlead in L F {
  3.                 gen `lagorlead'`index'logmw = log(`lagorlead'`index'.mw)
  4.         }
  5. }
(51 missing values generated)
(51 missing values generated)
(102 missing values generated)
(102 missing values generated)
(153 missing values generated)
(153 missing values generated)
(204 missing values generated)
(204 missing values generated)
(255 missing values generated)
(255 missing values generated)

. gen logmw = log(mw)

. *
. keep if year>=1979 & year<=2015
(51 observations deleted)

. bys year: egen fedmw = min(mw)

. xtset statenum year

Panel variable: statenum (strongly balanced)
 Time variable: year, 1979 to 2015
         Delta: 1 unit

. assert "`r(balanced)'" == "strongly balanced"

. keep year statenum logmw L*mw F*mw

. egen state_order = group(statenum)

. compress
  variable year was float now int
  variable state_order was float now byte
  (9,435 bytes saved)

. 
. tempfile mwdata

. save `mwdata'
file /var/folders/bm/2cq1vtmd5wg6k0vdjfpvbmww0000gn/T//St48993.000002 saved
    as .dta format

. 
. 
. 
. use "${data}state_panels_cents_balanced_add_QJE.dta", clear

. 
.                 merge m:1 statenum quarterdate using `qcew', assert(3) nogene
> rate

    Result                      Number of obs
    -----------------------------------------
    Not matched                             0
    Matched                           906,984  
    -----------------------------------------

.                 replace count = count * multiplier              
(710,139 real changes made)

.                 replace countall = countall * multiplier
(905,112 real changes made)

.                 
.                 
. 
. gen wagebindollar = floor(wagebin/100)

. drop wagebins

. rename wagebindollar wagebins

. 
.                 *************************************************************
> ***********
.                 **************          Ones that should be summed       ****
> ***********
.                 *************************************************************
> ***********
. 
.                 preserve 

.                         collapse (sum)  count, by(statenum quarterdate wagebi
> ns)

.                         tempfile tempsum

.                         save `tempsum'
file /var/folders/bm/2cq1vtmd5wg6k0vdjfpvbmww0000gn/T//St48993.000004 saved
    as .dta format

.                 restore

. 
.                 *************************************************************
> ***********
.                 ******        Ones that are already at statenumXquarterdate  
>  **********
.                 *************************************************************
> ***********
.                 
.                 preserve

.                         egen tagger=tag(statenum quarterdate)

.                         keep if tagger==1
(899,232 observations deleted)

.                         keep statenum quarterdate countall population year 

.                         tempfile temptag

.                         save `temptag'
file /var/folders/bm/2cq1vtmd5wg6k0vdjfpvbmww0000gn/T//St48993.000006 saved
    as .dta format

.                 restore

.                 
.                 
.                 *************************************************************
> ***********
.                 *********    Merge ave's and sum's      *********************
> ***********
.                 *************************************************************
> ***********
.                 
.                 use `tempsum', clear

. 
.                 reshape wide  count , i(statenum quarterdate) j(wagebin)
(j = 1 2 3 4 5 6 7 8 9 10 11 12 13 14 15 16 17 18 19 20 21 22 23 24 25 26 27 28
>  29 30)

Data                               Long   ->   Wide
-----------------------------------------------------------------------------
Number of observations          232,560   ->   7,752       
Number of variables                   4   ->   32          
j variable (30 values)         wagebins   ->   (dropped)
xij variables:
                                  count   ->   count1 count2 ... count30
-----------------------------------------------------------------------------

.                 merge 1:1 statenum quarterdate using `temptag', nogenerate as
> sert(3)

    Result                      Number of obs
    -----------------------------------------
    Not matched                             0
    Matched                             7,752  
    -----------------------------------------

. 
. 
.                 
. 
. *****************************************************************************
> ***
. ******************       Replicating previous results     *******************
> ***
. *****************************************************************************
> ***
. 
. 
. ds count*
count1    count5    count9    count13   count17   count21   count25   count29
count2    count6    count10   count14   count18   count22   count26   count30
count3    count7    count11   count15   count19   count23   count27   countall
count4    count8    count12   count16   count20   count24   count28

. collapse (mean) population `r(varlist)'  ,by(statenum year)

. merge 1:1 statenum year using `mwdata'

    Result                      Number of obs
    -----------------------------------------
    Not matched                            51
        from master                        51  (_merge==1)
        from using                          0  (_merge==2)

    Matched                             1,887  (_merge==3)
    -----------------------------------------

. 
. gen MW_increasers= 0

. foreach ll of local temploc{
  2. replace MW_increasers = 1 if statenum == `ll'
  3. }
(38 real changes made)
(38 real changes made)
(38 real changes made)
(38 real changes made)
(38 real changes made)
(38 real changes made)
(38 real changes made)
(38 real changes made)
(38 real changes made)
(38 real changes made)
(38 real changes made)

.         
. gen MW_increasers2= 0

. foreach ll of local temploc2{
  2. replace MW_increasers2 = 1 if statenum == `ll'
  3. }
(38 real changes made)
(38 real changes made)
(38 real changes made)
(38 real changes made)
(38 real changes made)
(38 real changes made)
(38 real changes made)
(38 real changes made)
(38 real changes made)
(38 real changes made)
(38 real changes made)
(38 real changes made)

.         
. rename population totalpopulation       

.         forval j = 1/30 { 
  2.         g lncount`j' = ln(count`j')
  3.         g percap`j' = count`j'/totalpopulation
  4.         
. }
(137 missing values generated)
(111 missing values generated)
(50 missing values generated)
(28 missing values generated)
(9 missing values generated)
(4 missing values generated)

. *
. 
. g epop    = countall/totalpopulation

. xtset statenum year

Panel variable: statenum (strongly balanced)
 Time variable: year, 1979 to 2016
         Delta: 1 unit

. gen base_epop = epop if year==1992
(1,887 missing values generated)

. bys statenum (year): egen sim_epop = max(base_epop) if year>=1992
(663 missing values generated)

. replace sim_epop = epop if year<1992
(663 real changes made)

. gen sim_epop4 = sim_epop 

. replace sim_epop4 = L.sim_epop4 * 0 if year>=1993
(1,224 real changes made)

. gen sim_epop5 = epop - sim_epop4

. 
. 
. g cleansample = 1

. replace cleansample = 0 if year >=1994 & year <=1995
(102 real changes made)

. 
. egen avetotalpopulation = mean(totalpopulation) , by(statenum)

. 
. 
. *Note that we do not use most of these either, yet I keep this global in case
>  it is needed.
. 
. global a1  i.statenum i.year  // TWFE

. 
. global fda1 i.year

. 
. *****************************************************************************
> ***
. **************       Define Treatments         ******************************
> ***
. *****************************************************************************
> ***
. *To keep all as flexible as possible, I am adding lincom too.
. 
. global treat            F2logmw F1logmw logmw L1logmw L2logmw L3logmw L4logmw
>  

. global lincom0          logmw 

. global lincom1          logmw + L1logmw 

. global lincom2          logmw + L1logmw + L2logmw 

. global lincom3          logmw + L1logmw + L2logmw + L3logmw 

. global lincom4          logmw + L1logmw + L2logmw + L3logmw + L4logmw 

. global lincomagg ((${lincom0} + ${lincom1} + ${lincom2} + ${lincom3} + ${linc
> om4}) * 1/5)

. global lincomm2         -F1logmw

. global lincomm3         -F1logmw-F2logmw

. global lincomm1         0

. 
. 
. 
. global treat_FD                         D.F2logmw D.F1logmw D.logmw D.L1logmw
>  D.L2logmw D.L3logmw D.L4logmw

. 
. global lincom0_FD D.logmw

. global lincom1_FD D.logmw + D.L1logmw

. global lincom2_FD D.logmw + D.L1logmw + D.L2logmw

. global lincom3_FD D.logmw + D.L1logmw + D.L2logmw + D.L3logmw

. global lincom4_FD D.logmw + D.L1logmw + D.L2logmw + D.L3logmw + D.L4logmw

. global lincomagg_FD ((${lincom0_FD} + ${lincom1_FD} + ${lincom2_FD} + ${linco
> m3_FD} + ${lincom4_FD}) * 1/5)

. 
. global lincomm2_FD      -D.F1logmw 

. global lincomm3_FD      -D.F1logmw -D.F2logmw 

. global lincomm1_FD      0

. 
. 
. global lincom0_inter D.logmw - D.F1logmw

. global lincom1_inter D.L1logmw - D.F1logmw

. global lincom2_inter D.L2logmw - D.F1logmw

. global lincom3_inter D.L3logmw  - D.F1logmw

. global lincom4_inter D.L4logmw  - D.F1logmw

. 
. global lincomm2_inter           D.F2logmw -D.F1logmw 

. global lincomm3_inter           -D.F1logmw 

. global lincomm1_inter           0

. global lincomagg_inter ((${lincom0_inter} + ${lincom1_inter} + ${lincom2_inte
> r} + ${lincom3_inter} + ${lincom4_inter}) * 1/5)

. 
. 
.         
. global label1 TWFE

. global grlabel1 TWFE

. global label2 ST

. global grlabel2 ST

. 
. 
. 
. *****************************************************************************
> ***
. ***************       The Regressions ***************************************
> ***
. *****************************************************************************
> ***                
.                 
. 
. 
. gen all=1

. xtset statenum year

Panel variable: statenum (strongly balanced)
 Time variable: year, 1979 to 2016
         Delta: 1 unit

. 
. tempfile temptemp

. save `temptemp', replace        
(file /var/folders/bm/2cq1vtmd5wg6k0vdjfpvbmww0000gn/T//St48993.000007 not
    found)
file /var/folders/bm/2cq1vtmd5wg6k0vdjfpvbmww0000gn/T//St48993.000007 saved
    as .dta format

. 
. local regsample ""

. local graphname "o"

. global weight1 [aw=avetotalpopulation]

. local ylabel `"ylabel(-0.3 "-0.3" -0.2 "-0.2" -0.1 "-0.1" 0 "0" 0.1 "0.1" , l
> absize(medium))"' 

. 
. local lags 4

. local leads 3

. 
. local b 1979

. foreach w in 1  {
  2.                 foreach s in 1 {
  3.                 sum epop if  year>=`b' & cleansample==1  ${weight`w'}
  4.                 local denominator = r(mean)
  5.                 use `temptemp', clear
  6. *Column 1
.                 *TWFE
.                         qui reghdfe epop $treat  if  year>=`b' & cleansample=
> =1 ${weight`w'} , absorb(${a`s'}) cluster(statenum)
  7.                         local dof = e(df_r)
  8.                         lincomestadd (${lincomagg})/`denominator', statnam
> e(ests)
  9.                         eststo actual_TWFE
 10.                         
.                         
.                         *FD
.                         reghdfe D.epop ${treat_FD} if  year>=`b' & cleansampl
> e==1   ${weight`w'}, a( ${fda`s'}  ) cluster(statenum)
 11.                         lincomestadd (${lincomagg_FD})/`denominator', stat
> name(ests)
 12.                         local dof = e(df_r)
 13.                         eststo actual_FD
 14.                         
. *Column 2                       
.                         *TWFE
.                         reghdfe epop $treat  if  year>=1993 & cleansample==1 
>  ${weight`w'} , absorb(${a`s'}) cluster(statenum)
 15.                         local dof = e(df_r)
 16.                         lincomestadd (${lincomagg})/`denominator', statnam
> e(ests)
 17.                         eststo post1990_TWFE
 18.                         
.                         
.                         *FD
.                         reghdfe D.epop ${treat_FD} if  year>=1993 & cleansamp
> le==1  ${weight`w'}, a( ${fda`s'}  ) cluster(statenum)
 19.                         lincomestadd (${lincomagg_FD})/`denominator', stat
> name(ests)
 20.                         local dof = e(df_r)
 21.                         eststo post1990_FD
 22. *Columns 3                              
.                         *TWFE
.                         reghdfe epop $treat  if  year>=`b' & cleansample==1 &
>  MW_increasers==0 ${weight`w'} , absorb(${a`s'}) cluster(statenum)
 23.                         local dof = e(df_r)
 24.                         lincomestadd (${lincomagg})/`denominator', statnam
> e(ests)
 25.                         eststo nonMWinc_TWFE
 26.                         
.                         
.                         *FD
.                         reghdfe D.epop ${treat_FD} if  year>=`b' & cleansampl
> e==1  & MW_increasers==0 ${weight`w'}, a( ${fda`s'}  ) cluster(statenum)
 27.                         lincomestadd (${lincomagg_FD})/`denominator', stat
> name(ests)
 28.                         local dof = e(df_r)
 29.                         eststo nonMWinc_FD
 30. 
. *Column 4                       
.                         *TWFE
.                         reghdfe sim_epop4 $treat  if  year>=1979 & cleansampl
> e==1 & MW_increasers==0 ${weight`w'} , absorb(${a`s'}) cluster(statenum)
 31.                         local dof = e(df_r)
 32.                         lincomestadd (${lincomagg})/`denominator', statnam
> e(ests)
 33.                         estadd local rho "0"
 34.                         eststo sim3_4_TWFE
 35.                         
.                         
.                         *FD
.                         reghdfe D.sim_epop4 ${treat_FD} if  year>=1979 & clea
> nsample==1  & MW_increasers==0 ${weight`w'}, a( ${fda`s'}  ) cluster(statenum
> )
 36.                         lincomestadd (${lincomagg_FD})/`denominator', stat
> name(ests)
 37.                         local dof = e(df_r)
 38.                         estadd local rho "0"
 39.                         eststo sim3_4_FD
 40. 
. 
.                         
. *Column 5                       
.                         *TWFE
.                         reghdfe sim_epop5 $treat  if  year>=1979 & cleansampl
> e==1 & MW_increasers==0 ${weight`w'} , absorb(${a`s'}) cluster(statenum)
 41.                         local dof = e(df_r)
 42.                         lincomestadd (${lincomagg})/`denominator', statnam
> e(ests)
 43.                         estadd local rho "0"
 44.                         eststo sim3_anti4_TWFE
 45.                         
.                         
.                         *FD
.                         reghdfe D.sim_epop5 ${treat_FD} if  year>=1979 & clea
> nsample==1  & MW_increasers==0 ${weight`w'}, a( ${fda`s'}  ) cluster(statenum
> )
 46.                         lincomestadd (${lincomagg_FD})/`denominator', stat
> name(ests)
 47.                         local dof = e(df_r)
 48.                         estadd local rho "0"
 49.                         eststo sim3_anti4_FD
 50.                         
.                         
.                         
. *Column 6                       
.                         *TWFE
.                         reghdfe sim_epop4 $treat  if  year>=1979 & cleansampl
> e==1 & MW_increasers2==0 ${weight`w'} , absorb(${a`s'}) cluster(statenum)
 51.                         local dof = e(df_r)
 52.                         lincomestadd (${lincomagg})/`denominator', statnam
> e(ests)
 53.                         eststo sim3_5_TWFE
 54.                         
.                         
.                         *FD
.                         reghdfe D.sim_epop4 ${treat_FD} if  year>=1979 & clea
> nsample==1  & MW_increasers2==0 ${weight`w'}, a( ${fda`s'}  ) cluster(statenu
> m)
 55.                         lincomestadd (${lincomagg_FD})/`denominator', stat
> name(ests)
 56.                         local dof = e(df_r)
 57.                         estadd local rho "0"
 58.                         eststo sim3_5_FD
 59. 
.         
.                         
.                 }
 60.         }       

    Variable |     Obs      Weight        Mean   Std. dev.       Min        Max
-------------+-----------------------------------------------------------------
        epop |   1,836  7.4707e+09    .5627277    .059521   .3797893   1.540421

 ( 1)  1.777059*logmw + 1.421647*L1logmw + 1.066235*L2logmw + .7108234*L3logmw
       + .3554117*L4logmw = 0

------------------------------------------------------------------------------
        epop | Coefficient  Std. err.      t    P>|t|     [95% conf. interval]
-------------+----------------------------------------------------------------
         (1) |  -.0893859   .0253407    -3.53   0.001    -.1402841   -.0384876
------------------------------------------------------------------------------

added macro:
              e(estsb) : "-0.089***"

added macro:
             e(estsse) : "(0.025)"
(MWFE estimator converged in 1 iterations)

HDFE Linear regression                            Number of obs   =      1,479
Absorbing 1 HDFE group                            F(   7,     50) =       1.07
Statistics robust to heteroskedasticity           Prob > F        =     0.3984
                                                  R-squared       =     0.5995
                                                  Adj R-squared   =     0.5898
                                                  Within R-sq.    =     0.0217
Number of clusters (statenum) =         51        Root MSE        =     0.0082

                              (Std. err. adjusted for 51 clusters in statenum)
------------------------------------------------------------------------------
             |               Robust
      D.epop | Coefficient  std. err.      t    P>|t|     [95% conf. interval]
-------------+----------------------------------------------------------------
     F2logmw |
         D1. |   .0168181    .009697     1.73   0.089    -.0026589     .036295
             |
     F1logmw |
         D1. |   .0116703   .0095866     1.22   0.229     -.007585    .0309256
             |
       logmw |
         D1. |    .023739   .0164825     1.44   0.156     -.009367     .056845
             |
     L1logmw |
         D1. |  -.0009501   .0060159    -0.16   0.875    -.0130335    .0111332
             |
     L2logmw |
         D1. |  -.0078101   .0052975    -1.47   0.147    -.0184504    .0028301
             |
     L3logmw |
         D1. |   .0023494    .007769     0.30   0.764     -.013255    .0179538
             |
     L4logmw |
         D1. |  -.0099675   .0088166    -1.13   0.264    -.0276762    .0077411
             |
       _cons |  -.0002276   .0010777    -0.21   0.834    -.0023922    .0019371
------------------------------------------------------------------------------

Absorbed degrees of freedom:
-----------------------------------------------------+
 Absorbed FE | Categories  - Redundant  = Num. Coefs |
-------------+---------------------------------------|
        year |        29           0          29     |
-----------------------------------------------------+

 ( 1)  1.777059*D.logmw + 1.421647*D.L1logmw + 1.066235*D.L2logmw +
       .7108234*D.L3logmw + .3554117*D.L4logmw = 0

------------------------------------------------------------------------------
      D.epop | Coefficient  Std. err.      t    P>|t|     [95% conf. interval]
-------------+----------------------------------------------------------------
         (1) |   .0306349   .0306107     1.00   0.322    -.0308484    .0921182
------------------------------------------------------------------------------

added macro:
              e(estsb) : "0.031"

added macro:
             e(estsse) : "(0.031)"
(MWFE estimator converged in 2 iterations)

HDFE Linear regression                            Number of obs   =      1,020
Absorbing 2 HDFE groups                           F(   7,     50) =       1.05
Statistics robust to heteroskedasticity           Prob > F        =     0.4113
                                                  R-squared       =     0.9414
                                                  Adj R-squared   =     0.9367
                                                  Within R-sq.    =     0.0028
Number of clusters (statenum) =         51        Root MSE        =     0.0148

                              (Std. err. adjusted for 51 clusters in statenum)
------------------------------------------------------------------------------
             |               Robust
        epop | Coefficient  std. err.      t    P>|t|     [95% conf. interval]
-------------+----------------------------------------------------------------
     F2logmw |    .006972   .0205752     0.34   0.736    -.0343546    .0482986
     F1logmw |   .0072614   .0109446     0.66   0.510    -.0147215    .0292442
       logmw |   .0013217   .0098641     0.13   0.894    -.0184909    .0211344
     L1logmw |  -.0133491   .0069104    -1.93   0.059     -.027229    .0005308
     L2logmw |   -.001306   .0112535    -0.12   0.908    -.0239092    .0212972
     L3logmw |   .0059493   .0100108     0.59   0.555    -.0141579    .0260565
     L4logmw |   .0049849   .0189104     0.26   0.793    -.0329977    .0429675
       _cons |   .5546366     .08314     6.67   0.000     .3876449    .7216282
------------------------------------------------------------------------------

Absorbed degrees of freedom:
-----------------------------------------------------+
 Absorbed FE | Categories  - Redundant  = Num. Coefs |
-------------+---------------------------------------|
    statenum |        51          51           0    *|
        year |        20           1          19     |
-----------------------------------------------------+
* = FE nested within cluster; treated as redundant for DoF computation

 ( 1)  1.777059*logmw + 1.421647*L1logmw + 1.066235*L2logmw + .7108234*L3logmw
       + .3554117*L4logmw = 0

------------------------------------------------------------------------------
        epop | Coefficient  Std. err.      t    P>|t|     [95% conf. interval]
-------------+----------------------------------------------------------------
         (1) |  -.0120208    .027002    -0.45   0.658     -.066256    .0422143
------------------------------------------------------------------------------

added macro:
              e(estsb) : "-0.012"

added macro:
             e(estsse) : "(0.027)"
(MWFE estimator converged in 1 iterations)

HDFE Linear regression                            Number of obs   =      1,020
Absorbing 1 HDFE group                            F(   7,     50) =       0.67
Statistics robust to heteroskedasticity           Prob > F        =     0.6988
                                                  R-squared       =     0.6543
                                                  Adj R-squared   =     0.6452
                                                  Within R-sq.    =     0.0191
Number of clusters (statenum) =         51        Root MSE        =     0.0070

                              (Std. err. adjusted for 51 clusters in statenum)
------------------------------------------------------------------------------
             |               Robust
      D.epop | Coefficient  std. err.      t    P>|t|     [95% conf. interval]
-------------+----------------------------------------------------------------
     F2logmw |
         D1. |   .0207095   .0138048     1.50   0.140    -.0070182    .0484372
             |
     F1logmw |
         D1. |   .0059913   .0087247     0.69   0.495    -.0115329    .0235154
             |
       logmw |
         D1. |    .010426    .008807     1.18   0.242    -.0072634    .0281155
             |
     L1logmw |
         D1. |  -.0082059   .0049986    -1.64   0.107    -.0182459     .001834
             |
     L2logmw |
         D1. |   .0056159    .010834     0.52   0.606    -.0161447    .0273765
             |
     L3logmw |
         D1. |   .0115265   .0126313     0.91   0.366    -.0138441    .0368972
             |
     L4logmw |
         D1. |   .0007626    .004471     0.17   0.865    -.0082177    .0097429
             |
       _cons |  -.0024288   .0014273    -1.70   0.095    -.0052956    .0004381
------------------------------------------------------------------------------

Absorbed degrees of freedom:
-----------------------------------------------------+
 Absorbed FE | Categories  - Redundant  = Num. Coefs |
-------------+---------------------------------------|
        year |        20           0          20     |
-----------------------------------------------------+

 ( 1)  1.777059*D.logmw + 1.421647*D.L1logmw + 1.066235*D.L2logmw +
       .7108234*D.L3logmw + .3554117*D.L4logmw = 0

------------------------------------------------------------------------------
      D.epop | Coefficient  Std. err.      t    P>|t|     [95% conf. interval]
-------------+----------------------------------------------------------------
         (1) |    .021314   .0303171     0.70   0.485    -.0395797    .0822076
------------------------------------------------------------------------------

added macro:
              e(estsb) : "0.021"

added macro:
             e(estsse) : "(0.030)"
(MWFE estimator converged in 2 iterations)

HDFE Linear regression                            Number of obs   =      1,200
Absorbing 2 HDFE groups                           F(   7,     39) =       1.77
Statistics robust to heteroskedasticity           Prob > F        =     0.1210
                                                  R-squared       =     0.8254
                                                  Adj R-squared   =     0.8137
                                                  Within R-sq.    =     0.0315
Number of clusters (statenum) =         40        Root MSE        =     0.0198

                              (Std. err. adjusted for 40 clusters in statenum)
------------------------------------------------------------------------------
             |               Robust
        epop | Coefficient  std. err.      t    P>|t|     [95% conf. interval]
-------------+----------------------------------------------------------------
     F2logmw |  -.0269468   .0190821    -1.41   0.166     -.065544    .0116503
     F1logmw |   -.005471   .0103052    -0.53   0.599    -.0263152    .0153732
       logmw |  -.0189485   .0094153    -2.01   0.051    -.0379927    .0000958
     L1logmw |  -.0178458   .0092314    -1.93   0.061    -.0365181    .0008266
     L2logmw |  -.0301788   .0115757    -2.61   0.013     -.053593   -.0067647
     L3logmw |  -.0138171   .0098001    -1.41   0.166    -.0336396    .0060055
     L4logmw |  -.0150607   .0300757    -0.50   0.619    -.0758947    .0457732
       _cons |   .7651477   .0843472     9.07   0.000     .5945395     .935756
------------------------------------------------------------------------------

Absorbed degrees of freedom:
-----------------------------------------------------+
 Absorbed FE | Categories  - Redundant  = Num. Coefs |
-------------+---------------------------------------|
    statenum |        40          40           0    *|
        year |        30           1          29     |
-----------------------------------------------------+
* = FE nested within cluster; treated as redundant for DoF computation

 ( 1)  1.777059*logmw + 1.421647*L1logmw + 1.066235*L2logmw + .7108234*L3logmw
       + .3554117*L4logmw = 0

------------------------------------------------------------------------------
        epop | Coefficient  Std. err.      t    P>|t|     [95% conf. interval]
-------------+----------------------------------------------------------------
         (1) |   -.106395   .0370443    -2.87   0.007    -.1813241   -.0314658
------------------------------------------------------------------------------

added macro:
              e(estsb) : "-0.106***"

added macro:
             e(estsse) : "(0.037)"
(MWFE estimator converged in 1 iterations)

HDFE Linear regression                            Number of obs   =      1,160
Absorbing 1 HDFE group                            F(   7,     39) =       2.00
Statistics robust to heteroskedasticity           Prob > F        =     0.0805
                                                  R-squared       =     0.6080
                                                  Adj R-squared   =     0.5958
                                                  Within R-sq.    =     0.0074
Number of clusters (statenum) =         40        Root MSE        =     0.0079

                              (Std. err. adjusted for 40 clusters in statenum)
------------------------------------------------------------------------------
             |               Robust
      D.epop | Coefficient  std. err.      t    P>|t|     [95% conf. interval]
-------------+----------------------------------------------------------------
     F2logmw |
         D1. |   .0034793   .0096212     0.36   0.720    -.0159815      .02294
             |
     F1logmw |
         D1. |  -.0038313   .0055639    -0.69   0.495    -.0150853    .0074227
             |
       logmw |
         D1. |   .0036023   .0082885     0.43   0.666    -.0131628    .0203673
             |
     L1logmw |
         D1. |  -.0099616   .0048526    -2.05   0.047     -.019777   -.0001463
             |
     L2logmw |
         D1. |  -.0182975   .0080449    -2.27   0.029    -.0345698   -.0020253
             |
     L3logmw |
         D1. |  -.0094071   .0071091    -1.32   0.193    -.0237866    .0049724
             |
     L4logmw |
         D1. |   .0002987   .0054385     0.05   0.956    -.0107017    .0112992
             |
       _cons |   .0017075   .0006745     2.53   0.015     .0003433    .0030718
------------------------------------------------------------------------------

Absorbed degrees of freedom:
-----------------------------------------------------+
 Absorbed FE | Categories  - Redundant  = Num. Coefs |
-------------+---------------------------------------|
        year |        29           0          29     |
-----------------------------------------------------+

 ( 1)  1.777059*D.logmw + 1.421647*D.L1logmw + 1.066235*D.L2logmw +
       .7108234*D.L3logmw + .3554117*D.L4logmw = 0

------------------------------------------------------------------------------
      D.epop | Coefficient  Std. err.      t    P>|t|     [95% conf. interval]
-------------+----------------------------------------------------------------
         (1) |  -.0338506   .0211421    -1.60   0.117    -.0766145    .0089134
------------------------------------------------------------------------------

added macro:
              e(estsb) : "-0.034"

added macro:
             e(estsse) : "(0.021)"
(MWFE estimator converged in 2 iterations)

HDFE Linear regression                            Number of obs   =      1,200
Absorbing 2 HDFE groups                           F(   7,     39) =       2.51
Statistics robust to heteroskedasticity           Prob > F        =     0.0311
                                                  R-squared       =     0.9938
                                                  Adj R-squared   =     0.9934
                                                  Within R-sq.    =     0.0355
Number of clusters (statenum) =         40        Root MSE        =     0.0210

                              (Std. err. adjusted for 40 clusters in statenum)
------------------------------------------------------------------------------
             |               Robust
   sim_epop4 | Coefficient  std. err.      t    P>|t|     [95% conf. interval]
-------------+----------------------------------------------------------------
     F2logmw |  -.0498234   .0303268    -1.64   0.108    -.1111652    .0115184
     F1logmw |   .0056943   .0124297     0.46   0.649    -.0194471    .0308357
       logmw |  -.0179458   .0088879    -2.02   0.050    -.0359232    .0000317
     L1logmw |  -.0107848   .0069535    -1.55   0.129    -.0248497      .00328
     L2logmw |   -.020969   .0104476    -2.01   0.052    -.0421013    .0001633
     L3logmw |  -.0038296   .0053912    -0.71   0.482    -.0147343    .0070752
     L4logmw |  -.0523783   .0288604    -1.81   0.077     -.110754    .0059974
       _cons |   .4161067   .1090138     3.82   0.000     .1956055     .636608
------------------------------------------------------------------------------

Absorbed degrees of freedom:
-----------------------------------------------------+
 Absorbed FE | Categories  - Redundant  = Num. Coefs |
-------------+---------------------------------------|
    statenum |        40          40           0    *|
        year |        30           1          29     |
-----------------------------------------------------+
* = FE nested within cluster; treated as redundant for DoF computation

 ( 1)  1.777059*logmw + 1.421647*L1logmw + 1.066235*L2logmw + .7108234*L3logmw
       + .3554117*L4logmw = 0

------------------------------------------------------------------------------
   sim_epop4 | Coefficient  Std. err.      t    P>|t|     [95% conf. interval]
-------------+----------------------------------------------------------------
         (1) |  -.0909188   .0411751    -2.21   0.033    -.1742032   -.0076343
------------------------------------------------------------------------------

added macro:
              e(estsb) : "-0.091**"

added macro:
             e(estsse) : "(0.041)"

added macro:
                e(rho) : "0"
(MWFE estimator converged in 1 iterations)

HDFE Linear regression                            Number of obs   =      1,160
Absorbing 1 HDFE group                            F(   7,     39) =       0.75
Statistics robust to heteroskedasticity           Prob > F        =     0.6320
                                                  R-squared       =     0.9934
                                                  Adj R-squared   =     0.9931
                                                  Within R-sq.    =     0.0006
Number of clusters (statenum) =         40        Root MSE        =     0.0084

                              (Std. err. adjusted for 40 clusters in statenum)
------------------------------------------------------------------------------
             |               Robust
 D.sim_epop4 | Coefficient  std. err.      t    P>|t|     [95% conf. interval]
-------------+----------------------------------------------------------------
     F2logmw |
         D1. |  -.0006648   .0045352    -0.15   0.884    -.0098382    .0085086
             |
     F1logmw |
         D1. |  -.0001352   .0043818    -0.03   0.976    -.0089983    .0087278
             |
       logmw |
         D1. |   .0052265   .0067633     0.77   0.444    -.0084536    .0189065
             |
     L1logmw |
         D1. |  -.0001007   .0032583    -0.03   0.976    -.0066912    .0064898
             |
     L2logmw |
         D1. |  -.0022452   .0015824    -1.42   0.164    -.0054459    .0009555
             |
     L3logmw |
         D1. |   .0015995   .0035255     0.45   0.653    -.0055315    .0087304
             |
     L4logmw |
         D1. |  -.0042046    .002846    -1.48   0.148    -.0099613    .0015521
             |
       _cons |  -.0174633   .0006567   -26.59   0.000    -.0187916   -.0161349
------------------------------------------------------------------------------

Absorbed degrees of freedom:
-----------------------------------------------------+
 Absorbed FE | Categories  - Redundant  = Num. Coefs |
-------------+---------------------------------------|
        year |        29           0          29     |
-----------------------------------------------------+

 ( 1)  1.777059*D.logmw + 1.421647*D.L1logmw + 1.066235*D.L2logmw +
       .7108234*D.L3logmw + .3554117*D.L4logmw = 0

------------------------------------------------------------------------------
 D.sim_epop4 | Coefficient  Std. err.      t    P>|t|     [95% conf. interval]
-------------+----------------------------------------------------------------
         (1) |   .0063932   .0178267     0.36   0.722    -.0296646     .042451
------------------------------------------------------------------------------

added macro:
              e(estsb) : "0.006"

added macro:
             e(estsse) : "(0.018)"

added macro:
                e(rho) : "0"
(MWFE estimator converged in 2 iterations)

HDFE Linear regression                            Number of obs   =      1,200
Absorbing 2 HDFE groups                           F(   7,     39) =       2.15
Statistics robust to heteroskedasticity           Prob > F        =     0.0602
                                                  R-squared       =     0.9950
                                                  Adj R-squared   =     0.9946
                                                  Within R-sq.    =     0.0051
Number of clusters (statenum) =         40        Root MSE        =     0.0200

                              (Std. err. adjusted for 40 clusters in statenum)
------------------------------------------------------------------------------
             |               Robust
   sim_epop5 | Coefficient  std. err.      t    P>|t|     [95% conf. interval]
-------------+----------------------------------------------------------------
     F2logmw |   .0228766   .0269712     0.85   0.402    -.0316778    .0774309
     F1logmw |  -.0111653   .0081745    -1.37   0.180    -.0276997    .0053692
       logmw |  -.0010027   .0093025    -0.11   0.915    -.0198187    .0178133
     L1logmw |   -.007061   .0091224    -0.77   0.444    -.0255128    .0113909
     L2logmw |  -.0092098   .0138183    -0.67   0.509      -.03716    .0187403
     L3logmw |  -.0099875   .0094737    -1.05   0.298    -.0291499    .0091749
     L4logmw |   .0373176   .0383889     0.97   0.337    -.0403312    .1149664
       _cons |    .349041   .1162121     3.00   0.005     .1139799    .5841021
------------------------------------------------------------------------------

Absorbed degrees of freedom:
-----------------------------------------------------+
 Absorbed FE | Categories  - Redundant  = Num. Coefs |
-------------+---------------------------------------|
    statenum |        40          40           0    *|
        year |        30           1          29     |
-----------------------------------------------------+
* = FE nested within cluster; treated as redundant for DoF computation

 ( 1)  1.777059*logmw + 1.421647*L1logmw + 1.066235*L2logmw + .7108234*L3logmw
       + .3554117*L4logmw = 0

------------------------------------------------------------------------------
   sim_epop5 | Coefficient  Std. err.      t    P>|t|     [95% conf. interval]
-------------+----------------------------------------------------------------
         (1) |  -.0154762   .0434532    -0.36   0.724    -.1033686    .0724162
------------------------------------------------------------------------------

added macro:
              e(estsb) : "-0.015"

added macro:
             e(estsse) : "(0.043)"

added macro:
                e(rho) : "0"
(MWFE estimator converged in 1 iterations)

HDFE Linear regression                            Number of obs   =      1,160
Absorbing 1 HDFE group                            F(   7,     39) =       1.78
Statistics robust to heteroskedasticity           Prob > F        =     0.1195
                                                  R-squared       =     0.9934
                                                  Adj R-squared   =     0.9932
                                                  Within R-sq.    =     0.0062
Number of clusters (statenum) =         40        Root MSE        =     0.0085

                              (Std. err. adjusted for 40 clusters in statenum)
------------------------------------------------------------------------------
             |               Robust
 D.sim_epop5 | Coefficient  std. err.      t    P>|t|     [95% conf. interval]
-------------+----------------------------------------------------------------
     F2logmw |
         D1. |   .0041441   .0088496     0.47   0.642     -.013756    .0220442
             |
     F1logmw |
         D1. |  -.0036961   .0054929    -0.67   0.505    -.0148064    .0074143
             |
       logmw |
         D1. |  -.0016242   .0059618    -0.27   0.787    -.0136831    .0104347
             |
     L1logmw |
         D1. |  -.0098609   .0055006    -1.79   0.081     -.020987    .0012651
             |
     L2logmw |
         D1. |  -.0160523   .0085511    -1.88   0.068    -.0333486    .0012439
             |
     L3logmw |
         D1. |  -.0110065   .0089003    -1.24   0.224     -.029009     .006996
             |
     L4logmw |
         D1. |   .0045033   .0060739     0.74   0.463    -.0077823     .016789
             |
       _cons |   .0191708   .0007561    25.35   0.000     .0176414    .0207002
------------------------------------------------------------------------------

Absorbed degrees of freedom:
-----------------------------------------------------+
 Absorbed FE | Categories  - Redundant  = Num. Coefs |
-------------+---------------------------------------|
        year |        29           0          29     |
-----------------------------------------------------+

 ( 1)  1.777059*D.logmw + 1.421647*D.L1logmw + 1.066235*D.L2logmw +
       .7108234*D.L3logmw + .3554117*D.L4logmw = 0

------------------------------------------------------------------------------
 D.sim_epop5 | Coefficient  Std. err.      t    P>|t|     [95% conf. interval]
-------------+----------------------------------------------------------------
         (1) |  -.0402438   .0244323    -1.65   0.108    -.0896627    .0091752
------------------------------------------------------------------------------

added macro:
              e(estsb) : "-0.040"

added macro:
             e(estsse) : "(0.024)"

added macro:
                e(rho) : "0"
(MWFE estimator converged in 2 iterations)

HDFE Linear regression                            Number of obs   =      1,170
Absorbing 2 HDFE groups                           F(   7,     38) =       2.92
Statistics robust to heteroskedasticity           Prob > F        =     0.0153
                                                  R-squared       =     0.9936
                                                  Adj R-squared   =     0.9932
                                                  Within R-sq.    =     0.0314
Number of clusters (statenum) =         39        Root MSE        =     0.0213

                              (Std. err. adjusted for 39 clusters in statenum)
------------------------------------------------------------------------------
             |               Robust
   sim_epop4 | Coefficient  std. err.      t    P>|t|     [95% conf. interval]
-------------+----------------------------------------------------------------
     F2logmw |  -.0521968   .0332013    -1.57   0.124    -.1194093    .0150158
     F1logmw |   .0114309   .0134311     0.85   0.400     -.015759    .0386208
       logmw |  -.0169651   .0102508    -1.66   0.106    -.0377167    .0037865
     L1logmw |  -.0127139    .007948    -1.60   0.118    -.0288038     .003376
     L2logmw |  -.0196894    .010262    -1.92   0.063    -.0404638    .0010851
     L3logmw |  -.0055899   .0045844    -1.22   0.230    -.0148706    .0036908
     L4logmw |  -.0478943   .0322912    -1.48   0.146    -.1132644    .0174758
       _cons |   .4056111   .1192026     3.40   0.002     .1642981    .6469241
------------------------------------------------------------------------------

Absorbed degrees of freedom:
-----------------------------------------------------+
 Absorbed FE | Categories  - Redundant  = Num. Coefs |
-------------+---------------------------------------|
    statenum |        39          39           0    *|
        year |        30           1          29     |
-----------------------------------------------------+
* = FE nested within cluster; treated as redundant for DoF computation

 ( 1)  1.777059*logmw + 1.421647*L1logmw + 1.066235*L2logmw + .7108234*L3logmw
       + .3554117*L4logmw = 0

------------------------------------------------------------------------------
   sim_epop4 | Coefficient  Std. err.      t    P>|t|     [95% conf. interval]
-------------+----------------------------------------------------------------
         (1) |  -.0902118    .046679    -1.93   0.061    -.1847085    .0042848
------------------------------------------------------------------------------

added macro:
              e(estsb) : "-0.090*"

added macro:
             e(estsse) : "(0.047)"
(MWFE estimator converged in 1 iterations)

HDFE Linear regression                            Number of obs   =      1,131
Absorbing 1 HDFE group                            F(   7,     38) =       0.78
Statistics robust to heteroskedasticity           Prob > F        =     0.6098
                                                  R-squared       =     0.9931
                                                  Adj R-squared   =     0.9929
                                                  Within R-sq.    =     0.0012
Number of clusters (statenum) =         39        Root MSE        =     0.0086

                              (Std. err. adjusted for 39 clusters in statenum)
------------------------------------------------------------------------------
             |               Robust
 D.sim_epop4 | Coefficient  std. err.      t    P>|t|     [95% conf. interval]
-------------+----------------------------------------------------------------
     F2logmw |
         D1. |   .0032688   .0024954     1.31   0.198    -.0017828    .0083204
             |
     F1logmw |
         D1. |   .0040631   .0028204     1.44   0.158    -.0016464    .0097726
             |
       logmw |
         D1. |   .0082995   .0070439     1.18   0.246    -.0059601    .0225591
             |
     L1logmw |
         D1. |   .0025313   .0016718     1.51   0.138     -.000853    .0059156
             |
     L2logmw |
         D1. |  -.0006744   .0011933    -0.57   0.575      -.00309    .0017412
             |
     L3logmw |
         D1. |   .0032026   .0033693     0.95   0.348    -.0036182    .0100235
             |
     L4logmw |
         D1. |  -.0029546   .0033873    -0.87   0.389    -.0098119    .0039026
             |
       _cons |  -.0179029   .0004676   -38.29   0.000    -.0188495   -.0169564
------------------------------------------------------------------------------

Absorbed degrees of freedom:
-----------------------------------------------------+
 Absorbed FE | Categories  - Redundant  = Num. Coefs |
-------------+---------------------------------------|
        year |        29           0          29     |
-----------------------------------------------------+

 ( 1)  1.777059*D.logmw + 1.421647*D.L1logmw + 1.066235*D.L2logmw +
       .7108234*D.L3logmw + .3554117*D.L4logmw = 0

------------------------------------------------------------------------------
 D.sim_epop4 | Coefficient  Std. err.      t    P>|t|     [95% conf. interval]
-------------+----------------------------------------------------------------
         (1) |   .0188547   .0147129     1.28   0.208    -.0109301    .0486394
------------------------------------------------------------------------------

added macro:
              e(estsb) : "0.019"

added macro:
             e(estsse) : "(0.015)"

added macro:
                e(rho) : "0"

.         *               
. *
. 
. 
. esttab actual_TWFE  post1990_TWFE  nonMWinc_TWFE sim3_4_TWFE sim3_anti4_TWFE 
> sim3_5_TWFE  ///
> using "${tables}TableG5.tex", replace ///
> stats(blankspace blankspace estsb estsse  blankspace, labels("\multicolumn{1}
> {l}{Panel A: FE}" "\cmidrule{1-1}" "Emp. elas. wrt MW" " " " ")) ///
> mgroups("Actual" "Post 1993 sample"  "\multicolumn{3}{c}{Excl. states with pr
> e-1992 events}" "\bigcell{c}{Excl. states with \\ pre-1996 events}", pattern(
> 1 1 1 1) end(\cmidrule(l{0.2cm}r{0.2cm}){2-2}\cmidrule(l{0.2cm}r{0.2cm}){3-3}
> \cmidrule(l{0.2cm}r{0.2cm}){4-6}\cmidrule(l{0.2cm}r{0.2cm}){7-7}) )  ///
> mlabels("(1)" "(2)" "(3)" "(4)" "(5)" "(6)" "(7)" , prefix(\multicolumn{@span
> }{c}{) suffix(}) span erepeat(\cmidrule(l{0.2cm}r{0.2cm}){@span})) ///
> booktabs fragment nonotes nolines nomtitles nonumbers nogaps compress cells(n
> one) nodepvar substitute("&         &         &         &         &         &
>          " "")
(file
    /Users/brycewang/Documents/GitHub/top5-Econ-Paper-Replications/QJE2019-Mi
    > nimum-Wages-Low-Wage-Jobs/Results/Tables/TableG5.tex not found)
(output written to /Users/brycewang/Documents/GitHub/top5-Econ-Paper-Replicatio
> ns/QJE2019-Minimum-Wages-Low-Wage-Jobs/Results/Tables/TableG5.tex)

. 
. esttab actual_FD post1990_FD nonMWinc_FD sim3_4_FD sim3_anti4_FD sim3_5_FD  /
> //
> using "${tables}TableG5.tex", append ///
> stats(blankspace blankspace estsb estsse blankspace , labels("\multicolumn{1}
> {l}{Panel B: FD}" "\cmidrule{1-1}" "Emp. elas. wrt MW" " " " " )) ///
> booktabs fragment nonotes nolines nomtitles nonumbers nogaps compress cells(n
> one) nodepvar substitute("&         &         &         &         &         &
>          " "")
(output written to /Users/brycewang/Documents/GitHub/top5-Econ-Paper-Replicatio
> ns/QJE2019-Minimum-Wages-Low-Wage-Jobs/Results/Tables/TableG5.tex)

. 
. esttab actual_EBC post1990_EBC nonMWinc_EBC sim3_4_EBC sim3_anti4_EBC sim3_5_
> EBC  ///
> using "${tables}TableG5.tex", append ///
> stats(N states period  blankspace outcome, labels("Observations" "Number of s
> tates" "Period estimated" " " "Outcome variable")) ///
> booktabs fragment nonotes nolines nomtitles nonumbers nogaps compress cells(n
> one) nodepvar substitute("&         &         &         &         &         &
>          " "")
estimation result actual_EBC not found
r(111);

end of do-file
