-------------------------------------------------------------------------------
      name:  steplogsmcl
       log:  /Users/brycewang/Documents/GitHub/top5-Econ-Paper-Replications/QJE
> 2019-Minimum-Wages-Low-Wage-Jobs/Results/logs/Appendix_Figures_G1_B_G3_B_D.lo
> g
  log type:  text
 opened on:  17 Sep 2026, 06:02:13

. 
. *This do file is created by DC on 03/25/2016
. *****************************************************************************
> ***
. ***********          Alternate Specifications of Jobs Dist.      ************
> ***
. *****************************************************************************
> ***
. 
. 
. *****************************************************************************
> ***
. **************    Reshaping the original data    ****************************
> ***
. *****************************************************************************
> ***
. 
. 
. 
. use "${data}qcew_multiplier.dta", clear

. keep statenum quarterdate multiplier

. tempfile qcew

. save `qcew'
file /var/folders/bm/2cq1vtmd5wg6k0vdjfpvbmww0000gn/T//St48230.000001 saved
    as .dta format

. 
. 
. 
. use "${data}state_panels_cents_balanced_add_QJE.dta", clear

.                 merge m:1 statenum quarterdate using `qcew', nogenerate asser
> t(3)

    Result                      Number of obs
    -----------------------------------------
    Not matched                             0
    Matched                           906,984  
    -----------------------------------------

.                 replace count = count * multiplier              
(710,139 real changes made)

.                 replace countall = countall * multiplier
(905,112 real changes made)

. 
. 
. 
. gen wagebindollar = floor(wagebin/100)

. drop wagebins

. rename wagebindollar wagebins

. 
.                 *************************************************************
> ***********
.                 **************          Ones that should be summed       ****
> ***********
.                 *************************************************************
> ***********
. 
.                 preserve 

.                         collapse (sum)  count, by(statenum quarterdate wagebi
> ns)

.                         tempfile tempsum

.                         save `tempsum'
file /var/folders/bm/2cq1vtmd5wg6k0vdjfpvbmww0000gn/T//St48230.000003 saved
    as .dta format

.                 restore

. 
.                 *************************************************************
> ***********
.                 ******        Ones that are already at statenumXquarterdate  
>  **********
.                 *************************************************************
> ***********
.                 
.                 preserve

.                         egen tagger=tag(statenum quarterdate)

.                         keep if tagger==1
(899,232 observations deleted)

.                         keep statenum quarterdate countall population year  t
> eenpop

.                         tempfile temptag

.                         save `temptag'
file /var/folders/bm/2cq1vtmd5wg6k0vdjfpvbmww0000gn/T//St48230.000005 saved
    as .dta format

.                 restore

.                 
.                 
.                 *************************************************************
> ***********
.                 *********    Merge ave's and sum's      *********************
> ***********
.                 *************************************************************
> ***********
.                 
.                 use `tempsum', clear

. 
.                 reshape wide  count , i(statenum quarterdate) j(wagebin)
(j = 1 2 3 4 5 6 7 8 9 10 11 12 13 14 15 16 17 18 19 20 21 22 23 24 25 26 27 28
>  29 30)

Data                               Long   ->   Wide
-----------------------------------------------------------------------------
Number of observations          232,560   ->   7,752       
Number of variables                   4   ->   32          
j variable (30 values)         wagebins   ->   (dropped)
xij variables:
                                  count   ->   count1 count2 ... count30
-----------------------------------------------------------------------------

.                 merge 1:1 statenum quarterdate using `temptag', nogenerate as
> sert(3)

    Result                      Number of obs
    -----------------------------------------
    Not matched                             0
    Matched                             7,752  
    -----------------------------------------

. 
. 
. 
. *****************************************************************************
> ***
. ******************       Replicating previous results     *******************
> ***
. *****************************************************************************
> ***
. 
. 
. merge 1:1 statenum quarterdate using "${data}VZmw_quarterly_lagsleads_1979_20
> 16.dta"

    Result                      Number of obs
    -----------------------------------------
    Not matched                             0
    Matched                             7,752  (_merge==3)
    -----------------------------------------

. assert _merge==3 if quarterdate!=227

. drop _merge

. merge 1:1 statenum quarterdate using "${data}eventclassification.dta", nogene
> rate assert(1 3)

    Result                      Number of obs
    -----------------------------------------
    Not matched                         7,236
        from master                     7,236  
        from using                          0  

    Matched                               516  
    -----------------------------------------

. replace overallcountgroup = 0 if overallcountgroup==.
(7,383 real changes made)

. assert overallcountgroup!=0 if alltreat==1 & toosmall==0

. 
. 
. 
. preserve

. use "${data}cpiursai1977-2016.dta", clear

. *Dropping an empty column and column that calculates yearly average (simple)
. drop v14 avg

. reshape long month, i(year) j(m)
(j = 1 2 3 4 5 6 7 8 9 10 11 12)

Data                               Wide   ->   Long
-----------------------------------------------------------------------------
Number of observations               40   ->   480         
Number of variables                  13   ->   3           
j variable (12 values)                    ->   m
xij variables:
              month1 month2 ... month12   ->   month
-----------------------------------------------------------------------------

. rename month cpi

. rename m month

. keep if year >= 1979
(24 observations deleted)

. *If base year needs to be changed, use here.
. local baseyear=2016

. sum cpi if year == `baseyear', meanonly

. local cpibase = r(mean)

. replace cpi = 100 * cpi / `cpibase'
(456 real changes made)

. gen monthdate = ym(year,month)

. gen quarterdate = qofd(dofm(monthdate))

. collapse cpi, by(quarterdate)

. tempfile cpiquarter

. save `cpiquarter'
file /var/folders/bm/2cq1vtmd5wg6k0vdjfpvbmww0000gn/T//St48230.000007 saved
    as .dta format

. restore

. 
. 
. cap drop _merge

. merge m:1 quarterdate using `cpiquarter', nogenerate assert(3)

    Result                      Number of obs
    -----------------------------------------
    Not matched                             0
    Matched                             7,752  
    -----------------------------------------

. 
. 
. xtset statenum quarterdate      

Panel variable: statenum (strongly balanced)
 Time variable: quarterdate, 76 to 227
         Delta: 1 unit

. 
. 
. g MW = exp(logmw) 

. g DMW = D.MW
(51 missing values generated)

. g MW_real = exp(logmw)/(cpi/100) 

. g DMW_real = D.MW_real 
(51 missing values generated)

. 
. g MW_realM25 = MW_real - mod(MW_real,0.25)

. g DMW_realM25 = D.MW_realM25
(51 missing values generated)

.         
.         
.         
. compress
  variable quarterdate was float now int
  variable alltreat was float now byte
  variable fedincrease was float now byte
  variable toosmall was float now byte
  (85,272 bytes saved)

. rename population totalpopulation

. forval j = 1/30 { 
  2.         g lncount`j' = ln(count`j')
  3.         g percap`j' = count`j'/totalpopulation
  4.         
. }
(3,314 missing values generated)
(2,314 missing values generated)
(1,622 missing values generated)
(1,574 missing values generated)
(1,199 missing values generated)
(574 missing values generated)
(80 missing values generated)
(11 missing values generated)
(1 missing value generated)
(1 missing value generated)
(1 missing value generated)
(3 missing values generated)
(7 missing values generated)
(12 missing values generated)
(10 missing values generated)
(21 missing values generated)
(23 missing values generated)
(55 missing values generated)
(88 missing values generated)
(104 missing values generated)

. *
. 
. g epop    = countall/totalpopulation

. 
. g below_epop = percap1

. forval j = 2/14 { 
  2.         replace below_epop = below_epop  + percap`j'
  3. }
(5,438 real changes made)
(6,130 real changes made)
(6,178 real changes made)
(6,553 real changes made)
(7,178 real changes made)
(7,672 real changes made)
(7,741 real changes made)
(7,751 real changes made)
(7,752 real changes made)
(7,751 real changes made)
(7,752 real changes made)
(7,752 real changes made)
(7,752 real changes made)

. *
. 
. gen upper_epop  = epop - below_epop

. 
. 
. xtset statenum quarterdate

Panel variable: statenum (strongly balanced)
 Time variable: quarterdate, 76 to 227
         Delta: 1 unit

. 
.         cap drop treat 

.         cap drop _treat

.         g _treat_p=0

.                 replace _treat = 1 if overallcountgroup>0 & fedincrease!=1
(138 real changes made)

.          g treat = ( _treat +  L._treat + L2._treat + L3._treat)
(153 missing values generated)

.         cap drop _treat

. 
. 
. 
. cap drop  Dtreat

. g Dtreat = D.treat
(204 missing values generated)

. 
. cap drop _cont

. g _cont = 0

. replace _cont = 1 if ($missedevents | toosmall==1) 
(255 real changes made)

. g tempcont = _cont + L._cont + L2._cont + L3._cont
(153 missing values generated)

. 
. local Tmax3 = 16 + 3

. forval i = 0(1)`Tmax3'{
  2.         if `i' == 0{
  3.         g postcont = _cont
  4.         }
  5.         else {
  6.         replace postcont = postcont + L`i'._cont
  7.         sum postcont, meanonly
  8.         assert r(mean)!=0
  9.         }
 10. }
(306 real changes made, 51 to missing)
(305 real changes made, 51 to missing)
(305 real changes made, 51 to missing)
(303 real changes made, 51 to missing)
(303 real changes made, 51 to missing)
(302 real changes made, 51 to missing)
(302 real changes made, 51 to missing)
(294 real changes made, 51 to missing)
(294 real changes made, 51 to missing)
(294 real changes made, 51 to missing)
(294 real changes made, 51 to missing)
(284 real changes made, 51 to missing)
(284 real changes made, 51 to missing)
(284 real changes made, 51 to missing)
(284 real changes made, 51 to missing)
(274 real changes made, 51 to missing)
(274 real changes made, 51 to missing)
(274 real changes made, 51 to missing)
(274 real changes made, 51 to missing)

. cap drop _cont

. 
. 
. cap drop _contf

. cap drop postcontf

. 
. g _contf = 0

. replace _contf = 1 if (fedincrease==1 &  overallcountgroup>0 )
(231 real changes made)

. g tempcontf = _contf + L._contf + L2._contf + L3._contf
(153 missing values generated)

. 
. local Tmax3 = 16 + 3

. forval i = 0(1)`Tmax3'{
  2.         if `i' == 0{
  3.         g postcontf = _contf
  4. 
.         }
  5.         else {
  6.         replace postcontf = postcontf + L`i'._contf
  7.         sum postcontf, meanonly
  8.         assert r(mean)!=0
  9.         }
 10. }
(282 real changes made, 51 to missing)
(282 real changes made, 51 to missing)
(282 real changes made, 51 to missing)
(282 real changes made, 51 to missing)
(282 real changes made, 51 to missing)
(282 real changes made, 51 to missing)
(282 real changes made, 51 to missing)
(282 real changes made, 51 to missing)
(282 real changes made, 51 to missing)
(282 real changes made, 51 to missing)
(282 real changes made, 51 to missing)
(282 real changes made, 51 to missing)
(282 real changes made, 51 to missing)
(282 real changes made, 51 to missing)
(282 real changes made, 51 to missing)
(282 real changes made, 51 to missing)
(282 real changes made, 51 to missing)
(282 real changes made, 51 to missing)
(282 real changes made, 51 to missing)

. cap drop _contf

. 
. g precontf = F4.tempcontf
(204 missing values generated)

. g precont = F4.tempcont
(204 missing values generated)

. 
. replace precontf = 0 if precontf == .
(204 real changes made)

. replace precont = 0 if precont  == .
(204 real changes made)

. 
. 
. g earlycontf = F12.tempcontf + F8.tempcontf
(612 missing values generated)

. g earlycont = F12.tempcont + F8.tempcont
(612 missing values generated)

. 
. replace earlycontf = 0 if earlycontf == .
(612 real changes made)

. replace earlycont = 0 if earlycont  == .
(612 real changes made)

. 
. 
. 
. foreach j of numlist 4(4)16{
  2.                 cap drop F`j'treat
  3.                 cap drop L`j'treat
  4.                 
.                 g F`j'treat = F`j'.treat
  5.                 g L`j'treat = L`j'.treat
  6.                 
.                 replace F`j'treat = 0 if F`j'treat ==.
  7.                 replace L`j'treat = 0 if L`j'treat ==.
  8.                 
. 
.         }
(204 missing values generated)
(357 missing values generated)
(204 real changes made)
(357 real changes made)
(408 missing values generated)
(561 missing values generated)
(408 real changes made)
(561 real changes made)
(612 missing values generated)
(765 missing values generated)
(612 real changes made)
(765 real changes made)
(816 missing values generated)
(969 missing values generated)
(816 real changes made)
(969 real changes made)

. *
. 
. replace postcont = 0 if postcont == .
(969 real changes made)

. replace postcontf = 0 if postcontf == .
(969 real changes made)

. 
. 
. g cleansample = 1

. replace cleansample = 0 if quarterdate >=136 & quarterdate <=142
(357 real changes made)

. 
. egen avetotalpopulation = mean(totalpopulation) , by(statenum)

. 
. 
. *Note that we do not use most of these either, yet I keep this global in case
>  it is needed.
. 
. global a1  i.statenum i.quarterdate  // TWFE

. 
. 
. *****************************************************************************
> ***
. **************       Define Treatments         ******************************
> ***
. *****************************************************************************
> ***
. *To keep all as flexible as possible, I am adding lincom too.
. 
. global treat            F12treat F8treat F4treat treat  L4treat L8treat L12tr
> eat L16treat 

. 
. *global minus 0
. global minus (F4treat)

. global lincomagg        (treat-$minus)

. forval i = 4(4)16{
  2. global lincomagg "$lincomagg + (L`i'treat - $minus ) "
  3. }

. *
. 
. global label1 TWFE

. global grlabel1 TWFE

. 
. global label2 ST

. 
. 
. 
. *****************************************************************************
> ***
. ***************       The Regressions ***************************************
> ***
. *****************************************************************************
> ***                
.                 
. 
. 
. gen all=1

. 
. gen logMW = log(MW_real)

. 
. tempfile temptemp

. save `temptemp', replace        
(file /var/folders/bm/2cq1vtmd5wg6k0vdjfpvbmww0000gn/T//St48230.000008 not
    found)
file /var/folders/bm/2cq1vtmd5wg6k0vdjfpvbmww0000gn/T//St48230.000008 saved
    as .dta format

. 
. 
. local regsample ""

. local graphname "o"

. global weight1 [aw=avetotalpopulation]

. global weight0 [aw=all] 

. local ylabel "ylabel( , labsize(medium))" 

. 
. 
. 
. 
. 
. global lincomm12 F12treat - F4treat

. global lincomm8 F8treat - F4treat

. global lincomm4 F4treat - F4treat

. global lincom0 treat - F4treat

. global lincom4 L4treat - F4treat

. global lincom8 L8treat - F4treat

. global lincom12 L12treat - F4treat

. global lincom16 L16treat - F4treat

. 
. 
. 
. 
. local lags 4

. local leads 3

. global B  = .0864819457562104

. local b 1979

. foreach w in 1  {
  2.                 sum epop if  year>=`b' & cleansample==1  ${weight`w'}
  3.                 local denominator = r(mean)
  4.                 use `temptemp', clear
  5.                                 sum epop if  year>=`b' & cleansample==1  $
> {weight`w'},meanonly
  6.                                 local epop = r(mean)
  7.                                 sum DMW_real if fedincrease!=1 & overallco
> untgr>0 & year>=`b' & cleansample ==1   ${weight`w'}
  8.                                 local mwc = r(mean)
  9.                                 sum MW_real if  F.fedincrease!=1 & F.overa
> llcountgr>0 & year>=`b' & cleansample ==1   ${weight`w'}
 10.                                 local mw = r(mean)
 11.                                 local mwpc = `mwc'/`mw'
 12.                                 local mwpc2 : di  %04.3f `mwpc'
 13. 
.                                 global E = `epop'
 14.                                         
.                                 global C = 1/(`epop'*`mwpc')
 15.                                 *global C = 1/( `epop'*${B} )
.                                 
.                         qui reghdfe epop $treat if  year>=`b' & cleansample==
> 1 ${weight`w'} , absorb(i.statenum i.quarterdate  postcont postcontf  precont
>  precontf earlycont earlycontf ) cluster(statenum)
 16.                         
.                         local dof = e(df_r)
 17. 
.                         forval years = 0(1)`lags'{
 18.                         local year = `years' * 4
 19.                                 qui lincom (${lincom`year'})*${C}
 20.                                 local lowb      = r(estimate) - invttail(`
> dof', 0.025)*r(se) 
 21.                                 local highb     = r(estimate) + invttail(`
> dof', 0.025)*r(se) 
 22. 
.                         if `years' == 0{
 23.                         mat ests = (`years', r(estimate), `lowb', `highb')
 24.                         }
 25.                         else{
 26.                         mat ests = (ests \ `years', r(estimate), `lowb', `
> highb')
 27.                         }
 28.                         }
 29.                                                 
.                         forval years = 1(1)`leads'{
 30.                                 local year = `years' * 4
 31.                                 qui lincom (${lincomm`year'})*${C}
 32.                                 local lowb      = r(estimate) - invttail(`
> dof', 0.025)*r(se) 
 33.                                 local highb     = r(estimate) + invttail(`
> dof', 0.025)*r(se) 
 34. 
.                         mat ests = (ests \ -`years' , r(estimate), `lowb', `h
> ighb')
 35.                         }
 36.                                         
.                         *Relevant region                
. 
.                         qui reghdfe below_epop $treat if  year>=`b' & cleansa
> mple==1 ${weight`w'} , absorb(i.statenum i.quarterdate  postcont postcontf  p
> recont precontf earlycont earlycontf ) cluster(statenum)
 37.                         
.                         local dof = e(df_r)
 38. 
.                         forval years = 0(1)`lags'{
 39.                         local year = `years' * 4
 40.                                 qui lincom (${lincom`year'})*${C}
 41.                                 local lowb      = r(estimate) - invttail(`
> dof', 0.025)*r(se) 
 42.                                 local highb     = r(estimate) + invttail(`
> dof', 0.025)*r(se) 
 43. 
.                         if `years' == 0{
 44.                         mat ests_rel = (`years', r(estimate), `lowb', `hig
> hb')
 45.                         }
 46.                         else{
 47.                         mat ests_rel = (ests_rel \ `years', r(estimate), `
> lowb', `highb')
 48.                         }
 49.                         }
 50.                                                 
.                         forval years = 1(1)`leads'{
 51.                                 local year = `years' * 4
 52.                                 qui lincom (${lincomm`year'})*${C}
 53.                                 local lowb      = r(estimate) - invttail(`
> dof', 0.025)*r(se) 
 54.                                 local highb     = r(estimate) + invttail(`
> dof', 0.025)*r(se) 
 55. 
.                         mat ests_rel = (ests_rel \ -`years' , r(estimate), `l
> owb', `highb')
 56.                         }
 57. 
.                         
.                         
.                                         
.                         *Upper tail
.                         qui reghdfe upper_epop $treat if  year>=`b' & cleansa
> mple==1 ${weight`w'} , absorb(i.statenum i.quarterdate  postcont postcontf  p
> recont precontf earlycont earlycontf ) cluster(statenum)
 58.                         
.                         local dof = e(df_r)
 59. 
.                         forval years = 0(1)`lags'{
 60.                         local year = `years' * 4
 61.                                 qui lincom (${lincom`year'})*${C}
 62.                                 local lowb      = r(estimate) - invttail(`
> dof', 0.025)*r(se) 
 63.                                 local highb     = r(estimate) + invttail(`
> dof', 0.025)*r(se) 
 64. 
.                         if `years' == 0{
 65.                         mat ests_upper = (`years', r(estimate), `lowb', `h
> ighb')
 66.                         }
 67.                         else{
 68.                         mat ests_upper = (ests_upper \ `years', r(estimate
> ), `lowb', `highb')
 69.                         }
 70.                         }
 71.                                                 
.                         forval years = 1(1)`leads'{
 72.                                 local year = `years' * 4
 73.                                 qui lincom (${lincomm`year'})*${C}
 74.                                 local lowb      = r(estimate) - invttail(`
> dof', 0.025)*r(se) 
 75.                                 local highb     = r(estimate) + invttail(`
> dof', 0.025)*r(se) 
 76. 
.                         mat ests_upper = (ests_upper \ -`years' , r(estimate)
> , `lowb', `highb')
 77.                         }
 78. 
. 
.                         
.                         *Figure
.                         svmat ests 
 79.                         svmat ests_upper
 80.                         svmat ests_rel
 81.                         rename ests1 time
 82.                         rename ests2 est
 83.                         rename ests3 low
 84.                         rename ests4 high
 85.                         
.                         foreach uporrel in upper rel{
 86.                         rename ests_`uporrel'1 time_`uporrel'
 87.                         rename ests_`uporrel'2 est_`uporrel'
 88.                         rename ests_`uporrel'3 low_`uporrel'
 89.                         rename ests_`uporrel'4 high_`uporrel'
 90.                         }
 91.                         
.                         sort time
 92.                         
.                                 
.                                 
.                                 
.                                 twoway ( connected est time if time!=. )  ///
>                                 (rcap low  high time if time!=. ) , graphregi
> on(color(white)) ///
>                                 /*xlabel(-4 "{&le} -4" "-3" -2 "-2" -1 "-1" 0
>  "0" 1 "1" 2 "2" 3 "3" 4 "4" 5 "{&ge} 5")*/ xlabel(-3 "-3" -2 "-2" -1 "-1" 0 
> "0" 1 "1" 2 "2" 3 "3" 4 "4") ///
>                                 xtitle("Event time in years") ytitle("Employm
> ent elasticity") ylabel(-0.3(0.1)0.2 0 "0" , format(%02.1f)) legend(off)
 93.                                 gr export "${figures}FigureG1_b.pdf", repl
> ace
 94.                                 
.                                 
.                                 twoway ( connected est_upper time_upper if ti
> me_upper!=. )  ///
>                                 (rcap low_upper  high_upper time if time!=. )
>  , graphregion(color(white)) ///
>                                 /*xlabel(-4 "{&le} -4" "-3" -2 "-2" -1 "-1" 0
>  "0" 1 "1" 2 "2" 3 "3" 4 "4" 5 "{&ge} 5")*/ xlabel(-3 "-3" -2 "-2" -1 "-1" 0 
> "0" 1 "1" 2 "2" 3 "3" 4 "4") ///
>                                 xtitle("Event time in years") ytitle("Employm
> ent elasticity") ylabel(-0.3(0.1)0.2 0 "0" , format(%02.1f)) legend(off) 
 95.                                 gr export "${figures}FigureG3_b.pdf", repl
> ace
 96. 
.                                 
.                                 twoway ( connected est_rel time_upper if time
> _upper!=. )  ///
>                                 (rcap low_rel  high_rel time if time!=. ) , g
> raphregion(color(white)) ///
>                                 /*xlabel(-4 "{&le} -4" "-3" -2 "-2" -1 "-1" 0
>  "0" 1 "1" 2 "2" 3 "3" 4 "4" 5 "{&ge} 5")*/ xlabel(-3 "-3" -2 "-2" -1 "-1" 0 
> "0" 1 "1" 2 "2" 3 "3" 4 "4") ///
>                                 xtitle("Event time in years") ytitle("Employm
> ent elasticity") ylabel(-0.3(0.1)0.2 0 "0" , format(%02.1f)) legend(off)
 97.                                 gr export "${figures}FigureG3_d.pdf", repl
> ace
 98. 
.                                 
.                         
.                 }

    Variable |     Obs      Weight        Mean   Std. dev.       Min        Max
-------------+-----------------------------------------------------------------
        epop |   7,395  3.0090e+10    .5628805   .0599513   .3710778    1.55316

    Variable |     Obs      Weight        Mean   Std. dev.       Min        Max
-------------+-----------------------------------------------------------------
    DMW_real |     137   677763561    .8028209   .4050374   .2514448   2.193727

    Variable |     Obs      Weight        Mean   Std. dev.       Min        Max
-------------+-----------------------------------------------------------------
     MW_real |     189   889556030     7.81842   .9477294   6.075942   11.42869
file
    /Users/brycewang/Documents/GitHub/top5-Econ-Paper-Replications/QJE2019-Mi
    > nimum-Wages-Low-Wage-Jobs/Results/Figures/FigureG1_b.pdf saved as PDF
    format
file
    /Users/brycewang/Documents/GitHub/top5-Econ-Paper-Replications/QJE2019-Mi
    > nimum-Wages-Low-Wage-Jobs/Results/Figures/FigureG3_b.pdf saved as PDF
    format
file
    /Users/brycewang/Documents/GitHub/top5-Econ-Paper-Replications/QJE2019-Mi
    > nimum-Wages-Low-Wage-Jobs/Results/Figures/FigureG3_d.pdf saved as PDF
    format

.                 
. *               
. 
. 
. 
. 
. 
. 
. 
. 
. 
. 
. 
. 
. 
. 
end of do-file
