-------------------------------------------------------------------------------
      name:  steplogsmcl
       log:  /Users/brycewang/Documents/GitHub/top5-Econ-Paper-Replications/QJE
> 2019-Minimum-Wages-Low-Wage-Jobs/Results/logs/Appendix_self_employment_rate.l
> og
  log type:  text
 opened on:  17 Sep 2026, 01:16:53

. *This do file is created by DC on 12/18/2015
. *****************************************************************************
> ***
. *********************       Imputed vs MW     *******************************
> ***
. *****************************************************************************
> ***
. 
. *Grab MORG data
. 
. use month state age marital race sex esr ethnic uhours earnhr uearnwk earnwt 
> ///
> uhourse paidhre earnhre earnwke I25a I25b I25c I25d year lfsr89 lfsr94 staten
> um ///
> orgwt monthdate quarterdate quarter division region censusnum stfips gradeat 
> gradecp ihigrdc ///
> grade92 unioncov unionmme hourslw class class94 smsa80 smsa93 smsa04 smsastat
>  ///
> using "${data}totransfer.dta", clear

.  
. gen self_emp =  (class==5 | class==6) if year<=1993
(7,141,373 missing values generated)

. replace self_emp  = (class94==6 | class94==7) if year>=1994
(7,141,373 real changes made)

. 
. 
. g cleansample = 1

. replace cleansample = 0 if quarterdate >=136 & quarterdate <=142
(556,574 real changes made)

. gen _self_emp = earnwt*self_emp/3
(8,629 missing values generated)

. 
. collapse (sum) total_self_emp=_self_emp , by(statenum quarterdate division)

. 
. save "${data}total_self_emp.dta", replace
file
    /Users/brycewang/Documents/GitHub/top5-Econ-Paper-Replications/QJE2019-Mi
    > nimum-Wages-Low-Wage-Jobs/Data/data/total_self_emp.dta saved

. 
. 
. 
. use "${data}cpiursai1977-2016.dta", clear

. *Dropping an empty column and column that calculates yearly average (simple)
. drop v14 avg

. reshape long month, i(year) j(m)
(j = 1 2 3 4 5 6 7 8 9 10 11 12)

Data                               Wide   ->   Long
-----------------------------------------------------------------------------
Number of observations               40   ->   480         
Number of variables                  13   ->   3           
j variable (12 values)                    ->   m
xij variables:
              month1 month2 ... month12   ->   month
-----------------------------------------------------------------------------

. rename month cpi

. rename m month

. keep if year >= 1979
(24 observations deleted)

. *If base year needs to be changed, use here.
. local baseyear=2016

. sum cpi if year == `baseyear', meanonly

. local cpibase = r(mean)

. replace cpi = 100 * cpi / `cpibase'
(456 real changes made)

. gen monthdate = ym(year,month)

. gen quarterdate = qofd(dofm(monthdate))

. collapse cpi, by(quarterdate)

. tempfile cpiquarter

. save `cpiquarter'
file /var/folders/bm/2cq1vtmd5wg6k0vdjfpvbmww0000gn/T//St32034.000001 saved
    as .dta format

. 
. 
. use "${data}VZmw_quarterly_lagsleads_1979_2016.dta",clear

. merge m:1 quarterdate using `cpiquarter', nogenerate assert(3)
(variable quarterdate was int, now float to accommodate using data's values)

    Result                      Number of obs
    -----------------------------------------
    Not matched                             0
    Matched                             7,752  
    -----------------------------------------

. 
. cap drop _merge

. 
. 
. xtset statenum quarterdate      

Panel variable: statenum (strongly balanced)
 Time variable: quarterdate, 1979q1 to 2016q4
         Delta: 1 quarter

. 
. 
. g MW = exp(logmw) 

. g DMW = D.MW
(51 missing values generated)

. g MW_real = exp(logmw)/(cpi/100) 

. g DMW_real = D.MW_real 
(51 missing values generated)

. 
. g MW_realM25 = MW_real - mod(MW_real,0.25)

. g DMW_realM25 = D.MW_realM25
(51 missing values generated)

. 
. tempfile mw_data

. save `mw_data'
file /var/folders/bm/2cq1vtmd5wg6k0vdjfpvbmww0000gn/T//St32034.000002 saved
    as .dta format

. 
. 
. 
. use "${data}total_self_emp.dta", clear

. merge 1:1 statenum quarterdate using "${data}total_imputed.dta", assert(3) no
> generate keepusing(countall)

    Result                      Number of obs
    -----------------------------------------
    Not matched                             0
    Matched                             7,752  
    -----------------------------------------

. 
. merge 1:1 statenum quarterdate using "${data}totalpopulation_1979_2016.dta" ,
> assert(2 3) nogenerate keep(3)

    Result                      Number of obs
    -----------------------------------------
    Not matched                             0
    Matched                             7,752  
    -----------------------------------------

. merge 1:1 statenum quarterdate using "${data}eventclassification.dta", assert
> (1 3) nogenerate
(variable quarterdate was int, now float to accommodate using data's values)

    Result                      Number of obs
    -----------------------------------------
    Not matched                         7,236
        from master                     7,236  
        from using                          0  

    Matched                               516  
    -----------------------------------------

. merge 1:1 statenum quarterdate using `mw_data', assert(2 3) nogenerate keep(3
> )

    Result                      Number of obs
    -----------------------------------------
    Not matched                             0
    Matched                             7,752  
    -----------------------------------------

. replace overallcountgroup = 0 if overallcountgroup==.
(7,383 real changes made)

. assert overallcountgroup!=0 if alltreat==1 & toosmall==0

. sum overallcountgroup,meanonly

. local upperquant = r(max)

. gen year = year(dofq(quarterdate))

. 
. 
. gen self_emp_per_cap = total_self_emp/totalpopulation

. gen self_emp_rate = total_self_emp/countall

. 
. assert self_emp_per_cap!=.

. 
. 
. 
.         cap drop treat 

.         cap drop _treat

.         g _treat_p=0

.                 replace _treat = 1 if overallcountgroup>0 & fedincrease!=1
(138 real changes made)

.          g treat = ( _treat +  L._treat + L2._treat + L3._treat)
(153 missing values generated)

.         cap drop _treat

. 
. 
. cap drop  Dtreat

. g Dtreat = D.treat
(204 missing values generated)

. 
. cap drop _cont

. g _cont = 0

. replace _cont = 1 if ($missedevents | toosmall==1) 
(255 real changes made)

. g tempcont = _cont + L._cont + L2._cont + L3._cont
(153 missing values generated)

. 
. local Tmax3 = 16 + 3

. forval i = 0(1)`Tmax3'{
  2.         if `i' == 0{
  3.         g postcont = _cont
  4.         }
  5.         else {
  6.         replace postcont = postcont + L`i'._cont
  7.         sum postcont, meanonly
  8.         assert r(mean)!=0
  9.         }
 10. }
(306 real changes made, 51 to missing)
(305 real changes made, 51 to missing)
(305 real changes made, 51 to missing)
(303 real changes made, 51 to missing)
(303 real changes made, 51 to missing)
(302 real changes made, 51 to missing)
(302 real changes made, 51 to missing)
(294 real changes made, 51 to missing)
(294 real changes made, 51 to missing)
(294 real changes made, 51 to missing)
(294 real changes made, 51 to missing)
(284 real changes made, 51 to missing)
(284 real changes made, 51 to missing)
(284 real changes made, 51 to missing)
(284 real changes made, 51 to missing)
(274 real changes made, 51 to missing)
(274 real changes made, 51 to missing)
(274 real changes made, 51 to missing)
(274 real changes made, 51 to missing)

. cap drop _cont

. 
. 
. cap drop _contf

. cap drop postcontf

. 
. g _contf = 0

. replace _contf = 1 if (fedincrease==1 &  overallcountgroup>0 )
(231 real changes made)

. g tempcontf = _contf + L._contf + L2._contf + L3._contf
(153 missing values generated)

. 
. local Tmax3 = 16 + 3

. forval i = 0(1)`Tmax3'{
  2.         if `i' == 0{
  3.         g postcontf = _contf
  4. 
.         }
  5.         else {
  6.         replace postcontf = postcontf + L`i'._contf
  7.         sum postcontf, meanonly
  8.         assert r(mean)!=0
  9.         }
 10. }
(282 real changes made, 51 to missing)
(282 real changes made, 51 to missing)
(282 real changes made, 51 to missing)
(282 real changes made, 51 to missing)
(282 real changes made, 51 to missing)
(282 real changes made, 51 to missing)
(282 real changes made, 51 to missing)
(282 real changes made, 51 to missing)
(282 real changes made, 51 to missing)
(282 real changes made, 51 to missing)
(282 real changes made, 51 to missing)
(282 real changes made, 51 to missing)
(282 real changes made, 51 to missing)
(282 real changes made, 51 to missing)
(282 real changes made, 51 to missing)
(282 real changes made, 51 to missing)
(282 real changes made, 51 to missing)
(282 real changes made, 51 to missing)
(282 real changes made, 51 to missing)

. cap drop _contf

. 
. g precontf = F4.tempcontf
(204 missing values generated)

. g precont = F4.tempcont
(204 missing values generated)

. 
. replace precontf = 0 if precontf == .
(204 real changes made)

. replace precont = 0 if precont  == .
(204 real changes made)

. 
. 
. g earlycontf = F12.tempcontf + F8.tempcontf
(612 missing values generated)

. g earlycont = F12.tempcont + F8.tempcont
(612 missing values generated)

. 
. replace earlycontf = 0 if earlycontf == .
(612 real changes made)

. replace earlycont = 0 if earlycont  == .
(612 real changes made)

. 
. 
. 
. foreach j of numlist 4(4)16{
  2.                 cap drop F`j'treat
  3.                 cap drop L`j'treat
  4.                 
.                 g F`j'treat = F`j'.treat
  5.                 g L`j'treat = L`j'.treat
  6.                 
.                 replace F`j'treat = 0 if F`j'treat ==.
  7.                 replace L`j'treat = 0 if L`j'treat ==.
  8.                 
. 
.         }
(204 missing values generated)
(357 missing values generated)
(204 real changes made)
(357 real changes made)
(408 missing values generated)
(561 missing values generated)
(408 real changes made)
(561 real changes made)
(612 missing values generated)
(765 missing values generated)
(612 real changes made)
(765 real changes made)
(816 missing values generated)
(969 missing values generated)
(816 real changes made)
(969 real changes made)

. *
. 
. replace postcont = 0 if postcont == .
(969 real changes made)

. replace postcontf = 1 if postcontf == .
(969 real changes made)

. 
. 
. g cleansample = 1

. replace cleansample = 0 if quarterdate >=136 & quarterdate <=142
(357 real changes made)

. 
. egen avetotalpopulation = mean(totalpopulation) , by(statenum)

. 
. 
. 
. *Note that we do not use most of these either, yet I keep this global in case
>  it is needed.
. 
. global a1  i.statenum i.quarterdate  // TWFE

. global a2  i.statenum i.statenum##c.quarterdate i.quarterdate  // ST

. global a3  i.statenum i.quarterdate##i.division  // DP

. global a4  i.statenum i.statenum##c.quarterdate i.quarterdate##i.division  //
>  ST-DP

. 
. 
. *****************************************************************************
> ***
. **************       Define Treatments         ******************************
> ***
. *****************************************************************************
> ***
. 
. global treat            F12treat F8treat F4treat treat  L4treat L8treat L12tr
> eat L16treat 

. 
. *global minus 0
. global minus (F4treat)

. global lincomagg        (treat-$minus)

. forval i = 4(4)16{
  2. global lincomagg "$lincomagg + (L`i'treat - $minus ) "
  3. }

. *
. 
. global label1 TWFE

. global grlabel1 TWFE

. 
. 
. 
. *****************************************************************************
> ***
. ***************       The Regressions ***************************************
> ***
. *****************************************************************************
> ***                
.                 
. 
. 
. gen all=1

. 
. tempfile temptemp

. save `temptemp', replace        
(file /var/folders/bm/2cq1vtmd5wg6k0vdjfpvbmww0000gn/T//St32034.000003 not
    found)
file /var/folders/bm/2cq1vtmd5wg6k0vdjfpvbmww0000gn/T//St32034.000003 saved
    as .dta format

. 
. local regsample ""

. local graphname "o"

. global weight2 [aw=totalpopulation]

. global weight1 [aw=countall]

. global weight0 [aw=all] 

. local ylabel "ylabel( , labsize(medium))" 

. 
. 
. *To get semi elasticity, get rid of denominator.
.                         local counter = 0

. foreach b in   1979   {
  2.         foreach w in 2    {
  3.                 foreach s in  1  {
  4.                 use `temptemp', clear
  5.                                 *Directly from the main tables.
.                                 local epop = .5711273156241218
  6.                                 sum DMW_real if fedincrease!=1 & overallco
> untgr>0 & year>=`b' & cleansample ==1   ${weight`w'}
  7.                                 local mwc = r(mean)
  8.                                 sum MW_real if  F.fedincrease!=1 & F.overa
> llcountgr>0 & year>=`b' & cleansample ==1   ${weight`w'}
  9.                                 local mw = r(mean)
 10.                                 local mwpc = `mwc'/`mw'
 11.                                 local mwpc2 : di  %04.3f `mwpc'
 12. 
.                                 global E = `epop'
 13.                                 *global E = 1   
.                                 global C = 1/(`epop'*`mwpc')
 14.                                 
.                                 
.                         qui reghdfe self_emp_per_cap $treat if  year>=`b' & c
> leansample==1 ${weight`w'} , absorb( ${a`s'} postcont postcontf  precont prec
> ontf earlycont earlycontf ) cluster(statenum)
 15.                         sum self_emp_per_cap if e(sample)==1 ${weight`w'}
 16.                         local mean_depvar: di %04.3f r(mean)
 17.                         sum quarterdate if e(sample)==1
 18.                         estadd local begquarter = r(min)
 19.                         estadd local endquarter = r(max)
 20. 
.                         *est save "${estimates}Event_agg_`b'_`w'_`s'_epop", r
> eplace
.                         *est use "${estimates}Event_agg_`b'_`w'_`s'_epop"
.                         
.                         local dof = e(df_r)
 21. 
.                         lincom (($lincomagg) * (1/5))/${E}
 22.                         scalar b_`w'=r(estimate)
 23.                         scalar sest_`w'=r(se)
 24.                         scalar pst_`w' = ttail(r(df), r(estimate)/r(se))
 25. 
.                         
. *Figure                 
.                         
. local figcounter= 0
 26.                         foreach vv in F12treat F8treat F4treat treat  L4tr
> eat L8treat L12treat L16treat {
 27.                         local figcounter = `figcounter' +1
 28.                         local counter = `counter' + 1
 29.                         lincom (`vv' - F4treat) / $E
 30.                         if `counter' ==1{
 31.                         mat estimates = ( r(estimate), r(estimate) + 2*r(s
> e), r(estimate) - 2*r(se), `w', `s', 4*`figcounter' - 16 )
 32.                         }
 33.                         else{
 34.                         mat estimates = ( estimates \ r(estimate), r(estim
> ate) + 2*r(se), r(estimate) - 2*r(se), `w', `s', 4*`figcounter' - 16 )
 35.                         }
 36.                         }
 37.                         
.                         
.                         
.                         
.                         
.                         
.                         
.                         }
 38.                 }
 39.         }       

    Variable |     Obs      Weight        Mean   Std. dev.       Min        Max
-------------+-----------------------------------------------------------------
    DMW_real |     137   733548541    .7960962   .4012105   .2514448   2.193727

    Variable |     Obs      Weight        Mean   Std. dev.       Min        Max
-------------+-----------------------------------------------------------------
     MW_real |     189   990047289    7.859571   .9496312   6.075942   11.42869

    Variable |     Obs      Weight        Mean   Std. dev.       Min        Max
-------------+-----------------------------------------------------------------
self_emp_p~p |   7,242  2.9664e+10    .0730511   .0158964   .0263065   .1901308

    Variable |        Obs        Mean    Std. dev.       Min        Max
-------------+---------------------------------------------------------
 quarterdate |      7,242    153.6901    43.94461         79        227

added macro:
         e(begquarter) : "79"

added macro:
         e(endquarter) : "227"

 ( 1)  - 1.750923*F4treat + .3501846*treat + .3501846*L4treat +
       .3501846*L8treat + .3501846*L12treat + .3501846*L16treat = 0

------------------------------------------------------------------------------
self_emp_p~p | Coefficient  Std. err.      t    P>|t|     [95% conf. interval]
-------------+----------------------------------------------------------------
         (1) |   -.000171   .0007436    -0.23   0.819    -.0016644    .0013225
------------------------------------------------------------------------------

 ( 1)  1.750923*F12treat - 1.750923*F4treat = 0

------------------------------------------------------------------------------
self_emp_p~p | Coefficient  Std. err.      t    P>|t|     [95% conf. interval]
-------------+----------------------------------------------------------------
         (1) |      .0007   .0009438     0.74   0.462    -.0011957    .0025957
------------------------------------------------------------------------------

 ( 1)  1.750923*F8treat - 1.750923*F4treat = 0

------------------------------------------------------------------------------
self_emp_p~p | Coefficient  Std. err.      t    P>|t|     [95% conf. interval]
-------------+----------------------------------------------------------------
         (1) |    .000656   .0012665     0.52   0.607    -.0018879    .0031999
------------------------------------------------------------------------------

 ( 1) = 0

------------------------------------------------------------------------------
self_emp_p~p | Coefficient  Std. err.      t    P>|t|     [95% conf. interval]
-------------+----------------------------------------------------------------
         (1) |          0  (omitted)
------------------------------------------------------------------------------

 ( 1)  - 1.750923*F4treat + 1.750923*treat = 0

------------------------------------------------------------------------------
self_emp_p~p | Coefficient  Std. err.      t    P>|t|     [95% conf. interval]
-------------+----------------------------------------------------------------
         (1) |   .0012326   .0007103     1.74   0.089     -.000194    .0026592
------------------------------------------------------------------------------

 ( 1)  - 1.750923*F4treat + 1.750923*L4treat = 0

------------------------------------------------------------------------------
self_emp_p~p | Coefficient  Std. err.      t    P>|t|     [95% conf. interval]
-------------+----------------------------------------------------------------
         (1) |  -.0014484   .0011333    -1.28   0.207    -.0037248    .0008279
------------------------------------------------------------------------------

 ( 1)  - 1.750923*F4treat + 1.750923*L8treat = 0

------------------------------------------------------------------------------
self_emp_p~p | Coefficient  Std. err.      t    P>|t|     [95% conf. interval]
-------------+----------------------------------------------------------------
         (1) |  -.0002552   .0011062    -0.23   0.818    -.0024771    .0019666
------------------------------------------------------------------------------

 ( 1)  - 1.750923*F4treat + 1.750923*L12treat = 0

------------------------------------------------------------------------------
self_emp_p~p | Coefficient  Std. err.      t    P>|t|     [95% conf. interval]
-------------+----------------------------------------------------------------
         (1) |  -.0003036   .0011246    -0.27   0.788    -.0025624    .0019552
------------------------------------------------------------------------------

 ( 1)  - 1.750923*F4treat + 1.750923*L16treat = 0

------------------------------------------------------------------------------
self_emp_p~p | Coefficient  Std. err.      t    P>|t|     [95% conf. interval]
-------------+----------------------------------------------------------------
         (1) |  -.0000801   .0012511    -0.06   0.949     -.002593    .0024328
------------------------------------------------------------------------------

. *       
. 
. svmat estimates

. save "${data}self_emp_forfigure.dta", replace
file
    /Users/brycewang/Documents/GitHub/top5-Econ-Paper-Replications/QJE2019-Mi
    > nimum-Wages-Low-Wage-Jobs/Data/data/self_emp_forfigure.dta saved

. 
.         
. global figlab1 TWFE     

. global figlab2 ST

. global figlab3 DP

. global figlab4 ST_DP

. 
.         foreach w in 2   {
  2.                 foreach s in  1 {
  3. 
. 
. use "${data}self_emp_forfigure.dta", clear
  4. rename estimates1 estA
  5. rename estimates2 highA
  6. rename estimates3 lowA
  7. rename estimates4 weight
  8. rename estimates5 spec
  9. rename estimates6 time
 10. 
. 
. 
. keep if weight == `w'
 11. keep if spec == `s'
 12. 
.         
. 
.                                 twoway ( line estA time  , fcolor(blue) lcolo
> r(blue)  lwidth(thick) yline(0, lcolor(gs10) lwidth(vvthin)) xline(-4, lpatte
> rn(dash) lcolor(black) ) ) ///
>                                 (rcap lowA  highA time  , lwidth(thick) lcolo
> r(blue*1.25) )  ///
>                                 , scheme(s1color) xtitle("Years relative to t
> he minimum wage change", size(medsmall)) ///
>                                 ytitle("Change in Self-employment", height(5)
>  axis(1) size(medsmall))  ///
>                                  ylabel(-0.04(0.01)0.04 0 "0", axis(1) labsiz
> e(medsmall) format(%03.2f)) yscale(titlegap(0) axis(1))  ///
>                                 /*xlabel(-12 "[-12,-9]" -8 "[-8,-5]" -4 "[-4,
> -1]" 0 "[0,3]" 4 "[4,7]" 8 "[8,11]" 12 "[12,15]" 16 "[16,19]", labsize(medsma
> ll)) */ ///
>                                 xlabel(-12 "-3" -8 "-2" -4 "-1" 0 "0" 4 "1" 8
>  "2" 12 "3" 16 "4", labsize(medsmall)) legend(off) /* ///
>                                 title("${label`s'}", size(medium) )  note("$b
> unchch" "$bunchelas" "$belowmasssh" "$abovemasssh"  /*"$elastest"*/, size(sma
> ll) color(blue)) ///
>                                 */
 13. 
.                         gr export "${figures}FigureA3.pdf", replace
 14.         }       
 15. }
(7,744 observations deleted)
(0 observations deleted)
file
    /Users/brycewang/Documents/GitHub/top5-Econ-Paper-Replications/QJE2019-Mi
    > nimum-Wages-Low-Wage-Jobs/Results/Figures/FigureA3.pdf saved as PDF
    format

. *
. 
. 
.         
.         
. 
end of do-file
