-------------------------------------------------------------------------------
      name:  steplogsmcl
       log:  /Users/brycewang/Documents/GitHub/top5-Econ-Paper-Replications/QJE
> 2019-Minimum-Wages-Low-Wage-Jobs/Results/logs/Appendix_Figure_G4_Table_G6.log
  log type:  text
 opened on:  17 Sep 2026, 06:03:05

. 
. clear

. 
. use "${data}qcew_multiplier.dta", clear

. keep statenum quarterdate multiplier

. assert multiplier!=0

. tempfile qcew

. save `qcew'
file /var/folders/bm/2cq1vtmd5wg6k0vdjfpvbmww0000gn/T//St48571.000001 saved
    as .dta format

. 
. 
. 
. 
. use "${data}VZmw_quarterly_lagsleads_1979_2016",clear

. gen mw = exp(logmw)

. gen year = year(dofq(quarterdate))

. gen quarter = quarter(dofq(quarterdate))

. collapse  mw, by(statenum year)

. 
. 
. xtset statenum year

Panel variable: statenum (strongly balanced)
 Time variable: year, 1979 to 2016
         Delta: 1 unit

. forvalues index = 1/5 {
  2.         foreach lagorlead in L F {
  3.                 gen `lagorlead'`index'logmw = log(`lagorlead'`index'.mw)
  4.         }
  5. }
(51 missing values generated)
(51 missing values generated)
(102 missing values generated)
(102 missing values generated)
(153 missing values generated)
(153 missing values generated)
(204 missing values generated)
(204 missing values generated)
(255 missing values generated)
(255 missing values generated)

. gen logmw = log(mw)

. *
. keep if year>=1979 & year<=2016
(0 observations deleted)

. xtset statenum year

Panel variable: statenum (strongly balanced)
 Time variable: year, 1979 to 2016
         Delta: 1 unit

. assert "`r(balanced)'" == "strongly balanced"

. keep year statenum logmw L*mw F*mw

. 
. compress
  variable year was float now int
  (3,876 bytes saved)

. 
. tempfile mwdata

. save `mwdata'
file /var/folders/bm/2cq1vtmd5wg6k0vdjfpvbmww0000gn/T//St48571.000002 saved
    as .dta format

. 
. use "${data}state_panels_cents_balanced_add_QJE.dta", clear

. 
.                 merge m:1 statenum quarterdate using `qcew', assert(3) nogene
> rate

    Result                      Number of obs
    -----------------------------------------
    Not matched                             0
    Matched                           906,984  
    -----------------------------------------

.                 replace count = count * multiplier              
(710,139 real changes made)

.                 replace countall = countall * multiplier
(905,112 real changes made)

.                 
.                 
. 
. gen wagebindollar = floor(wagebin/100)

. drop wagebins

. rename wagebindollar wagebins

. 
.                 *************************************************************
> ***********
.                 **************          Ones that should be summed       ****
> ***********
.                 *************************************************************
> ***********
. 
.                 preserve 

.                         collapse (sum)  count, by(statenum quarterdate wagebi
> ns)

.                         tempfile tempsum

.                         save `tempsum'
file /var/folders/bm/2cq1vtmd5wg6k0vdjfpvbmww0000gn/T//St48571.000004 saved
    as .dta format

.                 restore

. 
.                 *************************************************************
> ***********
.                 ******        Ones that are already at statenumXquarterdate  
>  **********
.                 *************************************************************
> ***********
.                 
.                 preserve

.                         egen tagger=tag(statenum quarterdate)

.                         keep if tagger==1
(899,232 observations deleted)

.                         keep statenum quarterdate countall population year 

.                         tempfile temptag

.                         save `temptag'
file /var/folders/bm/2cq1vtmd5wg6k0vdjfpvbmww0000gn/T//St48571.000006 saved
    as .dta format

.                 restore

.                 
.                 
.                 *************************************************************
> ***********
.                 *********    Merge ave's and sum's      *********************
> ***********
.                 *************************************************************
> ***********
.                 
.                 use `tempsum', clear

. 
.                 reshape wide  count , i(statenum quarterdate) j(wagebin)
(j = 1 2 3 4 5 6 7 8 9 10 11 12 13 14 15 16 17 18 19 20 21 22 23 24 25 26 27 28
>  29 30)

Data                               Long   ->   Wide
-----------------------------------------------------------------------------
Number of observations          232,560   ->   7,752       
Number of variables                   4   ->   32          
j variable (30 values)         wagebins   ->   (dropped)
xij variables:
                                  count   ->   count1 count2 ... count30
-----------------------------------------------------------------------------

.                 merge 1:1 statenum quarterdate using `temptag', nogenerate as
> sert(3)

    Result                      Number of obs
    -----------------------------------------
    Not matched                             0
    Matched                             7,752  
    -----------------------------------------

. 
. 
.                 
. 
. *****************************************************************************
> ***
. ******************       Replicating previous results     *******************
> ***
. *****************************************************************************
> ***
. 
. 
. ds count*
count1    count5    count9    count13   count17   count21   count25   count29
count2    count6    count10   count14   count18   count22   count26   count30
count3    count7    count11   count15   count19   count23   count27   countall
count4    count8    count12   count16   count20   count24   count28

. collapse (mean) population `r(varlist)'  ,by(statenum year)

. 
. merge 1:1 statenum year using `mwdata'

    Result                      Number of obs
    -----------------------------------------
    Not matched                             0
    Matched                             1,938  (_merge==3)
    -----------------------------------------

. rename population totalpopulation

. g epop    = countall/totalpopulation

. 
. g cleansample = 1

. replace cleansample = 0 if year >=1994 & year <=1995
(102 real changes made)

. 
. egen avetotalpopulation = mean(totalpopulation) , by(statenum)

. 
. gen all=1

. xtset statenum year

Panel variable: statenum (strongly balanced)
 Time variable: year, 1979 to 2016
         Delta: 1 unit

. 
. 
. g mw = exp(logmw)

. 
. egen fedmw = min(mw), by(year)

. 
. g fedonly = mw == fedmw

. 
. g pre1995 = year<1995

.  
. g statemin = mw > fedmw if year>=1996
(867 missing values generated)

. egen Statemin = max(statemin), by(statenum)

.  
. cap drop _merge

. merge m:1 statenum using "${data}pvi_7616.dta"

    Result                      Number of obs
    -----------------------------------------
    Not matched                             0
    Matched                             1,938  (_merge==3)
    -----------------------------------------

. 
. g pvi = (pvi2000 + pvi2004 + pvi2008 + pvi2012 + pvi2016)/5 

. 
. cap drop pvi_preshock

. g pvi_preshock = (pvi1980 + pvi1984 + pvi1988 )/3

. 
. cap drop _merge

. merge m:1 statenum using "${data}state_ideologyshares.dta"

    Result                      Number of obs
    -----------------------------------------
    Not matched                            38
        from master                        38  (_merge==1)
        from using                          0  (_merge==2)

    Matched                             1,900  (_merge==3)
    -----------------------------------------

. 
. cap drop _merge

. 
. 
.  
. sort statenum year

. 
. merge 1:1 statenum year using "${data}unionization_state_year.dta" 

    Result                      Number of obs
    -----------------------------------------
    Not matched                           255
        from master                       204  (_merge==1)
        from using                         51  (_merge==2)

    Matched                             1,734  (_merge==3)
    -----------------------------------------

.  
.  
. cap drop _merge

.  
. sort statenum year

. 
. merge 1:1 statenum year using "${data}state_demog.dta" 

    Result                      Number of obs
    -----------------------------------------
    Not matched                            51
        from master                        51  (_merge==1)
        from using                          0  (_merge==2)

    Matched                             1,938  (_merge==3)
    -----------------------------------------

.  
.  
. foreach j in avewage  union  hslshare  {
  2.         
.         cap drop *`j'80s
  3.         g _`j'80s = `j' if year <1990
  4. 
.         egen `j'80s = mean(_`j'80s), by(statenum) 
  5.  
.  }
(1,428 missing values generated)
(1,632 missing values generated)
(1,428 missing values generated)

.  *
. xtset statenum year

Panel variable: statenum (strongly balanced)
 Time variable: year, 1979 to 2017
         Delta: 1 unit

. 
. 
. g Dem = pvi<0

. 
.   
. cap drop *group*

. egen pop_group = sum(totalpopulation), by(Statemin year)        

. 
. 
. 
. cap drop midwage* 

.   
.  
. foreach j in epop logmw  { 
  2.  
.         egen `j'pop_group = sum(`j'*totalpopulation), by(Statemin year) 
  3.         g `j'_group =  `j'pop_group/pop_group
  4.         egen `j'_group_unwtd = mean(`j') , by(statemin year)
  5.         
.         
.         egen `j'_group_1 = mean(`j'_group*Statemin) , by(year)
  6.         egen `j'_group_0 = mean(`j'_group*(1-Statemin)) , by(year)
  7.         
.         gen dif_`j'_group =  `j'_group_1-`j'_group_0
  8.         
.         
. 
. }
(51 missing values generated)
(51 missing values generated)
(51 missing values generated)
(51 missing values generated)
(51 missing values generated)
(51 missing values generated)
(51 missing values generated)
(51 missing values generated)
(51 missing values generated)
(51 missing values generated)

. 
. twoway line logmw_group  year if Statemin==0 & statenum ==1 , lcolor(red)  lw
> idth(thick) ||  ///
> line logmw_group  year if Statemin==1 &  statenum==4 , lcolor(blue)  lwidth(t
> hick) lpattern(dash) graphregion(color(white)) ///
> xtitle("")  ytitle("log of Minimum Wage") legend(off)  name(g1, replace) xlab
> el(1980(4)2016) ylabel(1(0.25)2.25)

. 
.   
. twoway line epop_group  year if Statemin==0 & statenum ==1  , lcolor(red) lwi
> dth(thick) ||  ///
> line epop_group  year if Statemin==1 &  statenum==4 , lcolor(blue)  lwidth(th
> ick)   lpattern(dash) graphregion(color(white))  ///
> xtitle(Year)  ytitle("Employment rate") legend(order(1 "States with only fede
> ral MW in 1996-2016" 2 "States with MW higher than the federal at least once 
> in 1996-2016") rows(2)) name(g2, replace) xlabel(1980(4)2016) ylabel(0.5(0.05
> )0.65, format(%04.3f))

. grc1leg g1 g2,  legendfrom(g2) graphregion(color(white)) col(1) name(g3, repl
> ace)

. graph display g3, xsize(6) ysize(5)

.  
. gr export "${figures}FigureG4.pdf", replace
file
    /Users/brycewang/Documents/GitHub/top5-Econ-Paper-Replications/QJE2019-Mi
    > nimum-Wages-Low-Wage-Jobs/Results/Figures/FigureG4.pdf saved as PDF
    format

. 
. 
. 
. cap drop *shock*

. 
. 
. foreach y in epop {
  2. 
.         g _shock91_`y' = S3.L24.`y' if year==2016
  3.         egen shock91_`y' = mean(_shock91_`y'), by(statenum)
  4.         
.         
.   }
(1,938 missing values generated)

. *
.   
. 
.  
. reg  Statemin shock91_epop    if year==2016

      Source |       SS           df       MS      Number of obs   =        51
-------------+----------------------------------   F(1, 49)        =      4.99
       Model |  .977849323         1  .977849323   Prob > F        =    0.0302
    Residual |  9.61038597        49  .196130326   R-squared       =    0.0924
-------------+----------------------------------   Adj R-squared   =    0.0738
       Total |  10.5882353        50  .211764706   Root MSE        =    .44287

------------------------------------------------------------------------------
    Statemin | Coefficient  Std. err.      t    P>|t|     [95% conf. interval]
-------------+----------------------------------------------------------------
shock91_epop |  -4.111982   1.841567    -2.23   0.030     -7.81275   -.4112138
       _cons |   .6818853    .062938    10.83   0.000     .5554067     .808364
------------------------------------------------------------------------------

. reg  Statemin shock91_epop    if year==2016  [aw=totalpop], robust  
(sum of wgt is 253,538,353.6875)

Linear regression                               Number of obs     =         51
                                                F(1, 49)          =      10.15
                                                Prob > F          =     0.0025
                                                R-squared         =     0.0941
                                                Root MSE          =     .43241

------------------------------------------------------------------------------
             |               Robust
    Statemin | Coefficient  std. err.      t    P>|t|     [95% conf. interval]
-------------+----------------------------------------------------------------
shock91_epop |  -4.203856   1.319398    -3.19   0.003    -6.855286   -1.552426
       _cons |   .6486349   .0968637     6.70   0.000     .4539801    .8432897
------------------------------------------------------------------------------

. lincomestadd -shock91_epop    , statname(shock)

 ( 1)  - shock91_epop = 0

------------------------------------------------------------------------------
    Statemin | Coefficient  Std. err.      t    P>|t|     [95% conf. interval]
-------------+----------------------------------------------------------------
         (1) |   4.203856   1.319398     3.19   0.003     1.552426    6.855286
------------------------------------------------------------------------------

added macro:
             e(shockb) : "4.204***"

added macro:
            e(shockse) : "(1.319)"

. eststo e1

. 
. reg  Statemin union80s  avewage80s  hslshare80s if year==2016  [aw=totalpop],
>  robust  
(sum of wgt is 253,538,353.6875)

Linear regression                               Number of obs     =         51
                                                F(3, 47)          =       4.35
                                                Prob > F          =     0.0087
                                                R-squared         =     0.3449
                                                Root MSE          =     .37545

------------------------------------------------------------------------------
             |               Robust
    Statemin | Coefficient  std. err.      t    P>|t|     [95% conf. interval]
-------------+----------------------------------------------------------------
    union80s |   3.111085   1.065084     2.92   0.005     .9684118    5.253759
  avewage80s |   .0005829   .0013586     0.43   0.670    -.0021503    .0033161
 hslshare80s |  -1.411602   1.094084    -1.29   0.203    -3.612615    .7894099
       _cons |   .0868142   2.768731     0.03   0.975    -5.483154    5.656783
------------------------------------------------------------------------------

. reg  Statemin shock91_epop     union80s  avewage80s  hslshare80s if year==201
> 6  [aw=totalpop], robust  
(sum of wgt is 253,538,353.6875)

Linear regression                               Number of obs     =         51
                                                F(4, 46)          =       5.16
                                                Prob > F          =     0.0016
                                                R-squared         =     0.3515
                                                Root MSE          =     .37761

------------------------------------------------------------------------------
             |               Robust
    Statemin | Coefficient  std. err.      t    P>|t|     [95% conf. interval]
-------------+----------------------------------------------------------------
shock91_epop |  -1.473367   1.864392    -0.79   0.433    -5.226193    2.279459
    union80s |   3.006523    1.12369     2.68   0.010     .7446534    5.268393
  avewage80s |   .0007017   .0013832     0.51   0.614    -.0020826     .003486
 hslshare80s |  -.8381409   1.496053    -0.56   0.578    -3.849539    2.173257
       _cons |  -.4961293   2.971746    -0.17   0.868    -6.477944    5.485686
------------------------------------------------------------------------------

. lincomestadd -shock91_epop    , statname(shock)

 ( 1)  - shock91_epop = 0

------------------------------------------------------------------------------
    Statemin | Coefficient  Std. err.      t    P>|t|     [95% conf. interval]
-------------+----------------------------------------------------------------
         (1) |   1.473367   1.864392     0.79   0.433    -2.279459    5.226193
------------------------------------------------------------------------------

added macro:
             e(shockb) : "1.473"

added macro:
            e(shockse) : "(1.864)"

. lincomestadd union80s    , statname(union)

 ( 1)  union80s = 0

------------------------------------------------------------------------------
    Statemin | Coefficient  Std. err.      t    P>|t|     [95% conf. interval]
-------------+----------------------------------------------------------------
         (1) |   3.006523    1.12369     2.68   0.010     .7446534    5.268393
------------------------------------------------------------------------------

added macro:
             e(unionb) : "3.007**"

added macro:
            e(unionse) : "(1.124)"

. lincomestadd avewage80s   , statname(wage)  

 ( 1)  avewage80s = 0

------------------------------------------------------------------------------
    Statemin | Coefficient  Std. err.      t    P>|t|     [95% conf. interval]
-------------+----------------------------------------------------------------
         (1) |   .0007017   .0013832     0.51   0.614    -.0020826     .003486
------------------------------------------------------------------------------

added macro:
              e(wageb) : "0.001"

added macro:
             e(wagese) : "(0.001)"

. lincomestadd hslshare80s  , statname(hslshare)

 ( 1)  hslshare80s = 0

------------------------------------------------------------------------------
    Statemin | Coefficient  Std. err.      t    P>|t|     [95% conf. interval]
-------------+----------------------------------------------------------------
         (1) |  -.8381409   1.496053    -0.56   0.578    -3.849539    2.173257
------------------------------------------------------------------------------

added macro:
          e(hslshareb) : "-0.838"

added macro:
         e(hslsharese) : "(1.496)"

. eststo e2

. 
. reg  Statemin shock91_epop pvi   if year==2016  [aw=totalpop], robust 
(sum of wgt is 253,538,353.6875)

Linear regression                               Number of obs     =         51
                                                F(2, 48)          =      17.95
                                                Prob > F          =     0.0000
                                                R-squared         =     0.4847
                                                Root MSE          =      .3295

------------------------------------------------------------------------------
             |               Robust
    Statemin | Coefficient  std. err.      t    P>|t|     [95% conf. interval]
-------------+----------------------------------------------------------------
shock91_epop |   3.515329   1.812747     1.94   0.058    -.1294433    7.160101
         pvi |  -2.252779   .4644563    -4.85   0.000    -3.186631   -1.318927
       _cons |   .7461014   .0542111    13.76   0.000     .6371028    .8551001
------------------------------------------------------------------------------

. ivreg2  Statemin shock91_epop (pvi  = pvi1988) if year==2016  [aw=totalpop], 
> robust ffirst first small
(sum of wgt is     2.5354e+08)

First-stage regressions
-----------------------


First-stage regression of pvi:

Statistics robust to heteroskedasticity
Number of obs =                     51
------------------------------------------------------------------------------
             |               Robust
         pvi | Coefficient  std. err.      t    P>|t|     [95% conf. interval]
-------------+----------------------------------------------------------------
     pvi1988 |   .9573957   .1107449     8.65   0.000     .7347282    1.180063
shock91_epop |   2.878376   .3065031     9.39   0.000     2.262111    3.494642
       _cons |  -.0537105   .0169992    -3.16   0.003    -.0878897   -.0195313
------------------------------------------------------------------------------
F test of excluded instruments:
  F(  1,    48) =    74.74
  Prob > F      =   0.0000
Sanderson-Windmeijer multivariate F test of excluded instruments:
  F(  1,    48) =    74.74
  Prob > F      =   0.0000



Summary results for first-stage regressions
-------------------------------------------

                                           (Underid)            (Weak id)
Variable     | F(  1,    48)  P-val | SW Chi-sq(  1) P-val | SW F(  1,    48)
pvi          |      74.74    0.0000 |       79.41   0.0000 |       74.74

NB: first-stage test statistics heteroskedasticity-robust

Stock-Yogo weak ID F test critical values for single endogenous regressor:
                                   10% maximal IV size             16.38
                                   15% maximal IV size              8.96
                                   20% maximal IV size              6.66
                                   25% maximal IV size              5.53
Source: Stock-Yogo (2005).  Reproduced by permission.
NB: Critical values are for i.i.d. errors only.

Underidentification test
Ho: matrix of reduced form coefficients has rank=K1-1 (underidentified)
Ha: matrix has rank=K1 (identified)
Kleibergen-Paap rk LM statistic          Chi-sq(1)=16.31    P-val=0.0001

Weak identification test
Ho: equation is weakly identified
Cragg-Donald Wald F statistic                                      84.81
Kleibergen-Paap Wald rk F statistic                                74.74

Stock-Yogo weak ID test critical values for K1=1 and L1=1:
                                   10% maximal IV size             16.38
                                   15% maximal IV size              8.96
                                   20% maximal IV size              6.66
                                   25% maximal IV size              5.53
Source: Stock-Yogo (2005).  Reproduced by permission.
NB: Critical values are for Cragg-Donald F statistic and i.i.d. errors.

Weak-instrument-robust inference
Tests of joint significance of endogenous regressors B1 in main equation
Ho: B1=0 and orthogonality conditions are valid
Anderson-Rubin Wald test           F(1,48)=        9.09     P-val=0.0041
Anderson-Rubin Wald test           Chi-sq(1)=      9.66     P-val=0.0019
Stock-Wright LM S statistic        Chi-sq(1)=     15.99     P-val=0.0001

NB: Underidentification, weak identification and weak-identification-robust
    test statistics heteroskedasticity-robust

Number of observations               N  =         51
Number of regressors                 K  =          3
Number of endogenous regressors      K1 =          1
Number of instruments                L  =          3
Number of excluded instruments       L1 =          1

IV (2SLS) estimation
--------------------

Estimates efficient for homoskedasticity only
Statistics robust to heteroskedasticity

                                                      Number of obs =       51
                                                      F(  2,    48) =    15.54
                                                      Prob > F      =   0.0000
Total (centered) SS     =  10.11357811                Centered R2   =   0.4811
Total (uncentered) SS   =  37.09558176                Uncentered R2 =   0.8585
Residual SS             =  5.248347637                Root MSE      =    .3307

------------------------------------------------------------------------------
             |               Robust
    Statemin | Coefficient  std. err.      t    P>|t|     [95% conf. interval]
-------------+----------------------------------------------------------------
         pvi |  -2.035218   .5761008    -3.53   0.001    -3.193546   -.8768893
shock91_epop |   2.769852   2.305626     1.20   0.236     -1.86592    7.405623
       _cons |   .7366886    .056764    12.98   0.000      .622557    .8508203
------------------------------------------------------------------------------
Underidentification test (Kleibergen-Paap rk LM statistic):             16.309
                                                   Chi-sq(1) P-val =    0.0001
------------------------------------------------------------------------------
Weak identification test (Cragg-Donald Wald F statistic):               84.806
                         (Kleibergen-Paap rk Wald F statistic):         74.737
Stock-Yogo weak ID test critical values: 10% maximal IV size             16.38
                                         15% maximal IV size              8.96
                                         20% maximal IV size              6.66
                                         25% maximal IV size              5.53
Source: Stock-Yogo (2005).  Reproduced by permission.
NB: Critical values are for Cragg-Donald F statistic and i.i.d. errors.
------------------------------------------------------------------------------
Hansen J statistic (overidentification test of all instruments):         0.000
                                                 (equation exactly identified)
------------------------------------------------------------------------------
Instrumented:         pvi
Included instruments: shock91_epop
Excluded instruments: pvi1988
------------------------------------------------------------------------------

. lincomestadd -shock91_epop    , statname(shock)

 ( 1)  - shock91_epop = 0

------------------------------------------------------------------------------
    Statemin | Coefficient  Std. err.      t    P>|t|     [95% conf. interval]
-------------+----------------------------------------------------------------
         (1) |  -2.769852   2.305626    -1.20   0.236    -7.405623     1.86592
------------------------------------------------------------------------------

added macro:
             e(shockb) : "-2.770"

added macro:
            e(shockse) : "(2.306)"

. lincomestadd pvi    , statname(pvi)

 ( 1)  pvi = 0

------------------------------------------------------------------------------
    Statemin | Coefficient  Std. err.      t    P>|t|     [95% conf. interval]
-------------+----------------------------------------------------------------
         (1) |  -2.035218   .5761008    -3.53   0.001    -3.193546   -.8768893
------------------------------------------------------------------------------

added macro:
               e(pvib) : "-2.035***"

added macro:
              e(pvise) : "(0.576)"

. 
. local temp =  e(widstat)

. local Fstat1: di %05.3f `temp'

. di "`Fstat1'"
74.737

. estadd local Fstat1 "`Fstat1'"

added macro:
             e(Fstat1) : "74.737"

. estadd local IVspec "Y"

added macro:
             e(IVspec) : "Y"

. eststo e3

. 
. 
. esttab e1 e2 e3 using "${tables}TableG6.tex", replace ///
>          stats(shockb shockse blankspace unionb unionse blankspace wageb wage
> se blankspace hslshareb hslsharese blankspace pvib pvise blankspace IVspec Fs
> tat1  N, label("Severity of the 1990s shock" " " " " "Unionization rate in th
> e 1980s" " " " " "Average wage in the 1980s" " " " " "HSL share in the 1980s"
>  " " " "  "PVI: Rep-Dem Vote Share in 2000s" " " " "   "IV specification" "Fi
> rst stage F-statistic" "Number of observations"  )) ///
>         nodep addnotes("`footnotes'") nogaps cells(none) nomtitles fragment b
> ooktabs
(file
    /Users/brycewang/Documents/GitHub/top5-Econ-Paper-Replications/QJE2019-Mi
    > nimum-Wages-Low-Wage-Jobs/Results/Tables/TableG6.tex not found)
(output written to /Users/brycewang/Documents/GitHub/top5-Econ-Paper-Replicatio
> ns/QJE2019-Minimum-Wages-Low-Wage-Jobs/Results/Tables/TableG6.tex)

.  
. 
end of do-file
