-------------------------------------------------------------------------------
      name:  steplogsmcl
       log:  /Users/brycewang/Documents/GitHub/top5-Econ-Paper-Replications/QJE
> 2019-Minimum-Wages-Low-Wage-Jobs/Results/logs/Appendix_TableG2_cols_2_3_4.log
  log type:  text
 opened on:  17 Sep 2026, 06:03:28

. clear 

. 
. *****************************************************************************
> ***
. **************    Reshaping the original data    ****************************
> ***
. *****************************************************************************
> ***
. 
. use "${data}qcew_multiplier.dta", clear

. keep statenum quarterdate multiplier 

. assert multiplier!=0

. tempfile qcew

. save `qcew'
file /var/folders/bm/2cq1vtmd5wg6k0vdjfpvbmww0000gn/T//St48708.000001 saved
    as .dta format

. 
. 
. 
. 
. use "${data}VZmw_quarterly_lagsleads_1979_2016",clear

. gen mw = exp(logmw)

. gen year = year(dofq(quarterdate))

. gen quarter = quarter(dofq(quarterdate))

. collapse  mw, by(statenum year)

. 
. 
. xtset statenum year

Panel variable: statenum (strongly balanced)
 Time variable: year, 1979 to 2016
         Delta: 1 unit

. forvalues index = 1/4 {
  2.         foreach lagorlead in L F {
  3.                 gen `lagorlead'`index'logmw = log(`lagorlead'`index'.mw)
  4.         }
  5. }
(51 missing values generated)
(51 missing values generated)
(102 missing values generated)
(102 missing values generated)
(153 missing values generated)
(153 missing values generated)
(204 missing values generated)
(204 missing values generated)

. gen logmw = log(mw)

. *
. keep if year>=1979 
(0 observations deleted)

. xtset statenum year

Panel variable: statenum (strongly balanced)
 Time variable: year, 1979 to 2016
         Delta: 1 unit

. assert "`r(balanced)'" == "strongly balanced"

. keep year statenum logmw L*mw F*mw

. 
. compress
  variable year was float now int
  (3,876 bytes saved)

. 
. tempfile mwdata

. save `mwdata'
file /var/folders/bm/2cq1vtmd5wg6k0vdjfpvbmww0000gn/T//St48708.000002 saved
    as .dta format

. 
. 
. *****************************************************************************
> ***
. ****************               Reshaping the data                  **********
> ***
. *****************************************************************************
> ***
. 
. 
. use statenum quarterdate wagebins first_pop fourth_pop fifth_pop first_count 
> fourth_count fifth_count using "${data}CK_groups.dta", clear

. egen tagger = tag(statenum quarterdate)

. rename first_pop        totalpopulation1

. rename fourth_pop       totalpopulation2

. rename fifth_pop        totalpopulation3

. 
. foreach vv in first_ fourth_ fifth_{
  2. bys statenum quarterdate: egen _limited_`vv'countall = total(`vv'count) if
>  wagebins<1500
  3. bys statenum quarterdate: egen _upper_`vv'countall = total(`vv'count) if w
> agebins>=1500
  4. bys statenum quarterdate: egen limited_`vv'countall  = max(_limited_`vv'co
> untall)
  5. bys statenum quarterdate: egen upper_`vv'countall  = max(_upper_`vv'counta
> ll)
  6. }
(405,249 missing values generated)
(306,149 missing values generated)
(405,249 missing values generated)
(306,149 missing values generated)
(405,249 missing values generated)
(306,149 missing values generated)

. *
. keep if tagger
(703,646 observations deleted)

. drop tagger

. cap drop _*

. tempfile grouppop

. save `grouppop'
file /var/folders/bm/2cq1vtmd5wg6k0vdjfpvbmww0000gn/T//St48708.000003 saved
    as .dta format

. 
. 
. use statenum quarterdate population using "${data}state_panels_cents_balanced
> _add_QJE.dta", clear

. egen tagger = tag(statenum quarterdate)

. keep if tagger
(899,232 observations deleted)

. drop tagger

. tempfile pop

. save `pop'
file /var/folders/bm/2cq1vtmd5wg6k0vdjfpvbmww0000gn/T//St48708.000004 saved
    as .dta format

. 
. 
. use "${data}CK_predicted_groups_collapsed.dta", clear

.                 merge m:1 statenum quarterdate using `qcew', nogenerate asser
> t(3)

    Result                      Number of obs
    -----------------------------------------
    Not matched                             0
    Matched                            23,256  
    -----------------------------------------

.                 replace preds_group_countall = preds_group_countall* multipli
> er         
(23,208 real changes made)

.                 keep preds_group_countall logwage wage min_preds statenum qua
> rterdate preds_group multiplier

.                 reshape wide preds_group_countall logwage wage min_preds mult
> iplier , i(statenum quarterdate) j(preds_group)
(j = 1 2 3)

Data                               Long   ->   Wide
-----------------------------------------------------------------------------
Number of observations           23,256   ->   7,752       
Number of variables                   8   ->   17          
j variable (3 values)       preds_group   ->   (dropped)
xij variables:
                   preds_group_countall   ->   preds_group_countall1 preds_grou
> p_countall2 preds_group_countall3
                                logwage   ->   logwage1 logwage2 logwage3
                                   wage   ->   wage1 wage2 wage3
                              min_preds   ->   min_preds1 min_preds2 min_preds3
                             multiplier   ->   multiplier1 multiplier2 multipli
> er3
-----------------------------------------------------------------------------

.                 
. merge 1:1 statenum quarterdate using `pop', assert(3) nogenerate

    Result                      Number of obs
    -----------------------------------------
    Not matched                             0
    Matched                             7,752  
    -----------------------------------------

. merge 1:1 statenum quarterdate using `grouppop', assert(3) nogenerate

    Result                      Number of obs
    -----------------------------------------
    Not matched                             0
    Matched                             7,752  
    -----------------------------------------

. 
. foreach vv in first_ fourth_ fifth_{
  2. replace limited_`vv'countall = limited_`vv'countall * multiplier1         
>       
  3. replace upper_`vv'countall = upper_`vv'countall * multiplier1           
  4. }
(7,736 real changes made)
(6,227 real changes made)
(7,736 real changes made)
(7,736 real changes made)
(7,736 real changes made)
(7,736 real changes made)

. 
. foreach vv of varlist limited* upper* *population* preds_group_countall* {
  2. assert `vv'!=.
  3. }

. 
. gen year = year(dofq(quarterdate))

. collapse (mean) limited* upper* *population* preds_group_countall* logwage*, 
> by(statenum year)

. 
. 
. merge 1:1 statenum year using `mwdata',assert(3) nogenerate

    Result                      Number of obs
    -----------------------------------------
    Not matched                             0
    Matched                             1,938  
    -----------------------------------------

.         
.         
.         
.         
. *****************************************************************************
> ***
. *************            Preparing the data for regressions       ***********
> ***
. *****************************************************************************
> ***        
.         
.         
. rename population totalpopulation       

. 
. *
. 
. local vv1 "first_"

. local vv2 "fourth_"

. local vv3 "fifth_"

. 
. forval j = 1/3 { 
  2.         g percap`j'             = preds_group_countall`j'/totalpopulation
  3.         g limited_percap`j' = limited_`vv`j''countall/totalpopulation
  4.         g upper_percap`j'       = upper_`vv`j''countall/totalpopulation
  5.         
. }

. *
. 
. gen countall  = preds_group_countall1

. forval j = 2/3 { 
  2.         replace countall= countall +  preds_group_countall`j'
  3. }
(1,938 real changes made)
(1,938 real changes made)

. 
. g epop    = countall/totalpopulation

. 
. 
. g cleansample = 1

. replace cleansample = 0 if year >=1994 & year <=1995
(102 real changes made)

. 
. egen avetotalpopulation = mean(totalpopulation) , by(statenum)

. egen avetotalpopulation1 = mean(totalpopulation1) , by(statenum)

. egen avetotalpopulation2 = mean(totalpopulation2) , by(statenum)

. egen avetotalpopulation3 = mean(totalpopulation3) , by(statenum)

. 
. 
. *Note that we do not use most of these either, yet I keep this global in case
>  it is needed.
. 
. global a1  i.statenum i.year  // TWFE

. 
. global fda1 i.year

. 
. *****************************************************************************
> ***
. **************       Define Treatments         ******************************
> ***
. *****************************************************************************
> ***
. *To keep all as flexible as possible, I am adding lincom too.
. 
. global treat            F2logmw F1logmw logmw L1logmw L2logmw L3logmw L4logmw
>  

. global lincom0          logmw 

. global lincom1          logmw + L1logmw 

. global lincom2          logmw + L1logmw + L2logmw 

. global lincom3          logmw + L1logmw + L2logmw + L3logmw 

. global lincom4          logmw + L1logmw + L2logmw + L3logmw + L4logmw 

. global lincomagg ((${lincom0} + ${lincom1} + ${lincom2} + ${lincom3} + ${linc
> om4}) * 1/5)

. global lincomm2         -F1logmw

. global lincomm3         -F1logmw-F2logmw

. global lincomm1         0

. 
. 
. 
. global treat_FD                         D.F2logmw D.F1logmw D.logmw D.L1logmw
>  D.L2logmw D.L3logmw D.L4logmw

. 
. global lincom0_FD D.logmw

. global lincom1_FD D.logmw + D.L1logmw

. global lincom2_FD D.logmw + D.L1logmw + D.L2logmw

. global lincom3_FD D.logmw + D.L1logmw + D.L2logmw + D.L3logmw

. global lincom4_FD D.logmw + D.L1logmw + D.L2logmw + D.L3logmw + D.L4logmw

. global lincomagg_FD ((${lincom0_FD} + ${lincom1_FD} + ${lincom2_FD} + ${linco
> m3_FD} + ${lincom4_FD}) * 1/5)

. 
. global lincomm2_FD      -D.F1logmw 

. global lincomm3_FD      -D.F1logmw -D.F2logmw 

. global lincomm1_FD      0

. 
. 
. global lincom0_inter D.logmw - D.F1logmw

. global lincom1_inter D.L1logmw - D.F1logmw

. global lincom2_inter D.L2logmw - D.F1logmw

. global lincom3_inter D.L3logmw  - D.F1logmw

. global lincom4_inter D.L4logmw  - D.F1logmw

. 
. global lincomm2_inter           D.F2logmw -D.F1logmw 

. global lincomm3_inter           -D.F1logmw 

. global lincomm1_inter           0

. global lincomagg_inter ((${lincom0_inter} + ${lincom1_inter} + ${lincom2_inte
> r} + ${lincom3_inter} + ${lincom4_inter}) * 1/5)

. 
. global label1 TWFE

. global grlabel1 TWFE

. global label2 ST

. global grlabel2 ST

. 
. 
. 
. *****************************************************************************
> ***
. ***************       The Regressions ***************************************
> ***
. *****************************************************************************
> ***                
.                 
. 
. 
. gen all=1

. xtset statenum year

Panel variable: statenum (strongly balanced)
 Time variable: year, 1979 to 2016
         Delta: 1 unit

. 
. tempfile temptemp

. save `temptemp', replace        
(file /var/folders/bm/2cq1vtmd5wg6k0vdjfpvbmww0000gn/T//St48708.000005 not
    found)
file /var/folders/bm/2cq1vtmd5wg6k0vdjfpvbmww0000gn/T//St48708.000005 saved
    as .dta format

. 
. local regsample ""

. local graphname "o"

. global weight2 [aw=altweight]

. global weight1 [aw=avetotalpopulation]

. global weight11 [aw=avetotalpopulation]

. global weight12 [aw=avetotalpopulation]

. global weight13 [aw=avetotalpopulation]

. global weight0 [aw=all]

. local ylabel `"ylabel(-0.2 "-0.2" -0.1 "-0.1" 0 "0" 0.1 "0.1" , labsize(mediu
> m))"' 

. 
. local first_title               "Top 10%"

. local fourth_title              "10%-50%"

. local fifth_title               "Bottom 50%"

. 
. 
. 
. *To get semi elasticity, get rid of denominator.
. foreach b in   1979   {
  2.         foreach w in 1  {
  3.                 
.                 sum epop if  year>=`b' & cleansample==1  ${weight`w'}
  4.                 local denominator = r(mean)
  5.                 foreach s in      1 {
  6.                 use `temptemp', clear
  7.                         forval k=1(1)3{
  8. 
.                                 local epop = `denominator'
  9.                         
.                                 global E = `epop'
 10.                                                                 
.                                 reghdfe percap`k' $treat if  year>=`b' & clea
> nsample==1   ${weight`w'}, a( ${a`s'} ) cluster(statenum)
 11.                                 lincomestadd ( $lincomagg ) / ${E}, statna
> me(allemp)
 12. 
.                                 local allempb = e(allempb)
 13.                                 local allempse = e(allempse)
 14.                                 
.                                 
.                                 reghdfe limited_percap`k' $treat if  year>=`b
> ' & cleansample==1   ${weight`w'}, a( ${a`s'} ) cluster(statenum)
 15.                                 lincomestadd ( $lincomagg ) /  ${E}, statn
> ame(below15emp)
 16. 
.                                 local below15empb = e(below15empb)
 17.                                 local below15empse = e(below15empse)
 18.                                 
.                                 reghdfe upper_percap`k' $treat if  year>=`b' 
> & cleansample==1   ${weight`w'}, a( ${a`s'}  ) cluster(statenum)
 19.                                 lincomestadd ( $lincomagg ) /  ${E}, statn
> ame(over15emp)
 20.                                                                 
.                                 estadd local below15empb "`below15empb'"
 21.                                 estadd local below15empse "`below15empse'"
 22. 
.                                 estadd local allempb "`allempb'"
 23.                                 estadd local allempse "`allempse'"
 24.                                 
.                                 est save "${estimates}continuous_aggregate_CK
> group`k'_empelas_${label`s'}", replace                             
 25.                                 
.                                 
. 
.                                 reghdfe D.percap`k' ${treat_FD} if  year>=`b'
>  & cleansample==1   ${weight`w'}, a( ${fda`s'}  ) cluster(statenum)
 26.                                 lincomestadd ( $lincomagg_FD ) / ${E}, sta
> tname(allemp)
 27.                                 local allempb = e(allempb)
 28.                                 local allempse = e(allempse)
 29.                                 
.                                 
.                                 reghdfe D.limited_percap`k' ${treat_FD} if  y
> ear>=`b' & cleansample==1   ${weight`w'}, a( ${fda`s'}  ) cluster(statenum)
 30.                                 lincomestadd ( $lincomagg_FD ) /  ${E}, st
> atname(below15emp)
 31. 
.                                 local below15empb = e(below15empb)
 32.                                 local below15empse = e(below15empse)
 33.                                 
.                                 reghdfe D.upper_percap`k' ${treat_FD} if  yea
> r>=`b' & cleansample==1   ${weight`w'}, a( ${fda`s'}  ) cluster(statenum)
 34.                                 lincomestadd ( $lincomagg_FD ) /  ${E}, st
> atname(over15emp)
 35.                                                                 
.                                 estadd local below15empb "`below15empb'"
 36.                                 estadd local below15empse "`below15empse'"
 37. 
.                                 estadd local allempb "`allempb'"
 38.                                 estadd local allempse "`allempse'"
 39.                                 est save "${estimates}continuous_FD_aggreg
> ate_CKgroup`k'_empelas_${label`s'}", replace                          
 40.                                 
.                                                                 
.                                 
.                         } // k
 41.                 } // s
 42.         } // w
 43. } // b

    Variable |     Obs      Weight        Mean   Std. dev.       Min        Max
-------------+-----------------------------------------------------------------
        epop |   1,836  7.4707e+09    .5627277    .059521   .3797893   1.540421
(MWFE estimator converged in 2 iterations)

HDFE Linear regression                            Number of obs   =      1,530
Absorbing 2 HDFE groups                           F(   7,     50) =       1.57
Statistics robust to heteroskedasticity           Prob > F        =     0.1649
                                                  R-squared       =     0.8591
                                                  Adj R-squared   =     0.8507
                                                  Within R-sq.    =     0.0416
Number of clusters (statenum) =         51        Root MSE        =     0.0058

                              (Std. err. adjusted for 51 clusters in statenum)
------------------------------------------------------------------------------
             |               Robust
     percap1 | Coefficient  std. err.      t    P>|t|     [95% conf. interval]
-------------+----------------------------------------------------------------
     F2logmw |  -.0237403   .0120685    -1.97   0.055    -.0479806    .0005001
     F1logmw |   .0145952   .0110509     1.32   0.193    -.0076012    .0367915
       logmw |   -.009047   .0069958    -1.29   0.202    -.0230984    .0050045
     L1logmw |   .0066926   .0083558     0.80   0.427    -.0100904    .0234757
     L2logmw |  -.0042509   .0079297    -0.54   0.594    -.0201782    .0116764
     L3logmw |   .0056611   .0075333     0.75   0.456    -.0094701    .0207922
     L4logmw |  -.0183529   .0118181    -1.55   0.127    -.0420903    .0053845
       _cons |   .1019861   .0181887     5.61   0.000     .0654531    .1385192
------------------------------------------------------------------------------

Absorbed degrees of freedom:
-----------------------------------------------------+
 Absorbed FE | Categories  - Redundant  = Num. Coefs |
-------------+---------------------------------------|
    statenum |        51          51           0    *|
        year |        30           1          29     |
-----------------------------------------------------+
* = FE nested within cluster; treated as redundant for DoF computation

 ( 1)  1.777059*logmw + 1.421647*L1logmw + 1.066235*L2logmw + .7108234*L3logmw
       + .3554117*L4logmw = 0

------------------------------------------------------------------------------
     percap1 | Coefficient  Std. err.      t    P>|t|     [95% conf. interval]
-------------+----------------------------------------------------------------
         (1) |  -.0135937   .0092374    -1.47   0.147    -.0321475    .0049601
------------------------------------------------------------------------------

added macro:
            e(allempb) : "-0.014"

added macro:
           e(allempse) : "(0.009)"
(MWFE estimator converged in 2 iterations)

HDFE Linear regression                            Number of obs   =      1,530
Absorbing 2 HDFE groups                           F(   7,     50) =       2.24
Statistics robust to heteroskedasticity           Prob > F        =     0.0463
                                                  R-squared       =     0.8498
                                                  Adj R-squared   =     0.8409
                                                  Within R-sq.    =     0.0339
Number of clusters (statenum) =         51        Root MSE        =     0.0054

                              (Std. err. adjusted for 51 clusters in statenum)
------------------------------------------------------------------------------
             |               Robust
limited_pe~1 | Coefficient  std. err.      t    P>|t|     [95% conf. interval]
-------------+----------------------------------------------------------------
     F2logmw |  -.0216024   .0108178    -2.00   0.051    -.0433306    .0001259
     F1logmw |   .0126613   .0099752     1.27   0.210    -.0073745    .0326972
       logmw |  -.0074686   .0069692    -1.07   0.289    -.0214666    .0065294
     L1logmw |   .0051775   .0076283     0.68   0.500    -.0101443    .0204994
     L2logmw |  -.0037544   .0077755    -0.48   0.631    -.0193719    .0118631
     L3logmw |   .0054513   .0064143     0.85   0.399    -.0074322    .0183349
     L4logmw |  -.0139297   .0093452    -1.49   0.142    -.0327001    .0048407
       _cons |   .0909258   .0153286     5.93   0.000     .0601374    .1217142
------------------------------------------------------------------------------

Absorbed degrees of freedom:
-----------------------------------------------------+
 Absorbed FE | Categories  - Redundant  = Num. Coefs |
-------------+---------------------------------------|
    statenum |        51          51           0    *|
        year |        30           1          29     |
-----------------------------------------------------+
* = FE nested within cluster; treated as redundant for DoF computation

 ( 1)  1.777059*logmw + 1.421647*L1logmw + 1.066235*L2logmw + .7108234*L3logmw
       + .3554117*L4logmw = 0

------------------------------------------------------------------------------
limited_pe~1 | Coefficient  Std. err.      t    P>|t|     [95% conf. interval]
-------------+----------------------------------------------------------------
         (1) |  -.0109904   .0092226    -1.19   0.239    -.0295145    .0075338
------------------------------------------------------------------------------

added macro:
        e(below15empb) : "-0.011"

added macro:
       e(below15empse) : "(0.009)"
(MWFE estimator converged in 2 iterations)

HDFE Linear regression                            Number of obs   =      1,530
Absorbing 2 HDFE groups                           F(   7,     50) =       5.09
Statistics robust to heteroskedasticity           Prob > F        =     0.0002
                                                  R-squared       =     0.7423
                                                  Adj R-squared   =     0.7269
                                                  Within R-sq.    =     0.0325
Number of clusters (statenum) =         51        Root MSE        =     0.0013

                              (Std. err. adjusted for 51 clusters in statenum)
------------------------------------------------------------------------------
             |               Robust
upper_perc~1 | Coefficient  std. err.      t    P>|t|     [95% conf. interval]
-------------+----------------------------------------------------------------
     F2logmw |  -.0021379   .0017916    -1.19   0.238    -.0057364    .0014606
     F1logmw |   .0019338   .0022332     0.87   0.391    -.0025518    .0064194
       logmw |  -.0015784   .0018916    -0.83   0.408    -.0053778     .002221
     L1logmw |   .0015151   .0016909     0.90   0.375    -.0018812    .0049114
     L2logmw |  -.0004965   .0011411    -0.44   0.665    -.0027885    .0017955
     L3logmw |   .0002097   .0020821     0.10   0.920    -.0039723    .0043918
     L4logmw |  -.0044232   .0030252    -1.46   0.150    -.0104994     .001653
       _cons |   .0110603   .0035275     3.14   0.003     .0039751    .0181455
------------------------------------------------------------------------------

Absorbed degrees of freedom:
-----------------------------------------------------+
 Absorbed FE | Categories  - Redundant  = Num. Coefs |
-------------+---------------------------------------|
    statenum |        51          51           0    *|
        year |        30           1          29     |
-----------------------------------------------------+
* = FE nested within cluster; treated as redundant for DoF computation

 ( 1)  1.777059*logmw + 1.421647*L1logmw + 1.066235*L2logmw + .7108234*L3logmw
       + .3554117*L4logmw = 0

------------------------------------------------------------------------------
upper_perc~1 | Coefficient  Std. err.      t    P>|t|     [95% conf. interval]
-------------+----------------------------------------------------------------
         (1) |  -.0026033   .0020707    -1.26   0.215    -.0067625    .0015558
------------------------------------------------------------------------------

added macro:
         e(over15empb) : "-0.003"

added macro:
        e(over15empse) : "(0.002)"

added macro:
        e(below15empb) : "-0.011"

added macro:
       e(below15empse) : "(0.009)"

added macro:
            e(allempb) : "-0.014"

added macro:
           e(allempse) : "(0.009)"
(note: file /Users/brycewang/Documents/GitHub/top5-Econ-Paper-Replications/QJE2
> 019-Minimum-Wages-Low-Wage-Jobs/Results/estimates/continuous_aggregate_CKgrou
> p1_empelas_TWFE.ster not found)
file /Users/brycewang/Documents/GitHub/top5-Econ-Paper-Replications/QJE2019-Min
> imum-Wages-Low-Wage-Jobs/Results/estimates/continuous_aggregate_CKgroup1_empe
> las_TWFE.ster saved
(MWFE estimator converged in 1 iterations)

HDFE Linear regression                            Number of obs   =      1,479
Absorbing 1 HDFE group                            F(   7,     50) =       0.91
Statistics robust to heteroskedasticity           Prob > F        =     0.5097
                                                  R-squared       =     0.2184
                                                  Adj R-squared   =     0.1995
                                                  Within R-sq.    =     0.0047
Number of clusters (statenum) =         51        Root MSE        =     0.0049

                              (Std. err. adjusted for 51 clusters in statenum)
------------------------------------------------------------------------------
             |               Robust
   D.percap1 | Coefficient  std. err.      t    P>|t|     [95% conf. interval]
-------------+----------------------------------------------------------------
     F2logmw |
         D1. |  -.0032112   .0043947    -0.73   0.468    -.0120382    .0056158
             |
     F1logmw |
         D1. |   .0079611   .0061225     1.30   0.199    -.0043363    .0202585
             |
       logmw |
         D1. |   .0008717    .005753     0.15   0.880    -.0106836     .012427
             |
     L1logmw |
         D1. |   .0060568   .0060185     1.01   0.319    -.0060318    .0181453
             |
     L2logmw |
         D1. |   .0041393   .0045516     0.91   0.367    -.0050029    .0132814
             |
     L3logmw |
         D1. |  -.0006672   .0043235    -0.15   0.878    -.0093511    .0080167
             |
     L4logmw |
         D1. |   .0037826   .0061632     0.61   0.542    -.0085966    .0161617
             |
       _cons |  -.0012876   .0003724    -3.46   0.001    -.0020356   -.0005396
------------------------------------------------------------------------------

Absorbed degrees of freedom:
-----------------------------------------------------+
 Absorbed FE | Categories  - Redundant  = Num. Coefs |
-------------+---------------------------------------|
        year |        29           0          29     |
-----------------------------------------------------+

 ( 1)  1.777059*D.logmw + 1.421647*D.L1logmw + 1.066235*D.L2logmw +
       .7108234*D.L3logmw + .3554117*D.L4logmw = 0

------------------------------------------------------------------------------
   D.percap1 | Coefficient  Std. err.      t    P>|t|     [95% conf. interval]
-------------+----------------------------------------------------------------
         (1) |   .0154432   .0104138     1.48   0.144    -.0054735    .0363599
------------------------------------------------------------------------------

added macro:
            e(allempb) : "0.015"

added macro:
           e(allempse) : "(0.010)"
(MWFE estimator converged in 1 iterations)

HDFE Linear regression                            Number of obs   =      1,479
Absorbing 1 HDFE group                            F(   7,     50) =       0.97
Statistics robust to heteroskedasticity           Prob > F        =     0.4637
                                                  R-squared       =     0.2016
                                                  Adj R-squared   =     0.1822
                                                  Within R-sq.    =     0.0042
Number of clusters (statenum) =         51        Root MSE        =     0.0048

                              (Std. err. adjusted for 51 clusters in statenum)
------------------------------------------------------------------------------
D.           |               Robust
limited_pe~1 | Coefficient  std. err.      t    P>|t|     [95% conf. interval]
-------------+----------------------------------------------------------------
     F2logmw |
         D1. |  -.0051723   .0049171    -1.05   0.298    -.0150487     .004704
             |
     F1logmw |
         D1. |   .0071727    .006236     1.15   0.256    -.0053527     .019698
             |
       logmw |
         D1. |   .0011108   .0063708     0.17   0.862    -.0116855     .013907
             |
     L1logmw |
         D1. |   .0042029   .0057983     0.72   0.472    -.0074435    .0158492
             |
     L2logmw |
         D1. |   .0028997   .0050271     0.58   0.567    -.0071975    .0129969
             |
     L3logmw |
         D1. |   .0001951   .0048433     0.04   0.968    -.0095329    .0099231
             |
     L4logmw |
         D1. |   .0032889   .0063495     0.52   0.607    -.0094644    .0160422
             |
       _cons |  -.0010846   .0002858    -3.80   0.000    -.0016585   -.0005106
------------------------------------------------------------------------------

Absorbed degrees of freedom:
-----------------------------------------------------+
 Absorbed FE | Categories  - Redundant  = Num. Coefs |
-------------+---------------------------------------|
        year |        29           0          29     |
-----------------------------------------------------+

 ( 1)  1.777059*D.logmw + 1.421647*D.L1logmw + 1.066235*D.L2logmw +
       .7108234*D.L3logmw + .3554117*D.L4logmw = 0

------------------------------------------------------------------------------
D.           |
limited_pe~1 | Coefficient  Std. err.      t    P>|t|     [95% conf. interval]
-------------+----------------------------------------------------------------
         (1) |   .0123482   .0098162     1.26   0.214    -.0073683    .0320647
------------------------------------------------------------------------------

added macro:
        e(below15empb) : "0.012"

added macro:
       e(below15empse) : "(0.010)"
(MWFE estimator converged in 1 iterations)

HDFE Linear regression                            Number of obs   =      1,479
Absorbing 1 HDFE group                            F(   7,     50) =       1.84
Statistics robust to heteroskedasticity           Prob > F        =     0.1007
                                                  R-squared       =     0.1321
                                                  Adj R-squared   =     0.1111
                                                  Within R-sq.    =     0.0072
Number of clusters (statenum) =         51        Root MSE        =     0.0012

                              (Std. err. adjusted for 51 clusters in statenum)
------------------------------------------------------------------------------
D.           |               Robust
upper_perc~1 | Coefficient  std. err.      t    P>|t|     [95% conf. interval]
-------------+----------------------------------------------------------------
     F2logmw |
         D1. |   .0019612   .0014805     1.32   0.191    -.0010124    .0049348
             |
     F1logmw |
         D1. |   .0007885   .0015091     0.52   0.604    -.0022427    .0038196
             |
       logmw |
         D1. |  -.0002391   .0014637    -0.16   0.871    -.0031791     .002701
             |
     L1logmw |
         D1. |   .0018539   .0013698     1.35   0.182    -.0008975    .0046053
             |
     L2logmw |
         D1. |   .0012396   .0015604     0.79   0.431    -.0018946    .0043738
             |
     L3logmw |
         D1. |  -.0008623   .0012214    -0.71   0.483    -.0033156    .0015909
             |
     L4logmw |
         D1. |   .0004937   .0011204     0.44   0.661    -.0017568    .0027442
             |
       _cons |  -.0002031   .0001182    -1.72   0.092    -.0004405    .0000343
------------------------------------------------------------------------------

Absorbed degrees of freedom:
-----------------------------------------------------+
 Absorbed FE | Categories  - Redundant  = Num. Coefs |
-------------+---------------------------------------|
        year |        29           0          29     |
-----------------------------------------------------+

 ( 1)  1.777059*D.logmw + 1.421647*D.L1logmw + 1.066235*D.L2logmw +
       .7108234*D.L3logmw + .3554117*D.L4logmw = 0

------------------------------------------------------------------------------
D.           |
upper_perc~1 | Coefficient  Std. err.      t    P>|t|     [95% conf. interval]
-------------+----------------------------------------------------------------
         (1) |    .003095   .0028551     1.08   0.284    -.0026396    .0088295
------------------------------------------------------------------------------

added macro:
         e(over15empb) : "0.003"

added macro:
        e(over15empse) : "(0.003)"

added macro:
        e(below15empb) : "0.012"

added macro:
       e(below15empse) : "(0.010)"

added macro:
            e(allempb) : "0.015"

added macro:
           e(allempse) : "(0.010)"
(note: file /Users/brycewang/Documents/GitHub/top5-Econ-Paper-Replications/QJE2
> 019-Minimum-Wages-Low-Wage-Jobs/Results/estimates/continuous_FD_aggregate_CKg
> roup1_empelas_TWFE.ster not found)
file /Users/brycewang/Documents/GitHub/top5-Econ-Paper-Replications/QJE2019-Min
> imum-Wages-Low-Wage-Jobs/Results/estimates/continuous_FD_aggregate_CKgroup1_e
> mpelas_TWFE.ster saved
(MWFE estimator converged in 2 iterations)

HDFE Linear regression                            Number of obs   =      1,530
Absorbing 2 HDFE groups                           F(   7,     50) =       3.52
Statistics robust to heteroskedasticity           Prob > F        =     0.0038
                                                  R-squared       =     0.8241
                                                  Adj R-squared   =     0.8136
                                                  Within R-sq.    =     0.0144
Number of clusters (statenum) =         51        Root MSE        =     0.0138

                              (Std. err. adjusted for 51 clusters in statenum)
------------------------------------------------------------------------------
             |               Robust
     percap2 | Coefficient  std. err.      t    P>|t|     [95% conf. interval]
-------------+----------------------------------------------------------------
     F2logmw |   .0219799   .0200369     1.10   0.278    -.0182653    .0622252
     F1logmw |  -.0108517   .0131909    -0.82   0.415    -.0373464     .015643
       logmw |   .0238668   .0152998     1.56   0.125    -.0068637    .0545973
     L1logmw |   -.010408   .0079444    -1.31   0.196    -.0263648    .0055487
     L2logmw |  -.0006184   .0114655    -0.05   0.957    -.0236475    .0224107
     L3logmw |  -.0146901   .0112216    -1.31   0.196    -.0372293    .0078492
     L4logmw |   .0291984   .0263822     1.11   0.274    -.0237918    .0821887
       _cons |   .1589312    .073828     2.15   0.036     .0106433    .3072192
------------------------------------------------------------------------------

Absorbed degrees of freedom:
-----------------------------------------------------+
 Absorbed FE | Categories  - Redundant  = Num. Coefs |
-------------+---------------------------------------|
    statenum |        51          51           0    *|
        year |        30           1          29     |
-----------------------------------------------------+
* = FE nested within cluster; treated as redundant for DoF computation

 ( 1)  1.777059*logmw + 1.421647*L1logmw + 1.066235*L2logmw + .7108234*L3logmw
       + .3554117*L4logmw = 0

------------------------------------------------------------------------------
     percap2 | Coefficient  Std. err.      t    P>|t|     [95% conf. interval]
-------------+----------------------------------------------------------------
         (1) |   .0268922   .0353622     0.76   0.451    -.0441348    .0979193
------------------------------------------------------------------------------

added macro:
            e(allempb) : "0.027"

added macro:
           e(allempse) : "(0.035)"
(MWFE estimator converged in 2 iterations)

HDFE Linear regression                            Number of obs   =      1,530
Absorbing 2 HDFE groups                           F(   7,     50) =       2.72
Statistics robust to heteroskedasticity           Prob > F        =     0.0180
                                                  R-squared       =     0.8479
                                                  Adj R-squared   =     0.8389
                                                  Within R-sq.    =     0.0710
Number of clusters (statenum) =         51        Root MSE        =     0.0117

                              (Std. err. adjusted for 51 clusters in statenum)
------------------------------------------------------------------------------
             |               Robust
limited_pe~2 | Coefficient  std. err.      t    P>|t|     [95% conf. interval]
-------------+----------------------------------------------------------------
     F2logmw |   .0504359   .0215936     2.34   0.024     .0070639    .0938078
     F1logmw |   -.015344   .0117633    -1.30   0.198    -.0389713    .0082834
       logmw |   .0242016   .0103823     2.33   0.024     .0033483     .045055
     L1logmw |  -.0089372   .0080188    -1.11   0.270    -.0250435     .007169
     L2logmw |    .016678   .0105886     1.58   0.122    -.0045898    .0379458
     L3logmw |  -.0210335   .0115258    -1.82   0.074    -.0441839    .0021168
     L4logmw |   .0378812   .0181656     2.09   0.042     .0013945    .0743678
       _cons |  -.0012464   .0607081    -0.02   0.984    -.1231822    .1206894
------------------------------------------------------------------------------

Absorbed degrees of freedom:
-----------------------------------------------------+
 Absorbed FE | Categories  - Redundant  = Num. Coefs |
-------------+---------------------------------------|
    statenum |        51          51           0    *|
        year |        30           1          29     |
-----------------------------------------------------+
* = FE nested within cluster; treated as redundant for DoF computation

 ( 1)  1.777059*logmw + 1.421647*L1logmw + 1.066235*L2logmw + .7108234*L3logmw
       + .3554117*L4logmw = 0

------------------------------------------------------------------------------
limited_pe~2 | Coefficient  Std. err.      t    P>|t|     [95% conf. interval]
-------------+----------------------------------------------------------------
         (1) |   .0465971   .0246382     1.89   0.064    -.0028901    .0960843
------------------------------------------------------------------------------

added macro:
        e(below15empb) : "0.047*"

added macro:
       e(below15empse) : "(0.025)"
(MWFE estimator converged in 2 iterations)

HDFE Linear regression                            Number of obs   =      1,530
Absorbing 2 HDFE groups                           F(   7,     50) =       2.88
Statistics robust to heteroskedasticity           Prob > F        =     0.0132
                                                  R-squared       =     0.8504
                                                  Adj R-squared   =     0.8414
                                                  Within R-sq.    =     0.0351
Number of clusters (statenum) =         51        Root MSE        =     0.0093

                              (Std. err. adjusted for 51 clusters in statenum)
------------------------------------------------------------------------------
             |               Robust
upper_perc~2 | Coefficient  std. err.      t    P>|t|     [95% conf. interval]
-------------+----------------------------------------------------------------
     F2logmw |  -.0284559   .0117948    -2.41   0.020    -.0521465   -.0047654
     F1logmw |   .0044923   .0085986     0.52   0.604    -.0127785    .0217631
       logmw |  -.0003348   .0081732    -0.04   0.967    -.0167513    .0160816
     L1logmw |  -.0014708   .0050925    -0.29   0.774    -.0116994    .0087577
     L2logmw |  -.0172964   .0065553    -2.64   0.011    -.0304631   -.0041297
     L3logmw |   .0063435   .0067962     0.93   0.355    -.0073071    .0199941
     L4logmw |  -.0086827   .0118736    -0.73   0.468    -.0325316    .0151662
       _cons |   .1601777   .0244406     6.55   0.000     .1110873     .209268
------------------------------------------------------------------------------

Absorbed degrees of freedom:
-----------------------------------------------------+
 Absorbed FE | Categories  - Redundant  = Num. Coefs |
-------------+---------------------------------------|
    statenum |        51          51           0    *|
        year |        30           1          29     |
-----------------------------------------------------+
* = FE nested within cluster; treated as redundant for DoF computation

 ( 1)  1.777059*logmw + 1.421647*L1logmw + 1.066235*L2logmw + .7108234*L3logmw
       + .3554117*L4logmw = 0

------------------------------------------------------------------------------
upper_perc~2 | Coefficient  Std. err.      t    P>|t|     [95% conf. interval]
-------------+----------------------------------------------------------------
         (1) |  -.0197048   .0187825    -1.05   0.299    -.0574306    .0180209
------------------------------------------------------------------------------

added macro:
         e(over15empb) : "-0.020"

added macro:
        e(over15empse) : "(0.019)"

added macro:
        e(below15empb) : "0.047*"

added macro:
       e(below15empse) : "(0.025)"

added macro:
            e(allempb) : "0.027"

added macro:
           e(allempse) : "(0.035)"
(note: file /Users/brycewang/Documents/GitHub/top5-Econ-Paper-Replications/QJE2
> 019-Minimum-Wages-Low-Wage-Jobs/Results/estimates/continuous_aggregate_CKgrou
> p2_empelas_TWFE.ster not found)
file /Users/brycewang/Documents/GitHub/top5-Econ-Paper-Replications/QJE2019-Min
> imum-Wages-Low-Wage-Jobs/Results/estimates/continuous_aggregate_CKgroup2_empe
> las_TWFE.ster saved
(MWFE estimator converged in 1 iterations)

HDFE Linear regression                            Number of obs   =      1,479
Absorbing 1 HDFE group                            F(   7,     50) =       3.85
Statistics robust to heteroskedasticity           Prob > F        =     0.0020
                                                  R-squared       =     0.1833
                                                  Adj R-squared   =     0.1635
                                                  Within R-sq.    =     0.0120
Number of clusters (statenum) =         51        Root MSE        =     0.0081

                              (Std. err. adjusted for 51 clusters in statenum)
------------------------------------------------------------------------------
             |               Robust
   D.percap2 | Coefficient  std. err.      t    P>|t|     [95% conf. interval]
-------------+----------------------------------------------------------------
     F2logmw |
         D1. |   .0150378   .0085356     1.76   0.084    -.0021064    .0321819
             |
     F1logmw |
         D1. |  -.0012767   .0077548    -0.16   0.870    -.0168526    .0142992
             |
       logmw |
         D1. |   .0182273   .0113482     1.61   0.115    -.0045662    .0410207
             |
     L1logmw |
         D1. |  -.0022607   .0074868    -0.30   0.764    -.0172985    .0127771
             |
     L2logmw |
         D1. |  -.0111506   .0075783    -1.47   0.147     -.026372    .0040708
             |
     L3logmw |
         D1. |  -.0002649   .0092779    -0.03   0.977       -.0189    .0183703
             |
     L4logmw |
         D1. |   .0054008   .0077867     0.69   0.491    -.0102393    .0210408
             |
       _cons |  -.0019257   .0005308    -3.63   0.001    -.0029919   -.0008595
------------------------------------------------------------------------------

Absorbed degrees of freedom:
-----------------------------------------------------+
 Absorbed FE | Categories  - Redundant  = Num. Coefs |
-------------+---------------------------------------|
        year |        29           0          29     |
-----------------------------------------------------+

 ( 1)  1.777059*D.logmw + 1.421647*D.L1logmw + 1.066235*D.L2logmw +
       .7108234*D.L3logmw + .3554117*D.L4logmw = 0

------------------------------------------------------------------------------
   D.percap2 | Coefficient  Std. err.      t    P>|t|     [95% conf. interval]
-------------+----------------------------------------------------------------
         (1) |    .019019   .0242012     0.79   0.436    -.0295905    .0676285
------------------------------------------------------------------------------

added macro:
            e(allempb) : "0.019"

added macro:
           e(allempse) : "(0.024)"
(MWFE estimator converged in 1 iterations)

HDFE Linear regression                            Number of obs   =      1,479
Absorbing 1 HDFE group                            F(   7,     50) =       1.44
Statistics robust to heteroskedasticity           Prob > F        =     0.2115
                                                  R-squared       =     0.2129
                                                  Adj R-squared   =     0.1938
                                                  Within R-sq.    =     0.0052
Number of clusters (statenum) =         51        Root MSE        =     0.0071

                              (Std. err. adjusted for 51 clusters in statenum)
------------------------------------------------------------------------------
D.           |               Robust
limited_pe~2 | Coefficient  std. err.      t    P>|t|     [95% conf. interval]
-------------+----------------------------------------------------------------
     F2logmw |
         D1. |   .0065516   .0089133     0.74   0.466    -.0113513    .0244545
             |
     F1logmw |
         D1. |   .0009142   .0056281     0.16   0.872    -.0103902    .0122187
             |
       logmw |
         D1. |   .0069018   .0056327     1.23   0.226    -.0044119    .0182154
             |
     L1logmw |
         D1. |  -.0057721   .0066578    -0.87   0.390    -.0191447    .0076005
             |
     L2logmw |
         D1. |  -.0027257   .0079661    -0.34   0.734    -.0187262    .0132747
             |
     L3logmw |
         D1. |  -.0096683   .0077991    -1.24   0.221    -.0253334    .0059967
             |
     L4logmw |
         D1. |  -.0010883   .0074578    -0.15   0.885    -.0160678    .0138912
             |
       _cons |  -.0006091   .0003737    -1.63   0.109    -.0013596    .0001415
------------------------------------------------------------------------------

Absorbed degrees of freedom:
-----------------------------------------------------+
 Absorbed FE | Categories  - Redundant  = Num. Coefs |
-------------+---------------------------------------|
        year |        29           0          29     |
-----------------------------------------------------+

 ( 1)  1.777059*D.logmw + 1.421647*D.L1logmw + 1.066235*D.L2logmw +
       .7108234*D.L3logmw + .3554117*D.L4logmw = 0

------------------------------------------------------------------------------
D.           |
limited_pe~2 | Coefficient  Std. err.      t    P>|t|     [95% conf. interval]
-------------+----------------------------------------------------------------
         (1) |  -.0061066   .0124214    -0.49   0.625    -.0310557    .0188426
------------------------------------------------------------------------------

added macro:
        e(below15empb) : "-0.006"

added macro:
       e(below15empse) : "(0.012)"
(MWFE estimator converged in 1 iterations)

HDFE Linear regression                            Number of obs   =      1,479
Absorbing 1 HDFE group                            F(   7,     50) =       2.79
Statistics robust to heteroskedasticity           Prob > F        =     0.0156
                                                  R-squared       =     0.2372
                                                  Adj R-squared   =     0.2187
                                                  Within R-sq.    =     0.0105
Number of clusters (statenum) =         51        Root MSE        =     0.0058

                              (Std. err. adjusted for 51 clusters in statenum)
------------------------------------------------------------------------------
D.           |               Robust
upper_perc~2 | Coefficient  std. err.      t    P>|t|     [95% conf. interval]
-------------+----------------------------------------------------------------
     F2logmw |
         D1. |   .0084861   .0043707     1.94   0.058    -.0002927    .0172649
             |
     F1logmw |
         D1. |   -.002191   .0065468    -0.33   0.739    -.0153406    .0109587
             |
       logmw |
         D1. |   .0113255   .0087307     1.30   0.201    -.0062106    .0288617
             |
     L1logmw |
         D1. |   .0035113    .004989     0.70   0.485    -.0065094     .013532
             |
     L2logmw |
         D1. |  -.0084249   .0049092    -1.72   0.092    -.0182854    .0014356
             |
     L3logmw |
         D1. |   .0094035   .0056623     1.66   0.103    -.0019696    .0207766
             |
     L4logmw |
         D1. |    .006489   .0063006     1.03   0.308    -.0061662    .0191443
             |
       _cons |  -.0013166   .0003549    -3.71   0.001    -.0020295   -.0006038
------------------------------------------------------------------------------

Absorbed degrees of freedom:
-----------------------------------------------------+
 Absorbed FE | Categories  - Redundant  = Num. Coefs |
-------------+---------------------------------------|
        year |        29           0          29     |
-----------------------------------------------------+

 ( 1)  1.777059*D.logmw + 1.421647*D.L1logmw + 1.066235*D.L2logmw +
       .7108234*D.L3logmw + .3554117*D.L4logmw = 0

------------------------------------------------------------------------------
D.           |
upper_perc~2 | Coefficient  Std. err.      t    P>|t|     [95% conf. interval]
-------------+----------------------------------------------------------------
         (1) |   .0251256   .0183886     1.37   0.178     -.011809    .0620601
------------------------------------------------------------------------------

added macro:
         e(over15empb) : "0.025"

added macro:
        e(over15empse) : "(0.018)"

added macro:
        e(below15empb) : "-0.006"

added macro:
       e(below15empse) : "(0.012)"

added macro:
            e(allempb) : "0.019"

added macro:
           e(allempse) : "(0.024)"
(note: file /Users/brycewang/Documents/GitHub/top5-Econ-Paper-Replications/QJE2
> 019-Minimum-Wages-Low-Wage-Jobs/Results/estimates/continuous_FD_aggregate_CKg
> roup2_empelas_TWFE.ster not found)
file /Users/brycewang/Documents/GitHub/top5-Econ-Paper-Replications/QJE2019-Min
> imum-Wages-Low-Wage-Jobs/Results/estimates/continuous_FD_aggregate_CKgroup2_e
> mpelas_TWFE.ster saved
(MWFE estimator converged in 2 iterations)

HDFE Linear regression                            Number of obs   =      1,530
Absorbing 2 HDFE groups                           F(   7,     50) =       1.78
Statistics robust to heteroskedasticity           Prob > F        =     0.1124
                                                  R-squared       =     0.9121
                                                  Adj R-squared   =     0.9069
                                                  Within R-sq.    =     0.1081
Number of clusters (statenum) =         51        Root MSE        =     0.0165

                              (Std. err. adjusted for 51 clusters in statenum)
------------------------------------------------------------------------------
             |               Robust
     percap3 | Coefficient  std. err.      t    P>|t|     [95% conf. interval]
-------------+----------------------------------------------------------------
     F2logmw |  -.0610256   .0281723    -2.17   0.035    -.1176114   -.0044398
     F1logmw |   .0244835    .018813     1.30   0.199    -.0133035    .0622704
       logmw |  -.0249209   .0088877    -2.80   0.007    -.0427724   -.0070694
     L1logmw |  -.0070296   .0117545    -0.60   0.553    -.0306393      .01658
     L2logmw |  -.0225612     .01306    -1.73   0.090     -.048793    .0036707
     L3logmw |  -.0043244   .0127478    -0.34   0.736    -.0299291    .0212803
     L4logmw |  -.0598615   .0378823    -1.58   0.120    -.1359503    .0162274
       _cons |   .5353136   .0992219     5.40   0.000     .3360204    .7346067
------------------------------------------------------------------------------

Absorbed degrees of freedom:
-----------------------------------------------------+
 Absorbed FE | Categories  - Redundant  = Num. Coefs |
-------------+---------------------------------------|
    statenum |        51          51           0    *|
        year |        30           1          29     |
-----------------------------------------------------+
* = FE nested within cluster; treated as redundant for DoF computation

 ( 1)  1.777059*logmw + 1.421647*L1logmw + 1.066235*L2logmw + .7108234*L3logmw
       + .3554117*L4logmw = 0

------------------------------------------------------------------------------
     percap3 | Coefficient  Std. err.      t    P>|t|     [95% conf. interval]
-------------+----------------------------------------------------------------
         (1) |  -.1026844    .037934    -2.71   0.009     -.178877   -.0264917
------------------------------------------------------------------------------

added macro:
            e(allempb) : "-0.103***"

added macro:
           e(allempse) : "(0.038)"
(MWFE estimator converged in 2 iterations)

HDFE Linear regression                            Number of obs   =      1,530
Absorbing 2 HDFE groups                           F(   7,     50) =       7.58
Statistics robust to heteroskedasticity           Prob > F        =     0.0000
                                                  R-squared       =     0.8755
                                                  Adj R-squared   =     0.8681
                                                  Within R-sq.    =     0.0447
Number of clusters (statenum) =         51        Root MSE        =     0.0065

                              (Std. err. adjusted for 51 clusters in statenum)
------------------------------------------------------------------------------
             |               Robust
limited_pe~3 | Coefficient  std. err.      t    P>|t|     [95% conf. interval]
-------------+----------------------------------------------------------------
     F2logmw |  -.0002127   .0051407    -0.04   0.967     -.010538    .0101127
     F1logmw |  -.0032553   .0055219    -0.59   0.558    -.0143463    .0078358
       logmw |  -.0056349   .0043092    -1.31   0.197    -.0142901    .0030203
     L1logmw |   .0047229   .0052628     0.90   0.374    -.0058476    .0152935
     L2logmw |  -.0050449   .0049917    -1.01   0.317     -.015071    .0049813
     L3logmw |   .0016159   .0069437     0.23   0.817     -.012331    .0155628
     L4logmw |  -.0240742   .0062852    -3.83   0.000    -.0366985   -.0114499
       _cons |    .113918   .0174506     6.53   0.000     .0788674    .1489685
------------------------------------------------------------------------------

Absorbed degrees of freedom:
-----------------------------------------------------+
 Absorbed FE | Categories  - Redundant  = Num. Coefs |
-------------+---------------------------------------|
    statenum |        51          51           0    *|
        year |        30           1          29     |
-----------------------------------------------------+
* = FE nested within cluster; treated as redundant for DoF computation

 ( 1)  1.777059*logmw + 1.421647*L1logmw + 1.066235*L2logmw + .7108234*L3logmw
       + .3554117*L4logmw = 0

------------------------------------------------------------------------------
limited_pe~3 | Coefficient  Std. err.      t    P>|t|     [95% conf. interval]
-------------+----------------------------------------------------------------
         (1) |  -.0160859   .0112964    -1.42   0.161    -.0387753    .0066036
------------------------------------------------------------------------------

added macro:
        e(below15empb) : "-0.016"

added macro:
       e(below15empse) : "(0.011)"
(MWFE estimator converged in 2 iterations)

HDFE Linear regression                            Number of obs   =      1,530
Absorbing 2 HDFE groups                           F(   7,     50) =       1.98
Statistics robust to heteroskedasticity           Prob > F        =     0.0762
                                                  R-squared       =     0.9169
                                                  Adj R-squared   =     0.9120
                                                  Within R-sq.    =     0.0784
Number of clusters (statenum) =         51        Root MSE        =     0.0156

                              (Std. err. adjusted for 51 clusters in statenum)
------------------------------------------------------------------------------
             |               Robust
upper_perc~3 | Coefficient  std. err.      t    P>|t|     [95% conf. interval]
-------------+----------------------------------------------------------------
     F2logmw |  -.0608129   .0274745    -2.21   0.031     -.115997   -.0056289
     F1logmw |   .0277387   .0167573     1.66   0.104    -.0059193    .0613967
       logmw |  -.0192859   .0088314    -2.18   0.034    -.0370244   -.0015475
     L1logmw |  -.0117526   .0101706    -1.16   0.253    -.0321808    .0086756
     L2logmw |  -.0175163    .011937    -1.47   0.149    -.0414924    .0064599
     L3logmw |  -.0059403   .0130581    -0.45   0.651    -.0321683    .0202877
     L4logmw |  -.0357873   .0340447    -1.05   0.298    -.1041681    .0325936
       _cons |   .4213956   .0911846     4.62   0.000     .2382459    .6045453
------------------------------------------------------------------------------

Absorbed degrees of freedom:
-----------------------------------------------------+
 Absorbed FE | Categories  - Redundant  = Num. Coefs |
-------------+---------------------------------------|
    statenum |        51          51           0    *|
        year |        30           1          29     |
-----------------------------------------------------+
* = FE nested within cluster; treated as redundant for DoF computation

 ( 1)  1.777059*logmw + 1.421647*L1logmw + 1.066235*L2logmw + .7108234*L3logmw
       + .3554117*L4logmw = 0

------------------------------------------------------------------------------
upper_perc~3 | Coefficient  Std. err.      t    P>|t|     [95% conf. interval]
-------------+----------------------------------------------------------------
         (1) |  -.0865985    .032981    -2.63   0.011    -.1528429   -.0203542
------------------------------------------------------------------------------

added macro:
         e(over15empb) : "-0.087**"

added macro:
        e(over15empse) : "(0.033)"

added macro:
        e(below15empb) : "-0.016"

added macro:
       e(below15empse) : "(0.011)"

added macro:
            e(allempb) : "-0.103***"

added macro:
           e(allempse) : "(0.038)"
(note: file /Users/brycewang/Documents/GitHub/top5-Econ-Paper-Replications/QJE2
> 019-Minimum-Wages-Low-Wage-Jobs/Results/estimates/continuous_aggregate_CKgrou
> p3_empelas_TWFE.ster not found)
file /Users/brycewang/Documents/GitHub/top5-Econ-Paper-Replications/QJE2019-Min
> imum-Wages-Low-Wage-Jobs/Results/estimates/continuous_aggregate_CKgroup3_empe
> las_TWFE.ster saved
(MWFE estimator converged in 1 iterations)

HDFE Linear regression                            Number of obs   =      1,479
Absorbing 1 HDFE group                            F(   7,     50) =       0.52
Statistics robust to heteroskedasticity           Prob > F        =     0.8124
                                                  R-squared       =     0.3010
                                                  Adj R-squared   =     0.2840
                                                  Within R-sq.    =     0.0065
Number of clusters (statenum) =         51        Root MSE        =     0.0085

                              (Std. err. adjusted for 51 clusters in statenum)
------------------------------------------------------------------------------
             |               Robust
   D.percap3 | Coefficient  std. err.      t    P>|t|     [95% conf. interval]
-------------+----------------------------------------------------------------
     F2logmw |
         D1. |   .0049915   .0085486     0.58   0.562    -.0121789    .0221618
             |
     F1logmw |
         D1. |   .0049859   .0067117     0.74   0.461     -.008495    .0184669
             |
       logmw |
         D1. |   .0046401   .0093735     0.50   0.623    -.0141872    .0234673
             |
     L1logmw |
         D1. |  -.0047462   .0121461    -0.39   0.698    -.0291424      .01965
             |
     L2logmw |
         D1. |  -.0007988    .011126    -0.07   0.943     -.023146    .0215484
             |
     L3logmw |
         D1. |   .0032815   .0103716     0.32   0.753    -.0175505    .0241134
             |
     L4logmw |
         D1. |  -.0191509   .0137057    -1.40   0.168    -.0466797    .0083779
             |
       _cons |   .0029857   .0004701     6.35   0.000     .0020415      .00393
------------------------------------------------------------------------------

Absorbed degrees of freedom:
-----------------------------------------------------+
 Absorbed FE | Categories  - Redundant  = Num. Coefs |
-------------+---------------------------------------|
        year |        29           0          29     |
-----------------------------------------------------+

 ( 1)  1.777059*D.logmw + 1.421647*D.L1logmw + 1.066235*D.L2logmw +
       .7108234*D.L3logmw + .3554117*D.L4logmw = 0

------------------------------------------------------------------------------
   D.percap3 | Coefficient  Std. err.      t    P>|t|     [95% conf. interval]
-------------+----------------------------------------------------------------
         (1) |  -.0038274   .0130198    -0.29   0.770    -.0299784    .0223236
------------------------------------------------------------------------------

added macro:
            e(allempb) : "-0.004"

added macro:
           e(allempse) : "(0.013)"
(MWFE estimator converged in 1 iterations)

HDFE Linear regression                            Number of obs   =      1,479
Absorbing 1 HDFE group                            F(   7,     50) =       5.01
Statistics robust to heteroskedasticity           Prob > F        =     0.0002
                                                  R-squared       =     0.2144
                                                  Adj R-squared   =     0.1954
                                                  Within R-sq.    =     0.0124
Number of clusters (statenum) =         51        Root MSE        =     0.0049

                              (Std. err. adjusted for 51 clusters in statenum)
------------------------------------------------------------------------------
D.           |               Robust
limited_pe~3 | Coefficient  std. err.      t    P>|t|     [95% conf. interval]
-------------+----------------------------------------------------------------
     F2logmw |
         D1. |   .0045264   .0054975     0.82   0.414    -.0065158    .0155685
             |
     F1logmw |
         D1. |  -.0044878   .0052943    -0.85   0.401    -.0151216    .0061461
             |
       logmw |
         D1. |  -.0058681   .0038945    -1.51   0.138    -.0136904    .0019542
             |
     L1logmw |
         D1. |   .0054476   .0046804     1.16   0.250    -.0039533    .0148485
             |
     L2logmw |
         D1. |  -.0041043    .004647    -0.88   0.381     -.013438    .0052295
             |
     L3logmw |
         D1. |   .0023549   .0061872     0.38   0.705    -.0100726    .0147823
             |
     L4logmw |
         D1. |  -.0152736   .0047653    -3.21   0.002     -.024845   -.0057023
             |
       _cons |   .0009653    .000328     2.94   0.005     .0003065    .0016241
------------------------------------------------------------------------------

Absorbed degrees of freedom:
-----------------------------------------------------+
 Absorbed FE | Categories  - Redundant  = Num. Coefs |
-------------+---------------------------------------|
        year |        29           0          29     |
-----------------------------------------------------+

 ( 1)  1.777059*D.logmw + 1.421647*D.L1logmw + 1.066235*D.L2logmw +
       .7108234*D.L3logmw + .3554117*D.L4logmw = 0

------------------------------------------------------------------------------
D.           |
limited_pe~3 | Coefficient  Std. err.      t    P>|t|     [95% conf. interval]
-------------+----------------------------------------------------------------
         (1) |   -.010814   .0085189    -1.27   0.210    -.0279248    .0062968
------------------------------------------------------------------------------

added macro:
        e(below15empb) : "-0.011"

added macro:
       e(below15empse) : "(0.009)"
(MWFE estimator converged in 1 iterations)

HDFE Linear regression                            Number of obs   =      1,479
Absorbing 1 HDFE group                            F(   7,     50) =       2.08
Statistics robust to heteroskedasticity           Prob > F        =     0.0627
                                                  R-squared       =     0.2780
                                                  Adj R-squared   =     0.2605
                                                  Within R-sq.    =     0.0054
Number of clusters (statenum) =         51        Root MSE        =     0.0082

                              (Std. err. adjusted for 51 clusters in statenum)
------------------------------------------------------------------------------
D.           |               Robust
upper_perc~3 | Coefficient  std. err.      t    P>|t|     [95% conf. interval]
-------------+----------------------------------------------------------------
     F2logmw |
         D1. |   .0004651   .0096504     0.05   0.962    -.0189184    .0198485
             |
     F1logmw |
         D1. |   .0094737   .0076596     1.24   0.222     -.005911    .0248584
             |
       logmw |
         D1. |   .0105082    .009986     1.05   0.298    -.0095493    .0305657
             |
     L1logmw |
         D1. |  -.0101939   .0104728    -0.97   0.335    -.0312291    .0108414
             |
     L2logmw |
         D1. |   .0033055   .0089743     0.37   0.714      -.01472     .021331
             |
     L3logmw |
         D1. |   .0009266   .0086039     0.11   0.915    -.0163548     .018208
             |
     L4logmw |
         D1. |  -.0038773   .0121323    -0.32   0.751    -.0282458    .0204912
             |
       _cons |   .0020204   .0003604     5.61   0.000     .0012966    .0027443
------------------------------------------------------------------------------

Absorbed degrees of freedom:
-----------------------------------------------------+
 Absorbed FE | Categories  - Redundant  = Num. Coefs |
-------------+---------------------------------------|
        year |        29           0          29     |
-----------------------------------------------------+

 ( 1)  1.777059*D.logmw + 1.421647*D.L1logmw + 1.066235*D.L2logmw +
       .7108234*D.L3logmw + .3554117*D.L4logmw = 0

------------------------------------------------------------------------------
D.           |
upper_perc~3 | Coefficient  Std. err.      t    P>|t|     [95% conf. interval]
-------------+----------------------------------------------------------------
         (1) |   .0069866   .0134795     0.52   0.607    -.0200878    .0340611
------------------------------------------------------------------------------

added macro:
         e(over15empb) : "0.007"

added macro:
        e(over15empse) : "(0.013)"

added macro:
        e(below15empb) : "-0.011"

added macro:
       e(below15empse) : "(0.009)"

added macro:
            e(allempb) : "-0.004"

added macro:
           e(allempse) : "(0.013)"
(note: file /Users/brycewang/Documents/GitHub/top5-Econ-Paper-Replications/QJE2
> 019-Minimum-Wages-Low-Wage-Jobs/Results/estimates/continuous_FD_aggregate_CKg
> roup3_empelas_TWFE.ster not found)
file /Users/brycewang/Documents/GitHub/top5-Econ-Paper-Replications/QJE2019-Min
> imum-Wages-Low-Wage-Jobs/Results/estimates/continuous_FD_aggregate_CKgroup3_e
> mpelas_TWFE.ster saved

. *
. 
. 
. 
end of do-file
