-------------------------------------------------------------------------------
      name:  steplogsmcl
       log:  /Users/brycewang/Documents/GitHub/top5-Econ-Paper-Replications/QJE
> 2019-Minimum-Wages-Low-Wage-Jobs/Results/logs/dofiles_estuse__Figure2_for_QJE
> _estuse.log
  log type:  text
 opened on:  17 Sep 2026, 04:18:05

. * ESTUSE COPY generated by Program/run_original.do documentation: identical t
> o Program/dofiles/Figure2_for_QJE.do
. * except that the reghdfe/est save lines are commented out (prefix '*ESTUSE*'
> ), so the exhibit is rebuilt
. * from the authors' shipped .ster files (Materials/author_outputs/estimates -
> > Results/estimates).
. 
. *This do file is created by DC on 03/30/2016
. *****************************************************************************
> ***
. ***************************   Figure 2      *********************************
> ***
. *****************************************************************************
> ***
. 
. set more off

. 
. *****************************************************************************
> ***
. *****************************************************************************
> ***
. *****************************************************************************
> ***
. 
. 
.                 
. **** DEFINE REGRESSION COMMAND AND CONTROLS *****
. 
.  
.         global rtype1 reghdfe

. 
. 
. global a1  i.wagebinstate i.wagequarterdate  // distributional TWFE

. 
. 
. global label1 TWFE

. local truewmin = 4

. local truewmax = 4

. local placebo1wmax = 13

. local prevwmax = `placebo1wmax'

. local placebo2wmax = 16

. 
. 
. use "${data}qcew_multiplier.dta", clear

. keep statenum quarterdate multiplier

. tempfile qcew

. save `qcew'
file /var/folders/bm/2cq1vtmd5wg6k0vdjfpvbmww0000gn/T//St08825.000001 saved
    as .dta format

. 
. 
. treatmentcontrolwindows

. 
. 
. 
. 
. placebowindows1, truewmax(`truewmax') wmax(`placebo1wmax')
Placebo wmin and wmax should not be too far apart.
13 - 5

. 
. placebowindows2, prevwmax(`prevwmax') wmax(`placebo2wmax')
Placebo wmin and wmax should not be too far apart.
16 - 14

. 
. treatmentdefinition
You are using the primary working data.

Panel variable: wagebinstate (strongly balanced)
 Time variable: quarterdate, 76 to 227
         Delta: 1 unit

. 
. merge m:1 statenum quarterdate using `qcew',assert(3) nogenerate
(variable quarterdate was int, now float to accommodate using data's values)

    Result                      Number of obs
    -----------------------------------------
    Not matched                             0
    Matched                           906,984  
    -----------------------------------------

. replace count = count*multiplier
(710,139 real changes made)

. replace overallcountpc=overallcountpc*multiplier
(710,139 real changes made)

. replace overallcountpcall = overallcountpcall * multiplier
(905,112 real changes made)

. 
. 
. *****************************************************************************
> ***
. ********************      Dropping unnecessary variables        *************
> ***
. *****************************************************************************
> ***
. 
. cap drop HSD*

. cap drop HSL*

. cap drop black*

. cap drop female*

. cap drop BH*

. cap drop teen*  

. 
. *****************************************************************************
> ***
. *****************          Placebo sample correction          ***************
> ***
. *****************************************************************************
> ***
. 
. placebosamplecorr1, wmax(`placebo1wmax') truewmax(`truewmax') 

Panel variable: wagebinstate (strongly balanced)
 Time variable: quarterdate, 76 to 227
         Delta: 1 unit
(552 real changes made)
(17,901 missing values generated)
(552 real changes made)
(17,901 missing values generated)
(552 real changes made)
(17,901 missing values generated)
(552 real changes made)
(17,901 missing values generated)
(552 real changes made)
(17,901 missing values generated)
(552 real changes made)
(17,901 missing values generated)
(23,868 missing values generated)
(41,769 missing values generated)
(23,868 real changes made)
(41,769 real changes made)
(23,868 missing values generated)
(41,769 missing values generated)
(23,868 real changes made)
(41,769 real changes made)
(23,868 missing values generated)
(41,769 missing values generated)
(23,868 real changes made)
(41,769 real changes made)
(23,868 missing values generated)
(41,769 missing values generated)
(23,868 real changes made)
(41,769 real changes made)
(23,868 missing values generated)
(41,769 missing values generated)
(23,868 real changes made)
(41,769 real changes made)
(23,868 missing values generated)
(41,769 missing values generated)
(23,868 real changes made)
(41,769 real changes made)
(47,736 missing values generated)
(65,637 missing values generated)
(47,736 real changes made)
(65,637 real changes made)
(47,736 missing values generated)
(65,637 missing values generated)
(47,736 real changes made)
(65,637 real changes made)
(47,736 missing values generated)
(65,637 missing values generated)
(47,736 real changes made)
(65,637 real changes made)
(47,736 missing values generated)
(65,637 missing values generated)
(47,736 real changes made)
(65,637 real changes made)
(47,736 missing values generated)
(65,637 missing values generated)
(47,736 real changes made)
(65,637 real changes made)
(47,736 missing values generated)
(65,637 missing values generated)
(47,736 real changes made)
(65,637 real changes made)
(71,604 missing values generated)
(89,505 missing values generated)
(71,604 real changes made)
(89,505 real changes made)
(71,604 missing values generated)
(89,505 missing values generated)
(71,604 real changes made)
(89,505 real changes made)
(71,604 missing values generated)
(89,505 missing values generated)
(71,604 real changes made)
(89,505 real changes made)
(71,604 missing values generated)
(89,505 missing values generated)
(71,604 real changes made)
(89,505 real changes made)
(71,604 missing values generated)
(89,505 missing values generated)
(71,604 real changes made)
(89,505 real changes made)
(71,604 missing values generated)
(89,505 missing values generated)
(71,604 real changes made)
(89,505 real changes made)
(95,472 missing values generated)
(113,373 missing values generated)
(95,472 real changes made)
(113,373 real changes made)
(95,472 missing values generated)
(113,373 missing values generated)
(95,472 real changes made)
(113,373 real changes made)
(95,472 missing values generated)
(113,373 missing values generated)
(95,472 real changes made)
(113,373 real changes made)
(95,472 missing values generated)
(113,373 missing values generated)
(95,472 real changes made)
(113,373 real changes made)
(95,472 missing values generated)
(113,373 missing values generated)
(95,472 real changes made)
(113,373 real changes made)
(95,472 missing values generated)
(113,373 missing values generated)
(95,472 real changes made)
(113,373 real changes made)
(17,901 missing values generated)
(17,901 missing values generated)
(17,901 missing values generated)
(17,901 missing values generated)
(17,901 missing values generated)
(17,901 missing values generated)
(17,901 missing values generated)
(17,901 missing values generated)
(17,901 missing values generated)
  variable quarterdate was float now int
  variable windowpl1_p5 was float now byte
  variable windowpl1_p6 was float now byte
  variable windowpl1_p7 was float now byte
  variable windowpl1_p8 was float now byte
  variable windowpl1_p9 was float now byte
  variable windowpl1_p10 was float now byte
  variable windowpl1_p11 was float now byte
  variable windowpl1_p12 was float now byte
  variable windowpl1_p13 was float now byte
  (26,302,536 bytes saved)

. placebosamplecorr2, wmax(`placebo2wmax') prevwmax(`placebo1wmax')

Panel variable: wagebinstate (strongly balanced)
 Time variable: quarterdate, 76 to 227
         Delta: 1 unit
(552 real changes made)
(17,901 missing values generated)
(552 real changes made)
(17,901 missing values generated)
(552 real changes made)
(17,901 missing values generated)
(23,868 missing values generated)
(41,769 missing values generated)
(23,868 real changes made)
(41,769 real changes made)
(23,868 missing values generated)
(41,769 missing values generated)
(23,868 real changes made)
(41,769 real changes made)
(23,868 missing values generated)
(41,769 missing values generated)
(23,868 real changes made)
(41,769 real changes made)
(47,736 missing values generated)
(65,637 missing values generated)
(47,736 real changes made)
(65,637 real changes made)
(47,736 missing values generated)
(65,637 missing values generated)
(47,736 real changes made)
(65,637 real changes made)
(47,736 missing values generated)
(65,637 missing values generated)
(47,736 real changes made)
(65,637 real changes made)
(71,604 missing values generated)
(89,505 missing values generated)
(71,604 real changes made)
(89,505 real changes made)
(71,604 missing values generated)
(89,505 missing values generated)
(71,604 real changes made)
(89,505 real changes made)
(71,604 missing values generated)
(89,505 missing values generated)
(71,604 real changes made)
(89,505 real changes made)
(95,472 missing values generated)
(113,373 missing values generated)
(95,472 real changes made)
(113,373 real changes made)
(95,472 missing values generated)
(113,373 missing values generated)
(95,472 real changes made)
(113,373 real changes made)
(95,472 missing values generated)
(113,373 missing values generated)
(95,472 real changes made)
(113,373 real changes made)
(17,901 missing values generated)
(17,901 missing values generated)
(17,901 missing values generated)
(2,706 real changes made)
(17,901 missing values generated)
(23,868 missing values generated)
(41,769 missing values generated)
(23,868 real changes made)
(41,769 real changes made)
(47,736 missing values generated)
(65,637 missing values generated)
(47,736 real changes made)
(65,637 real changes made)
(71,604 missing values generated)
(89,505 missing values generated)
(71,604 real changes made)
(89,505 real changes made)
(95,472 missing values generated)
(113,373 missing values generated)
(95,472 real changes made)
(113,373 real changes made)
(17,901 missing values generated)
  variable windowpl2_p14 was float now byte
  variable windowpl2_p15 was float now byte
  variable windowpl2_p16 was float now byte
  variable windowpl2_p17 was float now byte
  variable sum_inf was float now byte
  (13,604,760 bytes saved)

. 
. 
. *****************************************************************************
> ***
. ***********************           Weights           *************************
> ***
. *****************************************************************************
> ***
. xtset wagebinstate quarterdate

Panel variable: wagebinstate (strongly balanced)
 Time variable: quarterdate, 76 to 227
         Delta: 1 unit

. 
. foreach Y in   overall { 
  2.         foreach b of numlist 1979{
  3.                                         global weight`Y'`b' "[aw=wt`Y'`b']
> " 
  4.                                         }
  5. }  

. *
. 
. *****************************************************************************
> ***
. **************     Sample and Control Specific Macros           *************
> ***
. *****************************************************************************
> ***
. 
. 
. local limittreat "_stateonly"

. 
. 
. xtset wagebinstate quarterdate

Panel variable: wagebinstate (strongly balanced)
 Time variable: quarterdate, 76 to 227
         Delta: 1 unit

. 
. 
. 
. *****************************************************************************
> ***
. **************      To name the graph              **************************
> ***
. *****************************************************************************
> ***
. 
. if "${disagg}" == "Y"{
. local temp1 "disaggcont"
. }

. else{
. local temp1 "aggcont"
. }

. 
. if "$controlmethod" == "Linear"{
. local temp2 "L"
. }

. else{
. if "$controlmethod" == "None"{
. local temp1 "nocont"
. }
. else{
. local temp2 "A"
. }
. }

. cap drop one

. cap drop counter

. g one =1        

. 
. 
.         
. *****************************************************************************
> ***
. ***************          Useful to Find Below Share Wages               *****
> ***
. *****************************************************************************
> ***
. 
. 
. cap drop statequarterdate

. egen statequarterdate = group(state quarterdate)

. sort statequarterdate wagebins

. 
. cap drop overallWB*

. g overallWBFH = wagebins*count/(100)

. g overallWBpcFH = wagebins*count/(100*population)

. 
. cap drop overallWBpcrsumFH

. g overallWBpcrsumFH=0

. replace overallWBpcrsumFH = overallWBpcFH if wagebins==100
(2,827 real changes made)

. replace overallWBpcrsumFH = overallWBpcrsumFH[_n-1] + overallWBpcFH if wagebi
> ns>100
(876,538 real changes made)

.         
. cap drop overallcountpcrsum

. g overallcountpcrsum=0

. replace overallcountpcrsum = overallcountpc if wagebins==100
(2,827 real changes made)

. replace overallcountpcrsum = overallcountpcrsum[_n-1] + overallcountpc if wag
> ebins>100
(876,538 real changes made)

.         
. 
. *****************************************************************************
> *** 
. **********************       REGRESSIONS AND FIGURES        *****************
> ***
. *****************************************************************************
> ***
. xtset wagebinstate quarterdate

Panel variable: wagebinstate (strongly balanced)
 Time variable: quarterdate, 76 to 227
         Delta: 1 unit

. compress
  variable one was float now byte
  variable statequarterdate was float now int
  (4,534,920 bytes saved)

. foreach w of numlist 1  {
  2. foreach Y in   overall { 
  3. foreach b in    1979 {
  4.                                         ***  define MW change ***
.                                 if `w'==0{
  5.                                 global weight`Y'`b' " "
  6.                                 }
  7.                                 else{
  8.                                 global weight`Y'`b' "[aw=wt`Y'`b']" 
  9.                                 }
 10.                                 sum DMW_real if fedincrease!=1 & overallco
> untgr>0 & year>=`b' & cleansample ==1   ${weight`Y'`b'}
 11.                                 local mwc = r(mean)
 12.                                 sum MW_real if  F.fedincrease!=1 & F.overa
> llcountgr>0 & year>=`b' & cleansample ==1   ${weight`Y'`b'}
 13.                                 local mw = r(mean)
 14.                                 local mwpc = `mwc'/`mw'
 15.                                 local mwpc2 : di  %04.3f `mwpc'
 16. 
.                                 sum `Y'countpcall if (( F.overallcountgr>0 & 
> F.overallcountgr!=. & F.fedincrease!=1  & F.fedincrease!=.) | ///
>                                 (F2.overallcountgr>0  & F2.overallcountgr!=. 
> & F2.fedincrease!=1 & F2.fedincrease!=. ) ///
>                                 | ( F3.overallcountgr>0 & F3.overallcountgr!=
> . & F3.fedincrease!=1 & F3.fedincrease!=. ) ///
>                                 | (F4.overallcountgr>0 & F4.overallcountgr!=.
>  & F4.fedincrease!=1  & F4.fedincrease!=. ) ) & year>=`b' & cleansample ==1 /
> //
>                                  ${weight`Y'`b'}                
 17. 
.                                  local epop = r(mean)
 18.                                 global E = `epop'
 19.                                         
.                                 global C = 1/(`epop'*`mwpc')
 20.                         
.                                 
.                         
.                                 foreach s in  1     {           
 21.                                 *** REGRESSION *** 
.                                 di "Weight is ${weight`Y'`b'}."
 22.                                 
. *ESTUSE* ${rtype`s'} `Y'countpc  ${treatafter} one if  year>=`b'  & cleansamp
> le==1 ${weight`Y'`b'} , a(${a`s'} ${controlbefore}  ${window} ${placebocontaf
> ter1} ${placebobefore1} ${windowpl1} ${placebocontafter2} ${placebobefore2} $
> {windowpl2} ${controlf}  ${control}  )  cluster(statenum)
. *ESTUSE* est save "${estimates}forplacebofig_true`limitsample'`limittreat'_`s
> '_`Y'_`b'_w`w'_`temp1'_`temp2'_${Tmax}${Tmin}", replace 
. 
. *ESTUSE* ${rtype`s'} `Y'countpc ${placeboafter1} one if  year>=`b'  & cleansa
> mple==1 ${weight`Y'`b'} , a(${a`s'} ${controlbefore}  ${controlafter}  ${wind
> ow}  ${placebocontafter2} ${windowpl2}  ${placebobefore2} ${placebobefore1} $
> {windowpl1} ${controlf}  ${control}  )  cluster(statenum)
. *ESTUSE* est save "${estimates}forplacebofig_pl1`limitsample'`limittreat'_`s'
> _`Y'_`b'_w`w'_`temp1'_`temp2'_${Tmax}${Tmin}", replace 
.                                 
. *ESTUSE* ${rtype`s'} `Y'countpc ${placeboafter2} one if  year>=`b'  & cleansa
> mple==1 ${weight`Y'`b'} , a(${a`s'} ${controlafter}  ${controlbefore}  ${wind
> ow} ${placebocontafter1}  ${placebobefore1} ${windowpl1} ${placebobefore2} ${
> windowpl2} ${controlf}  ${control}  )  cluster(statenum)
. *ESTUSE* est save "${estimates}forplacebofig_pl2`limitsample'`limittreat'_`s'
> _`Y'_`b'_w`w'_`temp1'_`temp2'_${Tmax}${Tmin}", replace 
.                                 
. 
.                                 *********************************************
> *******************
.                                 **************     Placebo figure      ******
> *******************
.                                 *********************************************
> *******************
.                                 *Defining globals to get time averaged estima
> tes. Need to define here.
.                         
.                                 
.                                 local tmax = 16
 23.                                 est use "${estimates}forplacebofig_true`li
> mitsample'`limittreat'_`s'_`Y'_`b'_w`w'_`temp1'_`temp2'_${Tmax}${Tmin}"
 24. 
.                                 
.                                 
.                                 local denominator = (1/(1+(`tmax'/4)))
 25.                                 local wmax = `truewmax'
 26.                                 local wmin = `truewmin'
 27. 
.                                 global PA_p0 "[treat_p0  ]*(4)*(1/${E})"     
>            // Multiplying by 4 to get $ bin estimates. Dividing by E to get s
> hare of workforce.
 28.                                 foreach t of numlist 4(4)`tmax' {
 29.                                         global PA_p0  "${PA_p0} + [ L`t'tr
> eat_p0 ]*(4)*(1/${E})"
 30.                                 }
 31.                                 global PA_p0 "`denominator'*(${PA_p0})"
 32. 
.                                 forval j = 1/`wmax' {
 33.                                         global PA_p`j' "[treat_p`j' ]*(4)*
> (1/${E})"
 34.                                                 foreach t of numlist 4(4)`
> tmax' {
 35.                                                         global PA_p`j'    
> " ${PA_p`j'} + [L`t'treat_p`j' ]*(4)*(1/${E})"
 36.                                                 }
 37.                                         global PA_p`j' "`denominator'*(${P
> A_p`j'})" 
 38.                                 }
 39.                                 
.                                 forval j = 1/`wmin' {                        
>    
 40.                                         global PA_m`j' "[treat_m`j' ]*(4)*
> (1/${E})"
 41.                                                 foreach t of numlist 4(4)`
> tmax' {
 42.                                                         global PA_m`j'    
> " ${PA_m`j'} + [L`t'treat_m`j' ]*(4)*(1/${E})"
 43.                                                 }
 44.                                         global PA_m`j' "`denominator'*(${P
> A_m`j'})"
 45.                                 }
 46. 
.                                 
.                                 global cumul "0"
 47.                                 forval k = -`wmin'/`wmax' {     
 48.                                          di `k'
 49.                                         if `k' < 0 {
 50.                                                 local j = -`k'
 51.                                                 local lincomline "${PA_m`j
> '}"
 52.                                         }
 53.                                         else if `k'==0 {
 54.                                                 local lincomline "${PA_p0}
> "
 55.                                         }
 56.                                         else if `k'>0 {
 57.                                                 local lincomline "${PA_p`k
> '}"
 58.                                         }
 59.                                         
.                                         qui lincom   "`lincomline'"
 60.                                         local basic_b = r(estimate)
 61.                                         local basic_se = r(se)
 62.                                         if `k' == -`wmin' {
 63.                                                 mat countmat = [ `k', `bas
> ic_b',  `basic_b'-1.96*`basic_se', `basic_b'+1.96*`basic_se' ]
 64.                                         }
 65.                                         else {
 66.                                                 mat countmat = [countmat \
>  [ `k', `basic_b',  `basic_b'-1.96*`basic_se', `basic_b'+1.96*`basic_se'  ]]
 67.                                         }
 68.                                 }
 69.                                 
. 
.                                 
.                                 *********************************************
> *******************
.                                 *************         First placebo group    
>      **************
.                                 *********************************************
> *******************
.                                 
.                                 
.                                 est use "${estimates}forplacebofig_pl1`limits
> ample'`limittreat'_`s'_`Y'_`b'_w`w'_`temp1'_`temp2'_${Tmax}${Tmin}"
 70.                                 
. 
.                                 local denominator = (1/(1+(`tmax'/4)))
 71.                                 local wmin = `truewmax' + 1
 72.                                 local wmax = `placebo1wmax'
 73. 
.                                 forval j = `wmin'/`wmax' {
 74.                                         global PA_p`j' "[treat_p`j' ]*(4)*
> (1/${E})"
 75.                                                 foreach t of numlist 4(4)`
> tmax' {
 76.                                                         global PA_p`j'    
> " ${PA_p`j'} + [L`t'treat_p`j' ]*(4)*(1/${E})"
 77.                                                 }
 78.                                         global PA_p`j' "`denominator'*(${P
> A_p`j'})" 
 79.                                 }
 80.                                 
. 
.                                 
.                                 forval k = `wmin'/`wmax' {      
 81.                                          di `k'
 82.                                                 local lincomline "${PA_p`k
> '}"
 83.                                         
.                                         qui lincom   "`lincomline'"
 84.                                         local basic_b = r(estimate)
 85.                                         local basic_se = r(se)
 86.                                                 mat countmat = [countmat \
>  [ `k', `basic_b',  `basic_b'-1.96*`basic_se', `basic_b'+1.96*`basic_se']]
 87.                                 }
 88.                                 
. 
.                                 *********************************************
> *******************
.                                 ************        Last placebo group       
>   *****************
.                                 *********************************************
> *******************
.                                 
.                                 est use "${estimates}forplacebofig_pl2`limits
> ample'`limittreat'_`s'_`Y'_`b'_w`w'_`temp1'_`temp2'_${Tmax}${Tmin}"
 89.                                 local denominator = (1/(1+(`tmax'/4)))
 90. 
.                                 local wmin = `placebo1wmax' + 1
 91.                                 local wmax = `placebo2wmax' + 1
 92.                                 
.                                 sum sum_inf if overallcountgr>0 & overallcoun
> tgr!=. & fedincrease!=1   ${weight`Y'`b'}
 93.                                 scalar numbins = r(mean)
 94. 
.                                 forval j = `wmin'/`wmax' {
 95.                                 if `j' != `wmax'{
 96.                                         global PA_p`j' "[treat_p`j' ]*(4)*
> (1/${E})"
 97.                                                 foreach t of numlist 4(4)`
> tmax' {
 98.                                                         global PA_p`j'    
> " ${PA_p`j'} + [L`t'treat_p`j' ]*(4)*(1/${E})"
 99.                                                 }
100.                                         global PA_p`j' "`denominator'*(${P
> A_p`j'})" 
101.                                 }
102.                                 if `j' == `wmax'{
103.                                         sum sum_inf if overallcountgr>0 & 
> overallcountgr!=. & fedincrease!=1   ${weight`Y'`b'}
104.                                         scalar numbins = r(mean)
105.                                         
.                                         
.                                         global PA_p`j' "[treat_p`j' ]*(`=numb
> ins')*(1/${E})"
106.                                                 foreach t of numlist 4(4)`
> tmax' {
107.                                                         global PA_p`j'    
> " ${PA_p`j'} + [L`t'treat_p`j' ]*(`=numbins')*(1/${E})"
108.                                                 }
109.                                         global PA_p`j' "`denominator'*(${P
> A_p`j'})" 
110.                                         }
111.                                 }
112.                                 
. 
.                                 
.                                 global cumul "0"
113.                                 forval k = `wmin'/`wmax' {      
114.                                                 local lincomline "${PA_p`k
> '}"
115.                                         
.                                         qui lincom   "`lincomline'"
116.                                         local basic_b = r(estimate)
117.                                         local basic_se = r(se)
118.                                                 mat countmat = [countmat \
>  [ `k', `basic_b',  `basic_b'-1.96*`basic_se', `basic_b'+1.96*`basic_se']]
119.                                 }
120.                                 
.                                 
.                                                                 
.                         cap drop bin* 
121.                         cap drop est* 
122.                         cap drop low *
123.                         cap drop high* 
124.                         cap drop _est*
125.                         cap drop totest*
126.                         cap drop totlow
127.                         cap drop tothigh
128.                         cap drop countmat*
129.                         
.                         svmat countmat
130.                         rename countmat1 bin
131.                         rename countmat2 est                    
132.                         rename countmat3 low
133.                         rename countmat4 high
134.                         
.                         gen totest = sum(est) if est!=.
135.                          
.                                 twoway ( bar est bin  , fcolor(ltblue) lcolor
> (none) ) ///
>                                 (rcap low  high bin  , lcolor(ltblue*1.25) lw
> idth(thick) )  ///
>                                 (line totest bin, lcolor(red*.33) lpat(line) 
> lwidth(thick) )            , ///
>                                   xlabel(-4 "-4"  -2 "-2"  0 "0"  2 "2"  4 "4
> " 6 "6" 8 "8" 10 "10" 12 "12" 14 "14" 17 "17+" ) ///
>                                   ///
>                                 ylabel(, labsize(medsmall)) scheme(s1color) /
> *xtitle("Wage Bin")*/ xtitle("Wage bins in `=char(36)' relative to new MW", s
> ize(medsmall)) xsc(titlegap(*10)) ytitle("", height(10))   ///
>                                  legend(off) 
136.                                 
.                                 graph export "${figures}Figure2.pdf", replace
137.                         
.                 }
138.                         
.         }
139.  }
140. }

    Variable |     Obs      Weight        Mean   Std. dev.       Min        Max
-------------+-----------------------------------------------------------------
    DMW_real |  16,029  8.5825e+10    .7960962    .399756   .2514448   2.193727

    Variable |     Obs      Weight        Mean   Std. dev.       Min        Max
-------------+-----------------------------------------------------------------
     MW_real |  22,113  1.1584e+11    7.859571   .9471371   6.075942   11.42869

    Variable |     Obs      Weight        Mean   Std. dev.       Min        Max
-------------+-----------------------------------------------------------------
overallcou~l |  63,999  3.4011e+11    .5711273   .0651657   .4235719   1.447222
Weight is [aw=wtoverall1979].
-4
-3
-2
-1
0
1
2
3
4
5
6
7
8
9
10
11
12
13

    Variable |     Obs      Weight        Mean   Std. dev.       Min        Max
-------------+-----------------------------------------------------------------
     sum_inf |  16,029  8.5825e+10    19.32145   2.967539          8         26

    Variable |     Obs      Weight        Mean   Std. dev.       Min        Max
-------------+-----------------------------------------------------------------
     sum_inf |  16,029  8.5825e+10    19.32145   2.967539          8         26
(906,962 missing values generated)
(note:  named style line not found in class linepattern, default attributes
    used)
(note:  named style line not found in class linepattern, default attributes
    used)
file
    /Users/brycewang/Documents/GitHub/top5-Econ-Paper-Replications/QJE2019-Mi
    > nimum-Wages-Low-Wage-Jobs/Results/Figures/Figure2.pdf saved as PDF
    format

.  *
. 
. 
. 
end of do-file
