  ext         outcome                                                               quantity   estimate  se_full_vcov  se_author_no_cov     N  clusters
0  E1  n_software_cum                                     event time 8 (author's inter+base)  10.783475      2.164548          3.888416  7881        38
1  E1      n_software                                     event time 8 (author's inter+base)  -0.271917      0.743480          0.639226  7881        38
2  E1      n_software                                   sum of flow effects, event time 0..8  -4.150888      3.943027               NaN  7881        38
3  E1      n_software  sum of flow effects, event time -1..8 (window of the author's cumsum)  -4.150888      3.943027               NaN  7881        38
   ext                                 estimator                                                   quantity   estimate  n_post  pre_mean        se                                                                                                                                                                                                      note
0   E2                            did_imputation                       firms dropped (no untreated history)  21.000000     NaN       NaN       NaN                                                                                                                                                                                                       NaN
1   E2        Borusyak-Jaravel-Spiess imputation                           sum of flow effects 0..8 (point)   2.937951     9.0  0.052806       NaN                                                                                                                                                                                                       NaN
2   E2        Borusyak-Jaravel-Spiess imputation  sum over 0..8 of (effect - mean pre-period effect -8..-2)   2.462700     NaN       NaN       NaN                                                                                                                                                                                                       NaN
3   E2  Callaway-Sant'Anna (not-yet-treated, DR)                           sum of flow effects 0..8 (point)  -4.763924     9.0 -0.961987       NaN                                                                                                                                                                                                       NaN
4   E2  Callaway-Sant'Anna (not-yet-treated, DR)  sum over 0..8 of (effect - mean pre-period effect -8..-2)   3.893961     NaN       NaN       NaN                                                                                                                                                                                                       NaN
5   E2   Sun-Abraham IW (last cohort as control)                           sum of flow effects 0..8 (point)   1.082015     9.0 -0.430625       NaN                                                                                                                                                                                                       NaN
6   E2   Sun-Abraham IW (last cohort as control)  sum over 0..8 of (effect - mean pre-period effect -8..-2)   4.957643     NaN       NaN       NaN                                                                                                                                                                                                       NaN
7   E2               TWFE event study (sp.feols)                           sum of flow effects 0..8 (point)  -6.575386     9.0 -0.833389       NaN                                                              
  ext                                                     quantity  estimate  clusters        se                                                                           note  p_boot                                                           ci_boot  n_boot
0  E4  Table VI col1 interaction e_32 (8q after x public security)  9.993014      38.0  3.506268  interaction only; the author's total effect adds the base-quarter coefficient  0.0021  (np.float64(2.9418680836719195), np.float64(16.930689326982716))  9999.0
  ext                                                              quantity  estimate       N  clusters        se                                                                                                                                                                                                                                                                                                             note  first_stage_F_cluster  ci_low  ci_high
0  E5  parsimonious weather IV (rain,gust,thunder x unrest elsewhere): 2SLS  0.313099  8392.0     323.0  0.159778                                                                                                                                                                                                                                                                                                              NaN               0.460232     NaN      NaN
1  E5           cluster-robust Anderson-Rubin 95% set (grid -1..2 step .02)       NaN     NaN       NaN       NaN                                                                                                                                                                                                                                                                                           unbounded/at grid edge                    NaN    -1.0      2.0
2  E5          sp.anderson_rubin_ci (iid, FE partialled; no cluster option)       NaN     NaN       NaN       NaN  WeakIVConfidenceSet(method='Anderson-Rubin (AR)', level=0.95, beta_grid=array([-3.45987107e-01, -3.42699530e-01, -3.39411953e-01, -3.36124375e-01,\n       -3.32836798e-01, -3.29549221e-01, -3.26261644e-01, -3.22974066e-01,\n       -3.19686489e-01, -3.16398912e-01, -3.13111334e-01, -3.09823757e-01,\n                       NaN     NaN      NaN
EXTDONE
