00:39:34 reading state_panels_with3quant1979.dta (122 columns)
00:40:11 read (906984, 122)
/Users/brycewang/Documents/GitHub/top5-Econ-Paper-Replications/QJE2019-Minimum-Wages-Low-Wage-Jobs/Program/statspai/bunching.py:264: PerformanceWarning: DataFrame is highly fragmented.  This is usually the result of calling `frame.insert` many times, which has poor performance.  Consider joining all columns at once using pd.concat(axis=1) instead. To get a de-fragmented frame, use `newframe = frame.copy()`
  df[f"L{j}treat_p{k}"] = l
/Users/brycewang/Documents/GitHub/top5-Econ-Paper-Replications/QJE2019-Minimum-Wages-Low-Wage-Jobs/Program/statspai/bunching.py:263: PerformanceWarning: DataFrame is highly fragmented.  This is usually the result of calling `frame.insert` many times, which has poor performance.  Consider joining all columns at once using pd.concat(axis=1) instead. To get a de-fragmented frame, use `newframe = frame.copy()`
  df[f"F{j}treat_p{k}"] = f
/Users/brycewang/Documents/GitHub/top5-Econ-Paper-Replications/QJE2019-Minimum-Wages-Low-Wage-Jobs/Program/statspai/bunching.py:264: PerformanceWarning: DataFrame is highly fragmented.  This is usually the result of calling `frame.insert` many times, which has poor performance.  Consider joining all columns at once using pd.concat(axis=1) instead. To get a de-fragmented frame, use `newframe = frame.copy()`
  df[f"L{j}treat_p{k}"] = l
/Users/brycewang/Documents/GitHub/top5-Econ-Paper-Replications/QJE2019-Minimum-Wages-Low-Wage-Jobs/Program/statspai/bunching.py:266: PerformanceWarning: DataFrame is highly fragmented.  This is usually the result of calling `frame.insert` many times, which has poor performance.  Consider joining all columns at once using pd.concat(axis=1) instead. To get a de-fragmented frame, use `newframe = frame.copy()`
  df[f"window_p{k}"] = sum(df[c] for c in
/Users/brycewang/Documents/GitHub/top5-Econ-Paper-Replications/QJE2019-Minimum-Wages-Low-Wage-Jobs/Program/statspai/bunching.py:263: PerformanceWarning: DataFrame is highly fragmented.  This is usually the result of calling `frame.insert` many times, which has poor performance.  Consider joining all columns at once using pd.concat(axis=1) instead. To get a de-fragmented frame, use `newframe = frame.copy()`
  df[f"F{j}treat_p{k}"] = f
/Users/brycewang/Documents/GitHub/top5-Econ-Paper-Replications/QJE2019-Minimum-Wages-Low-Wage-Jobs/Program/statspai/bunching.py:264: PerformanceWarning: DataFrame is highly fragmented.  This is usually the result of calling `frame.insert` many times, which has poor performance.  Consider joining all columns at once using pd.concat(axis=1) instead. To get a de-fragmented frame, use `newframe = frame.copy()`
  df[f"L{j}treat_p{k}"] = l
/Users/brycewang/Documents/GitHub/top5-Econ-Paper-Replications/QJE2019-Minimum-Wages-Low-Wage-Jobs/Program/statspai/bunching.py:263: PerformanceWarning: DataFrame is highly fragmented.  This is usually the result of calling `frame.insert` many times, which has poor performance.  Consider joining all columns at once using pd.concat(axis=1) instead. To get a de-fragmented frame, use `newframe = frame.copy()`
  df[f"F{j}treat_p{k}"] = f
/Users/brycewang/Documents/GitHub/top5-Econ-Paper-Replications/QJE2019-Minimum-Wages-Low-Wage-Jobs/Program/statspai/bunching.py:264: PerformanceWarning: DataFrame is highly fragmented.  This is usually the result of calling `frame.insert` many times, which has poor performance.  Consider joining all columns at once using pd.concat(axis=1) instead. To get a de-fragmented frame, use `newframe = frame.copy()`
  df[f"L{j}treat_p{k}"] = l
/Users/brycewang/Documents/GitHub/top5-Econ-Paper-Replications/QJE2019-Minimum-Wages-Low-Wage-Jobs/Program/statspai/bunching.py:263: PerformanceWarning: DataFrame is highly fragmented.  This is usually the result of calling `frame.insert` many times, which has poor performance.  Consider joining all columns at once using pd.concat(axis=1) instead. To get a de-fragmented frame, use `newframe = frame.copy()`
  df[f"F{j}treat_p{k}"] = f
/Users/brycewang/Documents/GitHub/top5-Econ-Paper-Replications/QJE2019-Minimum-Wages-Low-Wage-Jobs/Program/statspai/bunching.py:264: PerformanceWarning: DataFrame is highly fragmented.  This is usually the result of calling `frame.insert` many times, which has poor performance.  Consider joining all columns at once using pd.concat(axis=1) instead. To get a de-fragmented frame, use `newframe = frame.copy()`
  df[f"L{j}treat_p{k}"] = l
/Users/brycewang/Documents/GitHub/top5-Econ-Paper-Replications/QJE2019-Minimum-Wages-Low-Wage-Jobs/Program/statspai/bunching.py:263: PerformanceWarning: DataFrame is highly fragmented.  This is usually the result of calling `frame.insert` many times, which has poor performance.  Consider joining all columns at once using pd.concat(axis=1) instead. To get a de-fragmented frame, use `newframe = frame.copy()`
  df[f"F{j}treat_p{k}"] = f
/Users/brycewang/Documents/GitHub/top5-Econ-Paper-Replications/QJE2019-Minimum-Wages-Low-Wage-Jobs/Program/statspai/bunching.py:264: PerformanceWarning: DataFrame is highly fragmented.  This is usually the result of calling `frame.insert` many times, which has poor performance.  Consider joining all columns at once using pd.concat(axis=1) instead. To get a de-fragmented frame, use `newframe = frame.copy()`
  df[f"L{j}treat_p{k}"] = l
/Users/brycewang/Documents/GitHub/top5-Econ-Paper-Replications/QJE2019-Minimum-Wages-Low-Wage-Jobs/Program/statspai/bunching.py:266: PerformanceWarning: DataFrame is highly fragmented.  This is usually the result of calling `frame.insert` many times, which has poor performance.  Consider joining all columns at once using pd.concat(axis=1) instead. To get a de-fragmented frame, use `newframe = frame.copy()`
  df[f"window_p{k}"] = sum(df[c] for c in
/Users/brycewang/Documents/GitHub/top5-Econ-Paper-Replications/QJE2019-Minimum-Wages-Low-Wage-Jobs/Program/statspai/bunching.py:263: PerformanceWarning: DataFrame is highly fragmented.  This is usually the result of calling `frame.insert` many times, which has poor performance.  Consider joining all columns at once using pd.concat(axis=1) instead. To get a de-fragmented frame, use `newframe = frame.copy()`
  df[f"F{j}treat_p{k}"] = f
/Users/brycewang/Documents/GitHub/top5-Econ-Paper-Replications/QJE2019-Minimum-Wages-Low-Wage-Jobs/Program/statspai/bunching.py:264: PerformanceWarning: DataFrame is highly fragmented.  This is usually the result of calling `frame.insert` many times, which has poor performance.  Consider joining all columns at once using pd.concat(axis=1) instead. To get a de-fragmented frame, use `newframe = frame.copy()`
  df[f"L{j}treat_p{k}"] = l
/Users/brycewang/Documents/GitHub/top5-Econ-Paper-Replications/QJE2019-Minimum-Wages-Low-Wage-Jobs/Program/statspai/bunching.py:263: PerformanceWarning: DataFrame is highly fragmented.  This is usually the result of calling `frame.insert` many times, which has poor performance.  Consider joining all columns at once using pd.concat(axis=1) instead. To get a de-fragmented frame, use `newframe = frame.copy()`
  df[f"F{j}treat_p{k}"] = f
/Users/brycewang/Documents/GitHub/top5-Econ-Paper-Replications/QJE2019-Minimum-Wages-Low-Wage-Jobs/Program/statspai/bunching.py:264: PerformanceWarning: DataFrame is highly fragmented.  This is usually the result of calling `frame.insert` many times, which has poor performance.  Consider joining all columns at once using pd.concat(axis=1) instead. To get a de-fragmented frame, use `newframe = frame.copy()`
  df[f"L{j}treat_p{k}"] = l
/Users/brycewang/Documents/GitHub/top5-Econ-Paper-Replications/QJE2019-Minimum-Wages-Low-Wage-Jobs/Program/statspai/bunching.py:263: PerformanceWarning: DataFrame is highly fragmented.  This is usually the result of calling `frame.insert` many times, which has poor performance.  Consider joining all columns at once using pd.concat(axis=1) instead. To get a de-fragmented frame, use `newframe = frame.copy()`
  df[f"F{j}treat_p{k}"] = f
/Users/brycewang/Documents/GitHub/top5-Econ-Paper-Replications/QJE2019-Minimum-Wages-Low-Wage-Jobs/Program/statspai/bunching.py:264: PerformanceWarning: DataFrame is highly fragmented.  This is usually the result of calling `frame.insert` many times, which has poor performance.  Consider joining all columns at once using pd.concat(axis=1) instead. To get a de-fragmented frame, use `newframe = frame.copy()`
  df[f"L{j}treat_p{k}"] = l
/Users/brycewang/Documents/GitHub/top5-Econ-Paper-Replications/QJE2019-Minimum-Wages-Low-Wage-Jobs/Program/statspai/bunching.py:263: PerformanceWarning: DataFrame is highly fragmented.  This is usually the result of calling `frame.insert` many times, which has poor performance.  Consider joining all columns at once using pd.concat(axis=1) instead. To get a de-fragmented frame, use `newframe = frame.copy()`
  df[f"F{j}treat_p{k}"] = f
/Users/brycewang/Documents/GitHub/top5-Econ-Paper-Replications/QJE2019-Minimum-Wages-Low-Wage-Jobs/Program/statspai/bunching.py:264: PerformanceWarning: DataFrame is highly fragmented.  This is usually the result of calling `frame.insert` many times, which has poor performance.  Consider joining all columns at once using pd.concat(axis=1) instead. To get a de-fragmented frame, use `newframe = frame.copy()`
  df[f"L{j}treat_p{k}"] = l
/Users/brycewang/Documents/GitHub/top5-Econ-Paper-Replications/QJE2019-Minimum-Wages-Low-Wage-Jobs/Program/statspai/bunching.py:266: PerformanceWarning: DataFrame is highly fragmented.  This is usually the result of calling `frame.insert` many times, which has poor performance.  Consider joining all columns at once using pd.concat(axis=1) instead. To get a de-fragmented frame, use `newframe = frame.copy()`
  df[f"window_p{k}"] = sum(df[c] for c in
/Users/brycewang/Documents/GitHub/top5-Econ-Paper-Replications/QJE2019-Minimum-Wages-Low-Wage-Jobs/Program/statspai/bunching.py:263: PerformanceWarning: DataFrame is highly fragmented.  This is usually the result of calling `frame.insert` many times, which has poor performance.  Consider joining all columns at once using pd.concat(axis=1) instead. To get a de-fragmented frame, use `newframe = frame.copy()`
  df[f"F{j}treat_p{k}"] = f
/Users/brycewang/Documents/GitHub/top5-Econ-Paper-Replications/QJE2019-Minimum-Wages-Low-Wage-Jobs/Program/statspai/bunching.py:264: PerformanceWarning: DataFrame is highly fragmented.  This is usually the result of calling `frame.insert` many times, which has poor performance.  Consider joining all columns at once using pd.concat(axis=1) instead. To get a de-fragmented frame, use `newframe = frame.copy()`
  df[f"L{j}treat_p{k}"] = l
/Users/brycewang/Documents/GitHub/top5-Econ-Paper-Replications/QJE2019-Minimum-Wages-Low-Wage-Jobs/Program/statspai/bunching.py:263: PerformanceWarning: DataFrame is highly fragmented.  This is usually the result of calling `frame.insert` many times, which has poor performance.  Consider joining all columns at once using pd.concat(axis=1) instead. To get a de-fragmented frame, use `newframe = frame.copy()`
  df[f"F{j}treat_p{k}"] = f
/Users/brycewang/Documents/GitHub/top5-Econ-Paper-Replications/QJE2019-Minimum-Wages-Low-Wage-Jobs/Program/statspai/bunching.py:264: PerformanceWarning: DataFrame is highly fragmented.  This is usually the result of calling `frame.insert` many times, which has poor performance.  Consider joining all columns at once using pd.concat(axis=1) instead. To get a de-fragmented frame, use `newframe = frame.copy()`
  df[f"L{j}treat_p{k}"] = l
/Users/brycewang/Documents/GitHub/top5-Econ-Paper-Replications/QJE2019-Minimum-Wages-Low-Wage-Jobs/Program/statspai/bunching.py:263: PerformanceWarning: DataFrame is highly fragmented.  This is usually the result of calling `frame.insert` many times, which has poor performance.  Consider joining all columns at once using pd.concat(axis=1) instead. To get a de-fragmented frame, use `newframe = frame.copy()`
  df[f"F{j}treat_p{k}"] = f
/Users/brycewang/Documents/GitHub/top5-Econ-Paper-Replications/QJE2019-Minimum-Wages-Low-Wage-Jobs/Program/statspai/bunching.py:264: PerformanceWarning: DataFrame is highly fragmented.  This is usually the result of calling `frame.insert` many times, which has poor performance.  Consider joining all columns at once using pd.concat(axis=1) instead. To get a de-fragmented frame, use `newframe = frame.copy()`
  df[f"L{j}treat_p{k}"] = l
/Users/brycewang/Documents/GitHub/top5-Econ-Paper-Replications/QJE2019-Minimum-Wages-Low-Wage-Jobs/Program/statspai/bunching.py:263: PerformanceWarning: DataFrame is highly fragmented.  This is usually the result of calling `frame.insert` many times, which has poor performance.  Consider joining all columns at once using pd.concat(axis=1) instead. To get a de-fragmented frame, use `newframe = frame.copy()`
  df[f"F{j}treat_p{k}"] = f
/Users/brycewang/Documents/GitHub/top5-Econ-Paper-Replications/QJE2019-Minimum-Wages-Low-Wage-Jobs/Program/statspai/bunching.py:264: PerformanceWarning: DataFrame is highly fragmented.  This is usually the result of calling `frame.insert` many times, which has poor performance.  Consider joining all columns at once using pd.concat(axis=1) instead. To get a de-fragmented frame, use `newframe = frame.copy()`
  df[f"L{j}treat_p{k}"] = l
/Users/brycewang/Documents/GitHub/top5-Econ-Paper-Replications/QJE2019-Minimum-Wages-Low-Wage-Jobs/Program/statspai/bunching.py:266: PerformanceWarning: DataFrame is highly fragmented.  This is usually the result of calling `frame.insert` many times, which has poor performance.  Consider joining all columns at once using pd.concat(axis=1) instead. To get a de-fragmented frame, use `newframe = frame.copy()`
  df[f"window_p{k}"] = sum(df[c] for c in
/Users/brycewang/Documents/GitHub/top5-Econ-Paper-Replications/QJE2019-Minimum-Wages-Low-Wage-Jobs/Program/statspai/bunching.py:189: PerformanceWarning: DataFrame is highly fragmented.  This is usually the result of calling `frame.insert` many times, which has poor performance.  Consider joining all columns at once using pd.concat(axis=1) instead. To get a de-fragmented frame, use `newframe = frame.copy()`
  df[f"{Y}countpcrsum"] = df.groupby(g)[pc].cumsum()
/Users/brycewang/Documents/GitHub/top5-Econ-Paper-Replications/QJE2019-Minimum-Wages-Low-Wage-Jobs/Program/statspai/bunching.py:190: PerformanceWarning: DataFrame is highly fragmented.  This is usually the result of calling `frame.insert` many times, which has poor performance.  Consider joining all columns at once using pd.concat(axis=1) instead. To get a de-fragmented frame, use `newframe = frame.copy()`
  df[f"{Y}WBpcFH"] = df["wagebins"] * df[count] / (100 * df[pop])
/Users/brycewang/Documents/GitHub/top5-Econ-Paper-Replications/QJE2019-Minimum-Wages-Low-Wage-Jobs/Program/statspai/bunching.py:191: PerformanceWarning: DataFrame is highly fragmented.  This is usually the result of calling `frame.insert` many times, which has poor performance.  Consider joining all columns at once using pd.concat(axis=1) instead. To get a de-fragmented frame, use `newframe = frame.copy()`
  df[f"{Y}WBpcrsumFH"] = df.groupby(g)[f"{Y}WBpcFH"].cumsum()
00:40:19 constants: {"E": 0.5711273139709009, "B": 0.08648194607781487, "EWB": 0.35083500625637015, "mwpc": 0.10129003140422747, "C": 17.286233041323147, "wagemult": 8.774882267779565, "n_events": 138, "numbins_open": 19.32144867255324}
00:40:24 [figure2_joint] hdfe_ols N=865,215 k=176 spec=1
00:51:34 [figure2_joint] done in 671s, N=847314, df_resid=824516
00:51:35 done
