04:35:05 missing columns: []
04:36:08 read (1634958, 116)
/Users/brycewang/Documents/GitHub/top5-Econ-Paper-Replications/QJE2019-Minimum-Wages-Low-Wage-Jobs/Program/statspai/bunching.py:263: PerformanceWarning: DataFrame is highly fragmented.  This is usually the result of calling `frame.insert` many times, which has poor performance.  Consider joining all columns at once using pd.concat(axis=1) instead. To get a de-fragmented frame, use `newframe = frame.copy()`
  df[f"F{j}treat_p{k}"] = f
/Users/brycewang/Documents/GitHub/top5-Econ-Paper-Replications/QJE2019-Minimum-Wages-Low-Wage-Jobs/Program/statspai/bunching.py:264: PerformanceWarning: DataFrame is highly fragmented.  This is usually the result of calling `frame.insert` many times, which has poor performance.  Consider joining all columns at once using pd.concat(axis=1) instead. To get a de-fragmented frame, use `newframe = frame.copy()`
  df[f"L{j}treat_p{k}"] = l
/Users/brycewang/Documents/GitHub/top5-Econ-Paper-Replications/QJE2019-Minimum-Wages-Low-Wage-Jobs/Program/statspai/bunching.py:263: PerformanceWarning: DataFrame is highly fragmented.  This is usually the result of calling `frame.insert` many times, which has poor performance.  Consider joining all columns at once using pd.concat(axis=1) instead. To get a de-fragmented frame, use `newframe = frame.copy()`
  df[f"F{j}treat_p{k}"] = f
/Users/brycewang/Documents/GitHub/top5-Econ-Paper-Replications/QJE2019-Minimum-Wages-Low-Wage-Jobs/Program/statspai/bunching.py:264: PerformanceWarning: DataFrame is highly fragmented.  This is usually the result of calling `frame.insert` many times, which has poor performance.  Consider joining all columns at once using pd.concat(axis=1) instead. To get a de-fragmented frame, use `newframe = frame.copy()`
  df[f"L{j}treat_p{k}"] = l
/Users/brycewang/Documents/GitHub/top5-Econ-Paper-Replications/QJE2019-Minimum-Wages-Low-Wage-Jobs/Program/statspai/bunching.py:263: PerformanceWarning: DataFrame is highly fragmented.  This is usually the result of calling `frame.insert` many times, which has poor performance.  Consider joining all columns at once using pd.concat(axis=1) instead. To get a de-fragmented frame, use `newframe = frame.copy()`
  df[f"F{j}treat_p{k}"] = f
/Users/brycewang/Documents/GitHub/top5-Econ-Paper-Replications/QJE2019-Minimum-Wages-Low-Wage-Jobs/Program/statspai/bunching.py:264: PerformanceWarning: DataFrame is highly fragmented.  This is usually the result of calling `frame.insert` many times, which has poor performance.  Consider joining all columns at once using pd.concat(axis=1) instead. To get a de-fragmented frame, use `newframe = frame.copy()`
  df[f"L{j}treat_p{k}"] = l
/Users/brycewang/Documents/GitHub/top5-Econ-Paper-Replications/QJE2019-Minimum-Wages-Low-Wage-Jobs/Program/statspai/bunching.py:266: PerformanceWarning: DataFrame is highly fragmented.  This is usually the result of calling `frame.insert` many times, which has poor performance.  Consider joining all columns at once using pd.concat(axis=1) instead. To get a de-fragmented frame, use `newframe = frame.copy()`
  df[f"window_p{k}"] = sum(df[c] for c in
/Users/brycewang/Documents/GitHub/top5-Econ-Paper-Replications/QJE2019-Minimum-Wages-Low-Wage-Jobs/Program/statspai/bunching.py:263: PerformanceWarning: DataFrame is highly fragmented.  This is usually the result of calling `frame.insert` many times, which has poor performance.  Consider joining all columns at once using pd.concat(axis=1) instead. To get a de-fragmented frame, use `newframe = frame.copy()`
  df[f"F{j}treat_p{k}"] = f
/Users/brycewang/Documents/GitHub/top5-Econ-Paper-Replications/QJE2019-Minimum-Wages-Low-Wage-Jobs/Program/statspai/bunching.py:264: PerformanceWarning: DataFrame is highly fragmented.  This is usually the result of calling `frame.insert` many times, which has poor performance.  Consider joining all columns at once using pd.concat(axis=1) instead. To get a de-fragmented frame, use `newframe = frame.copy()`
  df[f"L{j}treat_p{k}"] = l
/Users/brycewang/Documents/GitHub/top5-Econ-Paper-Replications/QJE2019-Minimum-Wages-Low-Wage-Jobs/Program/statspai/bunching.py:263: PerformanceWarning: DataFrame is highly fragmented.  This is usually the result of calling `frame.insert` many times, which has poor performance.  Consider joining all columns at once using pd.concat(axis=1) instead. To get a de-fragmented frame, use `newframe = frame.copy()`
  df[f"F{j}treat_p{k}"] = f
/Users/brycewang/Documents/GitHub/top5-Econ-Paper-Replications/QJE2019-Minimum-Wages-Low-Wage-Jobs/Program/statspai/bunching.py:264: PerformanceWarning: DataFrame is highly fragmented.  This is usually the result of calling `frame.insert` many times, which has poor performance.  Consider joining all columns at once using pd.concat(axis=1) instead. To get a de-fragmented frame, use `newframe = frame.copy()`
  df[f"L{j}treat_p{k}"] = l
/Users/brycewang/Documents/GitHub/top5-Econ-Paper-Replications/QJE2019-Minimum-Wages-Low-Wage-Jobs/Program/statspai/bunching.py:263: PerformanceWarning: DataFrame is highly fragmented.  This is usually the result of calling `frame.insert` many times, which has poor performance.  Consider joining all columns at once using pd.concat(axis=1) instead. To get a de-fragmented frame, use `newframe = frame.copy()`
  df[f"F{j}treat_p{k}"] = f
/Users/brycewang/Documents/GitHub/top5-Econ-Paper-Replications/QJE2019-Minimum-Wages-Low-Wage-Jobs/Program/statspai/bunching.py:264: PerformanceWarning: DataFrame is highly fragmented.  This is usually the result of calling `frame.insert` many times, which has poor performance.  Consider joining all columns at once using pd.concat(axis=1) instead. To get a de-fragmented frame, use `newframe = frame.copy()`
  df[f"L{j}treat_p{k}"] = l
/Users/brycewang/Documents/GitHub/top5-Econ-Paper-Replications/QJE2019-Minimum-Wages-Low-Wage-Jobs/Program/statspai/bunching.py:263: PerformanceWarning: DataFrame is highly fragmented.  This is usually the result of calling `frame.insert` many times, which has poor performance.  Consider joining all columns at once using pd.concat(axis=1) instead. To get a de-fragmented frame, use `newframe = frame.copy()`
  df[f"F{j}treat_p{k}"] = f
/Users/brycewang/Documents/GitHub/top5-Econ-Paper-Replications/QJE2019-Minimum-Wages-Low-Wage-Jobs/Program/statspai/bunching.py:264: PerformanceWarning: DataFrame is highly fragmented.  This is usually the result of calling `frame.insert` many times, which has poor performance.  Consider joining all columns at once using pd.concat(axis=1) instead. To get a de-fragmented frame, use `newframe = frame.copy()`
  df[f"L{j}treat_p{k}"] = l
/Users/brycewang/Documents/GitHub/top5-Econ-Paper-Replications/QJE2019-Minimum-Wages-Low-Wage-Jobs/Program/statspai/bunching.py:266: PerformanceWarning: DataFrame is highly fragmented.  This is usually the result of calling `frame.insert` many times, which has poor performance.  Consider joining all columns at once using pd.concat(axis=1) instead. To get a de-fragmented frame, use `newframe = frame.copy()`
  df[f"window_p{k}"] = sum(df[c] for c in
/Users/brycewang/Documents/GitHub/top5-Econ-Paper-Replications/QJE2019-Minimum-Wages-Low-Wage-Jobs/Program/statspai/bunching.py:263: PerformanceWarning: DataFrame is highly fragmented.  This is usually the result of calling `frame.insert` many times, which has poor performance.  Consider joining all columns at once using pd.concat(axis=1) instead. To get a de-fragmented frame, use `newframe = frame.copy()`
  df[f"F{j}treat_p{k}"] = f
/Users/brycewang/Documents/GitHub/top5-Econ-Paper-Replications/QJE2019-Minimum-Wages-Low-Wage-Jobs/Program/statspai/bunching.py:264: PerformanceWarning: DataFrame is highly fragmented.  This is usually the result of calling `frame.insert` many times, which has poor performance.  Consider joining all columns at once using pd.concat(axis=1) instead. To get a de-fragmented frame, use `newframe = frame.copy()`
  df[f"L{j}treat_p{k}"] = l
/Users/brycewang/Documents/GitHub/top5-Econ-Paper-Replications/QJE2019-Minimum-Wages-Low-Wage-Jobs/Program/statspai/bunching.py:263: PerformanceWarning: DataFrame is highly fragmented.  This is usually the result of calling `frame.insert` many times, which has poor performance.  Consider joining all columns at once using pd.concat(axis=1) instead. To get a de-fragmented frame, use `newframe = frame.copy()`
  df[f"F{j}treat_p{k}"] = f
/Users/brycewang/Documents/GitHub/top5-Econ-Paper-Replications/QJE2019-Minimum-Wages-Low-Wage-Jobs/Program/statspai/bunching.py:264: PerformanceWarning: DataFrame is highly fragmented.  This is usually the result of calling `frame.insert` many times, which has poor performance.  Consider joining all columns at once using pd.concat(axis=1) instead. To get a de-fragmented frame, use `newframe = frame.copy()`
  df[f"L{j}treat_p{k}"] = l
/Users/brycewang/Documents/GitHub/top5-Econ-Paper-Replications/QJE2019-Minimum-Wages-Low-Wage-Jobs/Program/statspai/bunching.py:263: PerformanceWarning: DataFrame is highly fragmented.  This is usually the result of calling `frame.insert` many times, which has poor performance.  Consider joining all columns at once using pd.concat(axis=1) instead. To get a de-fragmented frame, use `newframe = frame.copy()`
  df[f"F{j}treat_p{k}"] = f
/Users/brycewang/Documents/GitHub/top5-Econ-Paper-Replications/QJE2019-Minimum-Wages-Low-Wage-Jobs/Program/statspai/bunching.py:264: PerformanceWarning: DataFrame is highly fragmented.  This is usually the result of calling `frame.insert` many times, which has poor performance.  Consider joining all columns at once using pd.concat(axis=1) instead. To get a de-fragmented frame, use `newframe = frame.copy()`
  df[f"L{j}treat_p{k}"] = l
/Users/brycewang/Documents/GitHub/top5-Econ-Paper-Replications/QJE2019-Minimum-Wages-Low-Wage-Jobs/Program/statspai/bunching.py:263: PerformanceWarning: DataFrame is highly fragmented.  This is usually the result of calling `frame.insert` many times, which has poor performance.  Consider joining all columns at once using pd.concat(axis=1) instead. To get a de-fragmented frame, use `newframe = frame.copy()`
  df[f"F{j}treat_p{k}"] = f
/Users/brycewang/Documents/GitHub/top5-Econ-Paper-Replications/QJE2019-Minimum-Wages-Low-Wage-Jobs/Program/statspai/bunching.py:264: PerformanceWarning: DataFrame is highly fragmented.  This is usually the result of calling `frame.insert` many times, which has poor performance.  Consider joining all columns at once using pd.concat(axis=1) instead. To get a de-fragmented frame, use `newframe = frame.copy()`
  df[f"L{j}treat_p{k}"] = l
/Users/brycewang/Documents/GitHub/top5-Econ-Paper-Replications/QJE2019-Minimum-Wages-Low-Wage-Jobs/Program/statspai/bunching.py:266: PerformanceWarning: DataFrame is highly fragmented.  This is usually the result of calling `frame.insert` many times, which has poor performance.  Consider joining all columns at once using pd.concat(axis=1) instead. To get a de-fragmented frame, use `newframe = frame.copy()`
  df[f"window_p{k}"] = sum(df[c] for c in
/Users/brycewang/Documents/GitHub/top5-Econ-Paper-Replications/QJE2019-Minimum-Wages-Low-Wage-Jobs/Program/statspai/bunching.py:263: PerformanceWarning: DataFrame is highly fragmented.  This is usually the result of calling `frame.insert` many times, which has poor performance.  Consider joining all columns at once using pd.concat(axis=1) instead. To get a de-fragmented frame, use `newframe = frame.copy()`
  df[f"F{j}treat_p{k}"] = f
/Users/brycewang/Documents/GitHub/top5-Econ-Paper-Replications/QJE2019-Minimum-Wages-Low-Wage-Jobs/Program/statspai/bunching.py:264: PerformanceWarning: DataFrame is highly fragmented.  This is usually the result of calling `frame.insert` many times, which has poor performance.  Consider joining all columns at once using pd.concat(axis=1) instead. To get a de-fragmented frame, use `newframe = frame.copy()`
  df[f"L{j}treat_p{k}"] = l
/Users/brycewang/Documents/GitHub/top5-Econ-Paper-Replications/QJE2019-Minimum-Wages-Low-Wage-Jobs/Program/statspai/bunching.py:263: PerformanceWarning: DataFrame is highly fragmented.  This is usually the result of calling `frame.insert` many times, which has poor performance.  Consider joining all columns at once using pd.concat(axis=1) instead. To get a de-fragmented frame, use `newframe = frame.copy()`
  df[f"F{j}treat_p{k}"] = f
/Users/brycewang/Documents/GitHub/top5-Econ-Paper-Replications/QJE2019-Minimum-Wages-Low-Wage-Jobs/Program/statspai/bunching.py:264: PerformanceWarning: DataFrame is highly fragmented.  This is usually the result of calling `frame.insert` many times, which has poor performance.  Consider joining all columns at once using pd.concat(axis=1) instead. To get a de-fragmented frame, use `newframe = frame.copy()`
  df[f"L{j}treat_p{k}"] = l
/Users/brycewang/Documents/GitHub/top5-Econ-Paper-Replications/QJE2019-Minimum-Wages-Low-Wage-Jobs/Program/statspai/bunching.py:263: PerformanceWarning: DataFrame is highly fragmented.  This is usually the result of calling `frame.insert` many times, which has poor performance.  Consider joining all columns at once using pd.concat(axis=1) instead. To get a de-fragmented frame, use `newframe = frame.copy()`
  df[f"F{j}treat_p{k}"] = f
/Users/brycewang/Documents/GitHub/top5-Econ-Paper-Replications/QJE2019-Minimum-Wages-Low-Wage-Jobs/Program/statspai/bunching.py:264: PerformanceWarning: DataFrame is highly fragmented.  This is usually the result of calling `frame.insert` many times, which has poor performance.  Consider joining all columns at once using pd.concat(axis=1) instead. To get a de-fragmented frame, use `newframe = frame.copy()`
  df[f"L{j}treat_p{k}"] = l
/Users/brycewang/Documents/GitHub/top5-Econ-Paper-Replications/QJE2019-Minimum-Wages-Low-Wage-Jobs/Program/statspai/bunching.py:263: PerformanceWarning: DataFrame is highly fragmented.  This is usually the result of calling `frame.insert` many times, which has poor performance.  Consider joining all columns at once using pd.concat(axis=1) instead. To get a de-fragmented frame, use `newframe = frame.copy()`
  df[f"F{j}treat_p{k}"] = f
/Users/brycewang/Documents/GitHub/top5-Econ-Paper-Replications/QJE2019-Minimum-Wages-Low-Wage-Jobs/Program/statspai/bunching.py:264: PerformanceWarning: DataFrame is highly fragmented.  This is usually the result of calling `frame.insert` many times, which has poor performance.  Consider joining all columns at once using pd.concat(axis=1) instead. To get a de-fragmented frame, use `newframe = frame.copy()`
  df[f"L{j}treat_p{k}"] = l
/Users/brycewang/Documents/GitHub/top5-Econ-Paper-Replications/QJE2019-Minimum-Wages-Low-Wage-Jobs/Program/statspai/bunching.py:266: PerformanceWarning: DataFrame is highly fragmented.  This is usually the result of calling `frame.insert` many times, which has poor performance.  Consider joining all columns at once using pd.concat(axis=1) instead. To get a de-fragmented frame, use `newframe = frame.copy()`
  df[f"window_p{k}"] = sum(df[c] for c in
04:36:21 incumbent constants {"E": 0.5708990752045403, "B": 0.03846398670280255, "EWB": 0.1563693772763724, "mwpc": 0.1027436609368056, "wagemult": 8.775185421779385, "numbins": 19.285492074813643}
04:36:25 [figure4_incumbent] hdfe_ols N=787,644 k=176 spec=1
04:45:43 [figure4_incumbent] done in 558s, N=733941, df_resid=713370
04:45:43 {"group": "incumbent", "N": 733941, "b_minus1": 0.03846398670280255, "below": -0.012208492892061568, "below_se": 0.00203944572072264, "above": 0.012551527625654898, "above_se": 0.001722984106501897, "emp": 0.00891833538327259, "emp_se": 0.06846414806018244, "wage": 0.095319496934229, "wage_se": 0.020408554917086468, "wage_nospill": 0.05508605756150168, "wage_nospill_se": 0.010531210860677986, "spill_share": 0.42209034527834977, "spill_share_se": 0.18143567431469865}
04:45:43 newentrant constants {"E": 0.5708990752045403, "B": 0.03399715743690475, "EWB": 0.13936098854384613, "mwpc": 0.1027436609368056, "wagemult": 8.775185421779385, "numbins": 19.285492074813643}
04:45:47 [figure4_newentrant] hdfe_ols N=787,644 k=176 spec=1
04:55:09 [figure4_newentrant] done in 561s, N=733941, df_resid=713370
04:55:09 {"group": "newentrant", "N": 733941, "b_minus1": 0.03399715743690475, "below": -0.005306073234075784, "below_se": 0.0012051487394558842, "above": 0.0055863646781952716, "above_se": 0.0009918733751273442, "emp": 0.00824455528788488, "emp_se": 0.034087197230360584, "wage": 0.019153213376652004, "wage_se": 0.012828979450541313, "wage_nospill": 0.022566366887187068, "wage_nospill_se": 0.005657392286924544, "spill_share": -0.17820265682915326, "spill_share_se": 0.748255733643749}
04:55:09 done
