03:07:25 reading state_panels_with3quant1979.dta (122 columns)
03:08:09 read (906984, 122)
/Users/brycewang/Documents/GitHub/top5-Econ-Paper-Replications/QJE2019-Minimum-Wages-Low-Wage-Jobs/Program/statspai/bunching.py:264: PerformanceWarning: DataFrame is highly fragmented.  This is usually the result of calling `frame.insert` many times, which has poor performance.  Consider joining all columns at once using pd.concat(axis=1) instead. To get a de-fragmented frame, use `newframe = frame.copy()`
  df[f"L{j}treat_p{k}"] = l
/Users/brycewang/Documents/GitHub/top5-Econ-Paper-Replications/QJE2019-Minimum-Wages-Low-Wage-Jobs/Program/statspai/bunching.py:263: PerformanceWarning: DataFrame is highly fragmented.  This is usually the result of calling `frame.insert` many times, which has poor performance.  Consider joining all columns at once using pd.concat(axis=1) instead. To get a de-fragmented frame, use `newframe = frame.copy()`
  df[f"F{j}treat_p{k}"] = f
/Users/brycewang/Documents/GitHub/top5-Econ-Paper-Replications/QJE2019-Minimum-Wages-Low-Wage-Jobs/Program/statspai/bunching.py:264: PerformanceWarning: DataFrame is highly fragmented.  This is usually the result of calling `frame.insert` many times, which has poor performance.  Consider joining all columns at once using pd.concat(axis=1) instead. To get a de-fragmented frame, use `newframe = frame.copy()`
  df[f"L{j}treat_p{k}"] = l
/Users/brycewang/Documents/GitHub/top5-Econ-Paper-Replications/QJE2019-Minimum-Wages-Low-Wage-Jobs/Program/statspai/bunching.py:266: PerformanceWarning: DataFrame is highly fragmented.  This is usually the result of calling `frame.insert` many times, which has poor performance.  Consider joining all columns at once using pd.concat(axis=1) instead. To get a de-fragmented frame, use `newframe = frame.copy()`
  df[f"window_p{k}"] = sum(df[c] for c in
/Users/brycewang/Documents/GitHub/top5-Econ-Paper-Replications/QJE2019-Minimum-Wages-Low-Wage-Jobs/Program/statspai/bunching.py:263: PerformanceWarning: DataFrame is highly fragmented.  This is usually the result of calling `frame.insert` many times, which has poor performance.  Consider joining all columns at once using pd.concat(axis=1) instead. To get a de-fragmented frame, use `newframe = frame.copy()`
  df[f"F{j}treat_p{k}"] = f
/Users/brycewang/Documents/GitHub/top5-Econ-Paper-Replications/QJE2019-Minimum-Wages-Low-Wage-Jobs/Program/statspai/bunching.py:264: PerformanceWarning: DataFrame is highly fragmented.  This is usually the result of calling `frame.insert` many times, which has poor performance.  Consider joining all columns at once using pd.concat(axis=1) instead. To get a de-fragmented frame, use `newframe = frame.copy()`
  df[f"L{j}treat_p{k}"] = l
/Users/brycewang/Documents/GitHub/top5-Econ-Paper-Replications/QJE2019-Minimum-Wages-Low-Wage-Jobs/Program/statspai/bunching.py:263: PerformanceWarning: DataFrame is highly fragmented.  This is usually the result of calling `frame.insert` many times, which has poor performance.  Consider joining all columns at once using pd.concat(axis=1) instead. To get a de-fragmented frame, use `newframe = frame.copy()`
  df[f"F{j}treat_p{k}"] = f
/Users/brycewang/Documents/GitHub/top5-Econ-Paper-Replications/QJE2019-Minimum-Wages-Low-Wage-Jobs/Program/statspai/bunching.py:264: PerformanceWarning: DataFrame is highly fragmented.  This is usually the result of calling `frame.insert` many times, which has poor performance.  Consider joining all columns at once using pd.concat(axis=1) instead. To get a de-fragmented frame, use `newframe = frame.copy()`
  df[f"L{j}treat_p{k}"] = l
/Users/brycewang/Documents/GitHub/top5-Econ-Paper-Replications/QJE2019-Minimum-Wages-Low-Wage-Jobs/Program/statspai/bunching.py:263: PerformanceWarning: DataFrame is highly fragmented.  This is usually the result of calling `frame.insert` many times, which has poor performance.  Consider joining all columns at once using pd.concat(axis=1) instead. To get a de-fragmented frame, use `newframe = frame.copy()`
  df[f"F{j}treat_p{k}"] = f
/Users/brycewang/Documents/GitHub/top5-Econ-Paper-Replications/QJE2019-Minimum-Wages-Low-Wage-Jobs/Program/statspai/bunching.py:264: PerformanceWarning: DataFrame is highly fragmented.  This is usually the result of calling `frame.insert` many times, which has poor performance.  Consider joining all columns at once using pd.concat(axis=1) instead. To get a de-fragmented frame, use `newframe = frame.copy()`
  df[f"L{j}treat_p{k}"] = l
/Users/brycewang/Documents/GitHub/top5-Econ-Paper-Replications/QJE2019-Minimum-Wages-Low-Wage-Jobs/Program/statspai/bunching.py:263: PerformanceWarning: DataFrame is highly fragmented.  This is usually the result of calling `frame.insert` many times, which has poor performance.  Consider joining all columns at once using pd.concat(axis=1) instead. To get a de-fragmented frame, use `newframe = frame.copy()`
  df[f"F{j}treat_p{k}"] = f
/Users/brycewang/Documents/GitHub/top5-Econ-Paper-Replications/QJE2019-Minimum-Wages-Low-Wage-Jobs/Program/statspai/bunching.py:264: PerformanceWarning: DataFrame is highly fragmented.  This is usually the result of calling `frame.insert` many times, which has poor performance.  Consider joining all columns at once using pd.concat(axis=1) instead. To get a de-fragmented frame, use `newframe = frame.copy()`
  df[f"L{j}treat_p{k}"] = l
/Users/brycewang/Documents/GitHub/top5-Econ-Paper-Replications/QJE2019-Minimum-Wages-Low-Wage-Jobs/Program/statspai/bunching.py:266: PerformanceWarning: DataFrame is highly fragmented.  This is usually the result of calling `frame.insert` many times, which has poor performance.  Consider joining all columns at once using pd.concat(axis=1) instead. To get a de-fragmented frame, use `newframe = frame.copy()`
  df[f"window_p{k}"] = sum(df[c] for c in
/Users/brycewang/Documents/GitHub/top5-Econ-Paper-Replications/QJE2019-Minimum-Wages-Low-Wage-Jobs/Program/statspai/bunching.py:263: PerformanceWarning: DataFrame is highly fragmented.  This is usually the result of calling `frame.insert` many times, which has poor performance.  Consider joining all columns at once using pd.concat(axis=1) instead. To get a de-fragmented frame, use `newframe = frame.copy()`
  df[f"F{j}treat_p{k}"] = f
/Users/brycewang/Documents/GitHub/top5-Econ-Paper-Replications/QJE2019-Minimum-Wages-Low-Wage-Jobs/Program/statspai/bunching.py:264: PerformanceWarning: DataFrame is highly fragmented.  This is usually the result of calling `frame.insert` many times, which has poor performance.  Consider joining all columns at once using pd.concat(axis=1) instead. To get a de-fragmented frame, use `newframe = frame.copy()`
  df[f"L{j}treat_p{k}"] = l
/Users/brycewang/Documents/GitHub/top5-Econ-Paper-Replications/QJE2019-Minimum-Wages-Low-Wage-Jobs/Program/statspai/bunching.py:263: PerformanceWarning: DataFrame is highly fragmented.  This is usually the result of calling `frame.insert` many times, which has poor performance.  Consider joining all columns at once using pd.concat(axis=1) instead. To get a de-fragmented frame, use `newframe = frame.copy()`
  df[f"F{j}treat_p{k}"] = f
/Users/brycewang/Documents/GitHub/top5-Econ-Paper-Replications/QJE2019-Minimum-Wages-Low-Wage-Jobs/Program/statspai/bunching.py:264: PerformanceWarning: DataFrame is highly fragmented.  This is usually the result of calling `frame.insert` many times, which has poor performance.  Consider joining all columns at once using pd.concat(axis=1) instead. To get a de-fragmented frame, use `newframe = frame.copy()`
  df[f"L{j}treat_p{k}"] = l
/Users/brycewang/Documents/GitHub/top5-Econ-Paper-Replications/QJE2019-Minimum-Wages-Low-Wage-Jobs/Program/statspai/bunching.py:263: PerformanceWarning: DataFrame is highly fragmented.  This is usually the result of calling `frame.insert` many times, which has poor performance.  Consider joining all columns at once using pd.concat(axis=1) instead. To get a de-fragmented frame, use `newframe = frame.copy()`
  df[f"F{j}treat_p{k}"] = f
/Users/brycewang/Documents/GitHub/top5-Econ-Paper-Replications/QJE2019-Minimum-Wages-Low-Wage-Jobs/Program/statspai/bunching.py:264: PerformanceWarning: DataFrame is highly fragmented.  This is usually the result of calling `frame.insert` many times, which has poor performance.  Consider joining all columns at once using pd.concat(axis=1) instead. To get a de-fragmented frame, use `newframe = frame.copy()`
  df[f"L{j}treat_p{k}"] = l
/Users/brycewang/Documents/GitHub/top5-Econ-Paper-Replications/QJE2019-Minimum-Wages-Low-Wage-Jobs/Program/statspai/bunching.py:263: PerformanceWarning: DataFrame is highly fragmented.  This is usually the result of calling `frame.insert` many times, which has poor performance.  Consider joining all columns at once using pd.concat(axis=1) instead. To get a de-fragmented frame, use `newframe = frame.copy()`
  df[f"F{j}treat_p{k}"] = f
/Users/brycewang/Documents/GitHub/top5-Econ-Paper-Replications/QJE2019-Minimum-Wages-Low-Wage-Jobs/Program/statspai/bunching.py:264: PerformanceWarning: DataFrame is highly fragmented.  This is usually the result of calling `frame.insert` many times, which has poor performance.  Consider joining all columns at once using pd.concat(axis=1) instead. To get a de-fragmented frame, use `newframe = frame.copy()`
  df[f"L{j}treat_p{k}"] = l
/Users/brycewang/Documents/GitHub/top5-Econ-Paper-Replications/QJE2019-Minimum-Wages-Low-Wage-Jobs/Program/statspai/bunching.py:266: PerformanceWarning: DataFrame is highly fragmented.  This is usually the result of calling `frame.insert` many times, which has poor performance.  Consider joining all columns at once using pd.concat(axis=1) instead. To get a de-fragmented frame, use `newframe = frame.copy()`
  df[f"window_p{k}"] = sum(df[c] for c in
/Users/brycewang/Documents/GitHub/top5-Econ-Paper-Replications/QJE2019-Minimum-Wages-Low-Wage-Jobs/Program/statspai/bunching.py:263: PerformanceWarning: DataFrame is highly fragmented.  This is usually the result of calling `frame.insert` many times, which has poor performance.  Consider joining all columns at once using pd.concat(axis=1) instead. To get a de-fragmented frame, use `newframe = frame.copy()`
  df[f"F{j}treat_p{k}"] = f
/Users/brycewang/Documents/GitHub/top5-Econ-Paper-Replications/QJE2019-Minimum-Wages-Low-Wage-Jobs/Program/statspai/bunching.py:264: PerformanceWarning: DataFrame is highly fragmented.  This is usually the result of calling `frame.insert` many times, which has poor performance.  Consider joining all columns at once using pd.concat(axis=1) instead. To get a de-fragmented frame, use `newframe = frame.copy()`
  df[f"L{j}treat_p{k}"] = l
/Users/brycewang/Documents/GitHub/top5-Econ-Paper-Replications/QJE2019-Minimum-Wages-Low-Wage-Jobs/Program/statspai/bunching.py:263: PerformanceWarning: DataFrame is highly fragmented.  This is usually the result of calling `frame.insert` many times, which has poor performance.  Consider joining all columns at once using pd.concat(axis=1) instead. To get a de-fragmented frame, use `newframe = frame.copy()`
  df[f"F{j}treat_p{k}"] = f
/Users/brycewang/Documents/GitHub/top5-Econ-Paper-Replications/QJE2019-Minimum-Wages-Low-Wage-Jobs/Program/statspai/bunching.py:264: PerformanceWarning: DataFrame is highly fragmented.  This is usually the result of calling `frame.insert` many times, which has poor performance.  Consider joining all columns at once using pd.concat(axis=1) instead. To get a de-fragmented frame, use `newframe = frame.copy()`
  df[f"L{j}treat_p{k}"] = l
/Users/brycewang/Documents/GitHub/top5-Econ-Paper-Replications/QJE2019-Minimum-Wages-Low-Wage-Jobs/Program/statspai/bunching.py:263: PerformanceWarning: DataFrame is highly fragmented.  This is usually the result of calling `frame.insert` many times, which has poor performance.  Consider joining all columns at once using pd.concat(axis=1) instead. To get a de-fragmented frame, use `newframe = frame.copy()`
  df[f"F{j}treat_p{k}"] = f
/Users/brycewang/Documents/GitHub/top5-Econ-Paper-Replications/QJE2019-Minimum-Wages-Low-Wage-Jobs/Program/statspai/bunching.py:264: PerformanceWarning: DataFrame is highly fragmented.  This is usually the result of calling `frame.insert` many times, which has poor performance.  Consider joining all columns at once using pd.concat(axis=1) instead. To get a de-fragmented frame, use `newframe = frame.copy()`
  df[f"L{j}treat_p{k}"] = l
/Users/brycewang/Documents/GitHub/top5-Econ-Paper-Replications/QJE2019-Minimum-Wages-Low-Wage-Jobs/Program/statspai/bunching.py:263: PerformanceWarning: DataFrame is highly fragmented.  This is usually the result of calling `frame.insert` many times, which has poor performance.  Consider joining all columns at once using pd.concat(axis=1) instead. To get a de-fragmented frame, use `newframe = frame.copy()`
  df[f"F{j}treat_p{k}"] = f
/Users/brycewang/Documents/GitHub/top5-Econ-Paper-Replications/QJE2019-Minimum-Wages-Low-Wage-Jobs/Program/statspai/bunching.py:264: PerformanceWarning: DataFrame is highly fragmented.  This is usually the result of calling `frame.insert` many times, which has poor performance.  Consider joining all columns at once using pd.concat(axis=1) instead. To get a de-fragmented frame, use `newframe = frame.copy()`
  df[f"L{j}treat_p{k}"] = l
/Users/brycewang/Documents/GitHub/top5-Econ-Paper-Replications/QJE2019-Minimum-Wages-Low-Wage-Jobs/Program/statspai/bunching.py:266: PerformanceWarning: DataFrame is highly fragmented.  This is usually the result of calling `frame.insert` many times, which has poor performance.  Consider joining all columns at once using pd.concat(axis=1) instead. To get a de-fragmented frame, use `newframe = frame.copy()`
  df[f"window_p{k}"] = sum(df[c] for c in
/Users/brycewang/Documents/GitHub/top5-Econ-Paper-Replications/QJE2019-Minimum-Wages-Low-Wage-Jobs/Program/statspai/bunching.py:189: PerformanceWarning: DataFrame is highly fragmented.  This is usually the result of calling `frame.insert` many times, which has poor performance.  Consider joining all columns at once using pd.concat(axis=1) instead. To get a de-fragmented frame, use `newframe = frame.copy()`
  df[f"{Y}countpcrsum"] = df.groupby(g)[pc].cumsum()
/Users/brycewang/Documents/GitHub/top5-Econ-Paper-Replications/QJE2019-Minimum-Wages-Low-Wage-Jobs/Program/statspai/bunching.py:190: PerformanceWarning: DataFrame is highly fragmented.  This is usually the result of calling `frame.insert` many times, which has poor performance.  Consider joining all columns at once using pd.concat(axis=1) instead. To get a de-fragmented frame, use `newframe = frame.copy()`
  df[f"{Y}WBpcFH"] = df["wagebins"] * df[count] / (100 * df[pop])
/Users/brycewang/Documents/GitHub/top5-Econ-Paper-Replications/QJE2019-Minimum-Wages-Low-Wage-Jobs/Program/statspai/bunching.py:191: PerformanceWarning: DataFrame is highly fragmented.  This is usually the result of calling `frame.insert` many times, which has poor performance.  Consider joining all columns at once using pd.concat(axis=1) instead. To get a de-fragmented frame, use `newframe = frame.copy()`
  df[f"{Y}WBpcrsumFH"] = df.groupby(g)[f"{Y}WBpcFH"].cumsum()
03:08:22 first_ constants {"E": 0.4448967140662656, "B": 0.3580405097974294, "EWB": 1.1795492068119762, "mwpc": 0.10322832180554638, "C": 21.77418632100276, "wagemult": 8.812128723223422, "n_events": 138}
03:08:28 [table2_ck_first_] hdfe_ols N=865,215 k=176 spec=1
03:19:54 [table2_ck_first_] done in 686s, N=847314, df_resid=824516
/Users/brycewang/Documents/GitHub/top5-Econ-Paper-Replications/QJE2019-Minimum-Wages-Low-Wage-Jobs/Program/statspai/bunching.py:189: PerformanceWarning: DataFrame is highly fragmented.  This is usually the result of calling `frame.insert` many times, which has poor performance.  Consider joining all columns at once using pd.concat(axis=1) instead. To get a de-fragmented frame, use `newframe = frame.copy()`
  df[f"{Y}countpcrsum"] = df.groupby(g)[pc].cumsum()
/Users/brycewang/Documents/GitHub/top5-Econ-Paper-Replications/QJE2019-Minimum-Wages-Low-Wage-Jobs/Program/statspai/bunching.py:190: PerformanceWarning: DataFrame is highly fragmented.  This is usually the result of calling `frame.insert` many times, which has poor performance.  Consider joining all columns at once using pd.concat(axis=1) instead. To get a de-fragmented frame, use `newframe = frame.copy()`
  df[f"{Y}WBpcFH"] = df["wagebins"] * df[count] / (100 * df[pop])
/Users/brycewang/Documents/GitHub/top5-Econ-Paper-Replications/QJE2019-Minimum-Wages-Low-Wage-Jobs/Program/statspai/bunching.py:191: PerformanceWarning: DataFrame is highly fragmented.  This is usually the result of calling `frame.insert` many times, which has poor performance.  Consider joining all columns at once using pd.concat(axis=1) instead. To get a de-fragmented frame, use `newframe = frame.copy()`
  df[f"{Y}WBpcrsumFH"] = df.groupby(g)[f"{Y}WBpcFH"].cumsum()
03:19:55 fourth_ constants {"E": 0.45919000414944944, "B": 0.10408885638305135, "EWB": 0.3373065013397082, "mwpc": 0.10330064122202426, "C": 21.081647972476244, "wagemult": 8.763060121554716, "n_events": 138}
03:20:02 [table2_ck_fourth_] hdfe_ols N=865,215 k=176 spec=1
03:31:47 [table2_ck_fourth_] done in 705s, N=847314, df_resid=824516
/Users/brycewang/Documents/GitHub/top5-Econ-Paper-Replications/QJE2019-Minimum-Wages-Low-Wage-Jobs/Program/statspai/bunching.py:189: PerformanceWarning: DataFrame is highly fragmented.  This is usually the result of calling `frame.insert` many times, which has poor performance.  Consider joining all columns at once using pd.concat(axis=1) instead. To get a de-fragmented frame, use `newframe = frame.copy()`
  df[f"{Y}countpcrsum"] = df.groupby(g)[pc].cumsum()
/Users/brycewang/Documents/GitHub/top5-Econ-Paper-Replications/QJE2019-Minimum-Wages-Low-Wage-Jobs/Program/statspai/bunching.py:190: PerformanceWarning: DataFrame is highly fragmented.  This is usually the result of calling `frame.insert` many times, which has poor performance.  Consider joining all columns at once using pd.concat(axis=1) instead. To get a de-fragmented frame, use `newframe = frame.copy()`
  df[f"{Y}WBpcFH"] = df["wagebins"] * df[count] / (100 * df[pop])
/Users/brycewang/Documents/GitHub/top5-Econ-Paper-Replications/QJE2019-Minimum-Wages-Low-Wage-Jobs/Program/statspai/bunching.py:191: PerformanceWarning: DataFrame is highly fragmented.  This is usually the result of calling `frame.insert` many times, which has poor performance.  Consider joining all columns at once using pd.concat(axis=1) instead. To get a de-fragmented frame, use `newframe = frame.copy()`
  df[f"{Y}WBpcrsumFH"] = df.groupby(g)[f"{Y}WBpcFH"].cumsum()
03:31:48 fifth_ constants {"E": 0.7275363448892654, "B": 0.026665736244972663, "EWB": 0.12627711684803705, "mwpc": 0.10262475834921049, "C": 13.393471523304637, "wagemult": 8.776809876467507, "n_events": 138}
03:31:55 [table2_ck_fifth_] hdfe_ols N=865,215 k=176 spec=1
03:43:12 [table2_ck_fifth_] done in 677s, N=847314, df_resid=824516
03:43:13 done
