-------------------------------------------------------------------------------
      name:  <unnamed>
       log:  /Users/brycewang/Documents/GitHub/top5-Econ-Paper-Replications/QJE
> 2019-Busting-the-Princelings/Results/log_price_steps.log
  log type:  text
 opened on:  16 Sep 2026, 00:09:05

. global ONLY "table3a table3b table5 table9 figure5"

. do "/Users/brycewang/Documents/GitHub/top5-Econ-Paper-Replications/QJE2019-Bu
> sting-the-Princelings/Program/run_original.do"

. *****************************************************************************
> **
. * run_original.do — wrapper for Chen & Kung (2019, QJE) "Tables&Figures.do"
. *
. * The author's do-file is kept UNMODIFIED in Program/Tables&Figures.do.
. * This wrapper:
. *   1. sets the project root (edit ROOT below, or pass it as argument 1);
. *   2. splits the author's file into one step per exhibit (at the "*Table N*"
> ,
. *      "*Figure N*" markers) and writes them to Results/_steps/;
. *   3. applies ONLY path fixes while splitting (documented in README.md):
. *        - drops the author's  cd "D:\Dropbox\princeling\"  line
. *        - `use X.dta`              -> `use "$DATA/X.dta"`
. *        - `graph save Graph "f.gph"` -> `graph save Graph "$FIG/f.gph", repl
> ace`
. *      esttab writes tableN.csv to the working directory = Results/Tables/;
. *   4. runs every step under -capture-, logging rc and seconds to
. *      Results/run_original_steps.csv, and exports every saved graph to PNG.
. *
. * Requires: reghdfe (6.x), ftools, estout, coefplot  (ssc install ...)
. *****************************************************************************
> **
. version 18

. clear all

. set more off

. set varabbrev on

. 
. args ROOTARG

. if "`ROOTARG'" == "" local ROOTARG "/Users/brycewang/Documents/GitHub/top5-Ec
> on-Paper-Replications/QJE2019-Busting-the-Princelings"

. global ROOT "`ROOTARG'"

. global DATA "$ROOT/Data"

. global TAB  "$ROOT/Results/Tables"

. global FIG  "$ROOT/Results/Figures"

. global STEP "$ROOT/Results/_steps"

. capture mkdir "$ROOT/Results"

. capture mkdir "$TAB"

. capture mkdir "$FIG"

. capture mkdir "$STEP"

. 
. * optional: run only selected steps, e.g.  global ONLY "table5 figure5"
. if "$ONLY" == "" global ONLY ""

. 
. *----------------------------------------------------------------------------
> --
. * 1. split the author's do-file into steps
. *----------------------------------------------------------------------------
> --
. * Fix 5 (not a path fix, documented in README): Table 11 has only oprobit
. * models, which have no _cons, so the esttab drop list containing _cons abort
> s
. * with r(111) coefficient _cons not found under current estout. The loop belo
> w
. * removes that one token from the Table 11 esttab call only.
. local src "$ROOT/Program/Tables&Figures.do"

. tempname fin fout

. file open `fin' using "`src'", read text

. local step "table3a"

. local steps "`step'"

. file open `fout' using "$STEP/`step'.do", write text replace

. file read `fin' line

. while r(eof) == 0 {
  2.     local l `"`macval(line)'"'
  3.     local t = strtrim(`"`macval(l)'"')
  4.     * step markers: *Table 3A*, *Table 5*, ..., *Figure 4*, ...
.     if regexm(`"`macval(t)'"', "^\*(Table|Figure) ([0-9]+[A-Z]?)\*$") {
  5.         local new = lower(regexs(1)) + lower(regexs(2))
  6.         if "`new'" != "`step'" {
  7.             file close `fout'
  8.             local step "`new'"
  9.             local steps "`steps' `step'"
 10.             file open `fout' using "$STEP/`step'.do", write text replace
 11.         }
 12.     }
 13.     * path fix 1: drop the author's Windows cd line
.     if regexm(`"`macval(t)'"', "^cd ") {
 14.         file write `fout' `"* [wrapper] removed: `macval(t)'"' _n
 15.     }
 16.     else {
 17.         * path fix 2: use X.dta -> use "$DATA/X.dta"
.         if regexm(`"`macval(l)'"', "^use ([A-Za-z0-9_]+\.dta)(.*)$") {
 18.             local l = "use " + char(34) + "\$DATA/" + regexs(1) + char(34)
>  + regexs(2)
 19.         }
 20.         * path fix 3: graph save Graph "f.gph"[, replace] -> $FIG/f.gph, r
> eplace
.         if regexm(`"`macval(l)'"', `"^graph save Graph "([A-Za-z0-9_]+\.gph)"
> (.*)$"') {
 21.             local l = "graph save Graph " + char(34) + "\$FIG/" + regexs(1
> ) + char(34) + ", replace"
 22.         }
 23.         * path fix 4: graph combine "f.gph" ... -> $FIG/f.gph
.         if regexm(`"`macval(l)'"', "^graph combine ") {
 24.             local l = subinstr(`"`macval(l)'"', char(34) + "figure7", char
> (34) + "\$FIG/figure7", .)
 25.         }
 26.         if "`step'" == "table11" & regexm(`"`macval(l)'"', "^esttab using 
> table11") {
 27.             local l = subinstr(`"`macval(l)'"', " _cons)", ")", 1)
 28.         }
 29.         file write `fout' `"`macval(l)'"' _n
 30.     }
 31.     file read `fin' line
 32. }

. file close `fout'

. file close `fin'

. di as txt "steps: `steps'"
steps: table3a table3b table5 table6 table7 table8 table9 table10 table11 figur
> e4 figure5 figure6 figure7

. 
. *----------------------------------------------------------------------------
> --
. * 2. run every step, logging rc + seconds
. *----------------------------------------------------------------------------
> --
. * the author's steps call -clear all-, which closes open file handles, so the
. * step log is reopened in append mode after every step
. if "$APPEND" == "" {
.     file open lg using "$ROOT/Results/run_original_steps.csv", write text rep
> lace
.     file write lg "step,rc,seconds" _n
.     file close lg
. }

. cd "$TAB"
/Users/brycewang/Documents/GitHub/top5-Econ-Paper-Replications/QJE2019-Busting-
> the-Princelings/Results/Tables

. foreach s of local steps {
  2.     if "$ONLY" != "" & strpos(" $ONLY ", " `s' ") == 0 continue
  3.     di as res _n "=================== `s' ==================="
  4.     timer clear 1
  5.     timer on 1
  6.     capture noisily do "$STEP/`s'.do"
  7.     local rc = _rc
  8.     timer off 1
  9.     quietly timer list 1
 10.     local sec = round(r(t1), 0.1)
 11.     file open lg using "$ROOT/Results/run_original_steps.csv", write text 
> append
 12.     file write lg "`s',`rc',`sec'" _n
 13.     file close lg
 14.     cd "$TAB"
 15.     di as res "step `s': rc=`rc'  seconds=`sec'"
 16.     * export any graph saved by the step
.     foreach g in figure4 figure5 figure6 figure7 {
 17.         if "`s'" == "`g'" {
 18.             capture graph use "$FIG/`g'.gph"
 19.             if _rc == 0 capture graph export "$FIG/`g'.png", replace width
> (1600)
 20.         }
 21.     }
 22. }

=================== table3a ===================

. 
. 
. clear all

. * [wrapper] removed: cd "D:\Dropbox\princeling\"
. 
. 
. 
. *Table 3A*
. use "$DATA/price.dta", clear

. tabstat lnprice princeling quality lnarea, stat(n mean)

   Stats |   lnprice  prince~g   quality    lnarea
---------+----------------------------------------
       N |   1151357   1208621   1208621   1184522
    Mean |  5.863531  .0163922  12.96928  4.812895
--------------------------------------------------

. tab salemethod

sale method |      Freq.     Percent        Cum.
------------+-----------------------------------
          1 |    226,910       18.77       18.77
          2 |     99,854        8.26       27.04
          3 |     14,281        1.18       28.22
          4 |    867,576       71.78      100.00
------------+-----------------------------------
      Total |  1,208,621      100.00

. tabstat lnprice princeling quality lnarea if near1500==1, stat(n mean)

   Stats |   lnprice  prince~g   quality    lnarea
---------+----------------------------------------
       N |    335860    359539    359539    349929
    Mean |  5.971202  .0551039  13.87561   4.69139
--------------------------------------------------

. tab salemethod if near1500==1

sale method |      Freq.     Percent        Cum.
------------+-----------------------------------
          1 |     82,733       23.01       23.01
          2 |     29,096        8.09       31.10
          3 |      4,698        1.31       32.41
          4 |    243,012       67.59      100.00
------------+-----------------------------------
      Total |    359,539      100.00

. tabstat lnprice princeling quality lnarea if near500==1, stat(n mean)

   Stats |   lnprice  prince~g   quality    lnarea
---------+----------------------------------------
       N |    193053    207564    207564    201515
    Mean |  5.747953  .0954501  13.44837  4.689605
--------------------------------------------------

. tab salemethod if near500==1

sale method |      Freq.     Percent        Cum.
------------+-----------------------------------
          1 |     44,905       21.63       21.63
          2 |     14,655        7.06       28.69
          3 |      2,627        1.27       29.96
          4 |    145,377       70.04      100.00
------------+-----------------------------------
      Total |    207,564      100.00

. 
. 
end of do-file
/Users/brycewang/Documents/GitHub/top5-Econ-Paper-Replications/QJE2019-Busting-
> the-Princelings/Results/Tables
step table3a: rc=0  seconds=.

=================== table3b ===================

. *Table 3B*
. use "$DATA/province_panel.dta", clear

. tab promote if ps==1

  Political |
   Turnover |      Freq.     Percent        Cum.
------------+-----------------------------------
          0 |          5        1.24        1.24
          1 |         35        8.68        9.93
          2 |        328       81.39       91.32
          3 |         35        8.68      100.00
------------+-----------------------------------
      Total |        403      100.00

. tab promote if ps==0

  Political |
   Turnover |      Freq.     Percent        Cum.
------------+-----------------------------------
          0 |          4        0.99        0.99
          1 |         33        8.19        9.18
          2 |        324       80.40       89.58
          3 |         42       10.42      100.00
------------+-----------------------------------
      Total |        403      100.00

. tabstat princeling discount lnarea ties gdpgrowth lngdppc lnpop revgrowth age
>  age2 eduyear if ps==1, stat(n mean sd)

   Stats |  prince~g  discount    lnarea      ties  gdpgro~h   lngdppc
---------+------------------------------------------------------------
       N |       399       403       401       395       403       403
    Mean |  .5964912  .6848886  .9038548  .6860759   .137153  7.936452
      SD |  .4912171  .6855251  1.285552  .4646745  .0643459  .6636569
----------------------------------------------------------------------

   Stats |     lnpop  revgro~h       age      age2   eduyear
---------+--------------------------------------------------
       N |       403       390       403       403       403
    Mean |  8.085359  .1720762  59.85856  3601.129  17.93797
      SD |  .8571305  .1017172  4.257548  495.3705   1.91839
------------------------------------------------------------

. tabstat princeling discount lnarea ties gdpgrowth lngdppc lnpop revgrowth age
>  age2 eduyear if ps==0, stat(n mean sd)

   Stats |  prince~g  discount    lnarea      ties  gdpgro~h   lngdppc
---------+------------------------------------------------------------
       N |       399       403       401       403       403       403
    Mean |  .6541353  .6169845  .8950071  .5905707   .137153  7.936452
      SD |  .4762465  .5757895   1.28501  .4923398  .0643459  .6636569
----------------------------------------------------------------------

   Stats |     lnpop  revgro~h       age      age2   eduyear
---------+--------------------------------------------------
       N |       403       390       403       403       403
    Mean |  8.085359  .1753152    58.134  3394.457  18.00744
      SD |  .8571305  .1033418  3.864227  439.5084  1.818217
------------------------------------------------------------

. 
. use "$DATA/prefecture_panel.dta", clear

. tab promote if ps==1

  Political |
   Turnover |      Freq.     Percent        Cum.
------------+-----------------------------------
          0 |         15        0.46        0.46
          1 |        177        5.47        5.93
          2 |      2,836       87.61       93.54
          3 |        209        6.46      100.00
------------+-----------------------------------
      Total |      3,237      100.00

. tab promote if ps==0

  Political |
   Turnover |      Freq.     Percent        Cum.
------------+-----------------------------------
          0 |         23        0.75        0.75
          1 |        166        5.45        6.20
          2 |      2,655       87.11       93.31
          3 |        204        6.69      100.00
------------+-----------------------------------
      Total |      3,048      100.00

. tabstat princeling discount lnarea ties gdpgrowth lngdppc lnpop revgrowth age
>  age2 eduyear if ps==1, stat(n mean sd)

   Stats |  prince~g  discount    lnarea      ties  gdpgro~h   lngdppc
---------+------------------------------------------------------------
       N |      3663      3597      3657      3663      3511      3556
    Mean |  .4971335  3.231953  1.704306  .6164346  .1512112  9.968137
      SD |    .50006  5.322402  1.468082  .4863204  .0764712   .839775
----------------------------------------------------------------------

   Stats |     lnpop  revgro~h       age      age2   eduyear
---------+--------------------------------------------------
       N |      3656      3090      3564      3564      3582
    Mean |  5.641299  .1500814  53.04854  2827.256  17.55528
      SD |   .850126  .1050001  3.621071  381.0285  2.155667
------------------------------------------------------------

. tabstat princeling discount lnarea ties gdpgrowth lngdppc lnpop revgrowth age
>  age2 eduyear if ps==0, stat(n mean sd)

   Stats |  prince~g  discount    lnarea      ties  gdpgro~h   lngdppc
---------+------------------------------------------------------------
       N |      3663      3605      3661      3663      3511      3556
    Mean |  .4796615  3.224386  1.578761  .6164346  .1512112  9.968137
      SD |  .4996544   5.31812  1.286627  .4863204  .0764712   .839775
----------------------------------------------------------------------

   Stats |     lnpop  revgro~h       age      age2   eduyear
---------+--------------------------------------------------
       N |      3656      3090      3577      3577      3603
    Mean |  5.641299  .1500814  51.09757  2626.469  17.27921
      SD |   .850126  .1050001  3.938529  400.4186  2.107146
------------------------------------------------------------

. 
. 
. **REGRESSIONS**
. 
. use "$DATA/price.dta", clear

. 
end of do-file
/Users/brycewang/Documents/GitHub/top5-Econ-Paper-Replications/QJE2019-Busting-
> the-Princelings/Results/Tables
step table3b: rc=0  seconds=.1

=================== table5 ===================

. *Table 5*
. eststo clear

. eststo: xi: reghdfe lnprice princeling quality lnarea, ab(cityyearusage ind m
> onth salemethod state size) cluster(provid firmid) keepsin
WARNING: Singleton observations not dropped; statistical significance is biased
>  (link)
(MWFE estimator converged in 17 iterations)

HDFE Linear regression                            Number of obs   =  1,144,507
Absorbing 6 HDFE groups                           F(   3,     31) =     462.93
Statistics robust to heteroskedasticity           Prob > F        =     0.0000
                                                  R-squared       =     0.7010
                                                  Adj R-squared   =     0.6917
Number of clusters (provid)  =         32         Within R-sq.    =     0.0411
Number of clusters (firmid)  =    422,500         Root MSE        =     0.6746

                         (Std. err. adjusted for 32 clusters in provid firmid)
------------------------------------------------------------------------------
             |               Robust
     lnprice | Coefficient  std. err.      t    P>|t|     [95% conf. interval]
-------------+----------------------------------------------------------------
  princeling |   -.808088   .0249613   -32.37   0.000    -.8589969   -.7571791
     quality |   .0225408   .0023271     9.69   0.000     .0177948    .0272869
      lnarea |  -.0328324   .0064444    -5.09   0.000    -.0459758    -.019689
       _cons |   5.744628   .0340523   168.70   0.000     5.675178    5.814078
------------------------------------------------------------------------------

Absorbed degrees of freedom:
-------------------------------------------------------+
   Absorbed FE | Categories  - Redundant  = Num. Coefs |
---------------+---------------------------------------|
 cityyearusage |     34281       34281           0    *|
           ind |       148           1         147     |
         month |        12           1          11     |
    salemethod |         4           1           3    ?|
         state |         2           1           1    ?|
          size |         4           1           3    ?|
-------------------------------------------------------+
? = number of redundant parameters may be higher
* = FE nested within cluster; treated as redundant for DoF computation
(est1 stored)

. eststo: xi: reghdfe lnprice princeling quality lnarea if near1500==1, ab(city
> yearusage ind month salemethod state size) cluster(provid firmid) keepsin
WARNING: Singleton observations not dropped; statistical significance is biased
>  (link)
(MWFE estimator converged in 18 iterations)

HDFE Linear regression                            Number of obs   =    334,232
Absorbing 6 HDFE groups                           F(   3,     30) =     359.84
Statistics robust to heteroskedasticity           Prob > F        =     0.0000
                                                  R-squared       =     0.7459
                                                  Adj R-squared   =     0.7270
Number of clusters (provid)  =         31         Within R-sq.    =     0.0699
Number of clusters (firmid)  =    146,405         Root MSE        =     0.6877

                         (Std. err. adjusted for 31 clusters in provid firmid)
------------------------------------------------------------------------------
             |               Robust
     lnprice | Coefficient  std. err.      t    P>|t|     [95% conf. interval]
-------------+----------------------------------------------------------------
  princeling |  -.9043408    .034431   -26.27   0.000    -.9746584   -.8340232
     quality |   .0250563   .0024923    10.05   0.000     .0199663    .0301463
      lnarea |  -.0513983   .0081092    -6.34   0.000    -.0679595   -.0348371
       _cons |    5.91212   .0479226   123.37   0.000     5.814249     6.00999
------------------------------------------------------------------------------

Absorbed degrees of freedom:
-------------------------------------------------------+
   Absorbed FE | Categories  - Redundant  = Num. Coefs |
---------------+---------------------------------------|
 cityyearusage |     22966       22966           0    *|
           ind |       141           1         140     |
         month |        12           1          11     |
    salemethod |         4           1           3    ?|
         state |         2           1           1    ?|
          size |         4           1           3    ?|
-------------------------------------------------------+
? = number of redundant parameters may be higher
* = FE nested within cluster; treated as redundant for DoF computation
(est2 stored)

. eststo: xi: reghdfe lnprice princeling quality lnarea if near500==1, ab(cityy
> earusage ind month salemethod state size) cluster(provid firmid) keepsin
WARNING: Singleton observations not dropped; statistical significance is biased
>  (link)
(MWFE estimator converged in 19 iterations)

HDFE Linear regression                            Number of obs   =    191,896
Absorbing 6 HDFE groups                           F(   3,     30) =     326.61
Statistics robust to heteroskedasticity           Prob > F        =     0.0000
                                                  R-squared       =     0.7782
                                                  Adj R-squared   =     0.7548
Number of clusters (provid)  =         31         Within R-sq.    =     0.0851
Number of clusters (firmid)  =     92,735         Root MSE        =     0.6344

                         (Std. err. adjusted for 31 clusters in provid firmid)
------------------------------------------------------------------------------
             |               Robust
     lnprice | Coefficient  std. err.      t    P>|t|     [95% conf. interval]
-------------+----------------------------------------------------------------
  princeling |  -.8439756   .0327445   -25.77   0.000    -.9108488   -.7771024
     quality |   .0236436   .0026587     8.89   0.000     .0182137    .0290734
      lnarea |  -.0385458   .0091156    -4.23   0.000    -.0571624   -.0199292
       _cons |    5.68659   .0511426   111.19   0.000     5.582143    5.791037
------------------------------------------------------------------------------

Absorbed degrees of freedom:
-------------------------------------------------------+
   Absorbed FE | Categories  - Redundant  = Num. Coefs |
---------------+---------------------------------------|
 cityyearusage |     18183       18183           0    *|
           ind |       138           1         137     |
         month |        12           1          11     |
    salemethod |         4           1           3    ?|
         state |         2           1           1    ?|
          size |         4           1           3    ?|
-------------------------------------------------------+
? = number of redundant parameters may be higher
* = FE nested within cluster; treated as redundant for DoF computation
(est3 stored)

. eststo: xi: reghdfe lnprice princeling pscm quality lnarea, ab(cityyearusage 
> ind month salemethod state size) cluster(provid firmid) keepsin
WARNING: Singleton observations not dropped; statistical significance is biased
>  (link)
(MWFE estimator converged in 17 iterations)

HDFE Linear regression                            Number of obs   =  1,144,507
Absorbing 6 HDFE groups                           F(   4,     31) =     262.97
Statistics robust to heteroskedasticity           Prob > F        =     0.0000
                                                  R-squared       =     0.7013
                                                  Adj R-squared   =     0.6920
Number of clusters (provid)  =         32         Within R-sq.    =     0.0420
Number of clusters (firmid)  =    422,500         Root MSE        =     0.6743

                         (Std. err. adjusted for 32 clusters in provid firmid)
------------------------------------------------------------------------------
             |               Robust
     lnprice | Coefficient  std. err.      t    P>|t|     [95% conf. interval]
-------------+----------------------------------------------------------------
  princeling |  -.5450952   .0351995   -15.49   0.000     -.616885   -.4733054
        pscm |  -.4415796   .0371709   -11.88   0.000    -.5173902    -.365769
     quality |   .0225579   .0023263     9.70   0.000     .0178135    .0273023
      lnarea |  -.0330627   .0064433    -5.13   0.000     -.046204   -.0199214
       _cons |    5.74607   .0340099   168.95   0.000     5.676706    5.815433
------------------------------------------------------------------------------

Absorbed degrees of freedom:
-------------------------------------------------------+
   Absorbed FE | Categories  - Redundant  = Num. Coefs |
---------------+---------------------------------------|
 cityyearusage |     34281       34281           0    *|
           ind |       148           1         147     |
         month |        12           1          11     |
    salemethod |         4           1           3    ?|
         state |         2           1           1    ?|
          size |         4           1           3    ?|
-------------------------------------------------------+
? = number of redundant parameters may be higher
* = FE nested within cluster; treated as redundant for DoF computation
(est4 stored)

. eststo: xi: reghdfe lnprice princeling pscm quality lnarea if near1500==1, ab
> (cityyearusage ind month salemethod state size) cluster(provid firmid) keepsi
> n
WARNING: Singleton observations not dropped; statistical significance is biased
>  (link)
(MWFE estimator converged in 18 iterations)

HDFE Linear regression                            Number of obs   =    334,232
Absorbing 6 HDFE groups                           F(   4,     30) =     195.81
Statistics robust to heteroskedasticity           Prob > F        =     0.0000
                                                  R-squared       =     0.7465
                                                  Adj R-squared   =     0.7277
Number of clusters (provid)  =         31         Within R-sq.    =     0.0722
Number of clusters (firmid)  =    146,405         Root MSE        =     0.6868

                         (Std. err. adjusted for 31 clusters in provid firmid)
------------------------------------------------------------------------------
             |               Robust
     lnprice | Coefficient  std. err.      t    P>|t|     [95% conf. interval]
-------------+----------------------------------------------------------------
  princeling |  -.6655871   .0430555   -15.46   0.000    -.7535182    -.577656
        pscm |  -.4203062   .0483377    -8.70   0.000    -.5190249   -.3215875
     quality |   .0251186   .0024948    10.07   0.000     .0200235    .0302136
      lnarea |  -.0519683   .0080635    -6.44   0.000    -.0684361   -.0355005
       _cons |   5.916295   .0481231   122.94   0.000     5.818015    6.014576
------------------------------------------------------------------------------

Absorbed degrees of freedom:
-------------------------------------------------------+
   Absorbed FE | Categories  - Redundant  = Num. Coefs |
---------------+---------------------------------------|
 cityyearusage |     22966       22966           0    *|
           ind |       141           1         140     |
         month |        12           1          11     |
    salemethod |         4           1           3    ?|
         state |         2           1           1    ?|
          size |         4           1           3    ?|
-------------------------------------------------------+
? = number of redundant parameters may be higher
* = FE nested within cluster; treated as redundant for DoF computation
(est5 stored)

. eststo: xi: reghdfe lnprice princeling pscm quality lnarea if near500==1, ab(
> cityyearusage ind month salemethod state size) cluster(provid firmid) keepsin
WARNING: Singleton observations not dropped; statistical significance is biased
>  (link)
(MWFE estimator converged in 19 iterations)

HDFE Linear regression                            Number of obs   =    191,896
Absorbing 6 HDFE groups                           F(   4,     30) =     197.06
Statistics robust to heteroskedasticity           Prob > F        =     0.0000
                                                  R-squared       =     0.7791
                                                  Adj R-squared   =     0.7558
Number of clusters (provid)  =         31         Within R-sq.    =     0.0888
Number of clusters (firmid)  =     92,735         Root MSE        =     0.6331

                         (Std. err. adjusted for 31 clusters in provid firmid)
------------------------------------------------------------------------------
             |               Robust
     lnprice | Coefficient  std. err.      t    P>|t|     [95% conf. interval]
-------------+----------------------------------------------------------------
  princeling |  -.6195185   .0425076   -14.57   0.000    -.7063306   -.5327065
        pscm |  -.3960886   .0487954    -8.12   0.000    -.4957421    -.296435
     quality |   .0237258    .002671     8.88   0.000     .0182708    .0291808
      lnarea |  -.0393831   .0089714    -4.39   0.000    -.0577051   -.0210611
       _cons |   5.693343   .0515426   110.46   0.000     5.588079    5.798607
------------------------------------------------------------------------------

Absorbed degrees of freedom:
-------------------------------------------------------+
   Absorbed FE | Categories  - Redundant  = Num. Coefs |
---------------+---------------------------------------|
 cityyearusage |     18183       18183           0    *|
           ind |       138           1         137     |
         month |        12           1          11     |
    salemethod |         4           1           3    ?|
         state |         2           1           1    ?|
          size |         4           1           3    ?|
-------------------------------------------------------+
? = number of redundant parameters may be higher
* = FE nested within cluster; treated as redundant for DoF computation
(est6 stored)

. eststo: xi: reghdfe lnprice princeling retired quality lnarea, ab(cityyearusa
> ge ind month salemethod state size) cluster(provid firmid) keepsin
WARNING: Singleton observations not dropped; statistical significance is biased
>  (link)
(MWFE estimator converged in 17 iterations)

HDFE Linear regression                            Number of obs   =  1,144,507
Absorbing 6 HDFE groups                           F(   4,     31) =     352.23
Statistics robust to heteroskedasticity           Prob > F        =     0.0000
                                                  R-squared       =     0.7010
                                                  Adj R-squared   =     0.6917
Number of clusters (provid)  =         32         Within R-sq.    =     0.0411
Number of clusters (firmid)  =    422,500         Root MSE        =     0.6746

                         (Std. err. adjusted for 32 clusters in provid firmid)
------------------------------------------------------------------------------
             |               Robust
     lnprice | Coefficient  std. err.      t    P>|t|     [95% conf. interval]
-------------+----------------------------------------------------------------
  princeling |  -.8078825   .0302144   -26.74   0.000    -.8695051   -.7462599
     retired |  -.0010966   .0562245    -0.02   0.985    -.1157672     .113574
     quality |   .0225409   .0023272     9.69   0.000     .0177945    .0272872
      lnarea |  -.0328321   .0064493    -5.09   0.000    -.0459856   -.0196786
       _cons |   5.744626   .0341033   168.45   0.000     5.675072     5.81418
------------------------------------------------------------------------------

Absorbed degrees of freedom:
-------------------------------------------------------+
   Absorbed FE | Categories  - Redundant  = Num. Coefs |
---------------+---------------------------------------|
 cityyearusage |     34281       34281           0    *|
           ind |       148           1         147     |
         month |        12           1          11     |
    salemethod |         4           1           3    ?|
         state |         2           1           1    ?|
          size |         4           1           3    ?|
-------------------------------------------------------+
? = number of redundant parameters may be higher
* = FE nested within cluster; treated as redundant for DoF computation
(est7 stored)

. eststo: xi: reghdfe lnprice princeling retired quality lnarea if near1500==1,
>  ab(cityyearusage ind month salemethod state size) cluster(provid firmid) kee
> psin
WARNING: Singleton observations not dropped; statistical significance is biased
>  (link)
(MWFE estimator converged in 18 iterations)

HDFE Linear regression                            Number of obs   =    334,232
Absorbing 6 HDFE groups                           F(   4,     30) =     284.13
Statistics robust to heteroskedasticity           Prob > F        =     0.0000
                                                  R-squared       =     0.7459
                                                  Adj R-squared   =     0.7270
Number of clusters (provid)  =         31         Within R-sq.    =     0.0699
Number of clusters (firmid)  =    146,405         Root MSE        =     0.6877

                         (Std. err. adjusted for 31 clusters in provid firmid)
------------------------------------------------------------------------------
             |               Robust
     lnprice | Coefficient  std. err.      t    P>|t|     [95% conf. interval]
-------------+----------------------------------------------------------------
  princeling |  -.8941863   .0399796   -22.37   0.000    -.9758355    -.812537
     retired |  -.0511111     .06278    -0.81   0.422    -.1793249    .0771028
     quality |   .0250582   .0024915    10.06   0.000     .0199699    .0301465
      lnarea |  -.0513628   .0081233    -6.32   0.000    -.0679528   -.0347727
       _cons |   5.911823   .0479675   123.25   0.000      5.81386    6.009786
------------------------------------------------------------------------------

Absorbed degrees of freedom:
-------------------------------------------------------+
   Absorbed FE | Categories  - Redundant  = Num. Coefs |
---------------+---------------------------------------|
 cityyearusage |     22966       22966           0    *|
           ind |       141           1         140     |
         month |        12           1          11     |
    salemethod |         4           1           3    ?|
         state |         2           1           1    ?|
          size |         4           1           3    ?|
-------------------------------------------------------+
? = number of redundant parameters may be higher
* = FE nested within cluster; treated as redundant for DoF computation
(est8 stored)

. eststo: xi: reghdfe lnprice princeling retired quality lnarea if near500==1, 
> ab(cityyearusage ind month salemethod state size) cluster(provid firmid) keep
> sin
WARNING: Singleton observations not dropped; statistical significance is biased
>  (link)
(MWFE estimator converged in 19 iterations)

HDFE Linear regression                            Number of obs   =    191,896
Absorbing 6 HDFE groups                           F(   4,     30) =     260.16
Statistics robust to heteroskedasticity           Prob > F        =     0.0000
                                                  R-squared       =     0.7783
                                                  Adj R-squared   =     0.7548
Number of clusters (provid)  =         31         Within R-sq.    =     0.0851
Number of clusters (firmid)  =     92,735         Root MSE        =     0.6344

                         (Std. err. adjusted for 31 clusters in provid firmid)
------------------------------------------------------------------------------
             |               Robust
     lnprice | Coefficient  std. err.      t    P>|t|     [95% conf. interval]
-------------+----------------------------------------------------------------
  princeling |  -.8353634   .0376323   -22.20   0.000    -.9122189   -.7585079
     retired |  -.0438234   .0580087    -0.76   0.456     -.162293    .0746462
     quality |   .0236465   .0026578     8.90   0.000     .0182185    .0290744
      lnarea |  -.0385087   .0091302    -4.22   0.000    -.0571551   -.0198624
       _cons |    5.68623   .0511513   111.16   0.000     5.581765    5.790695
------------------------------------------------------------------------------

Absorbed degrees of freedom:
-------------------------------------------------------+
   Absorbed FE | Categories  - Redundant  = Num. Coefs |
---------------+---------------------------------------|
 cityyearusage |     18183       18183           0    *|
           ind |       138           1         137     |
         month |        12           1          11     |
    salemethod |         4           1           3    ?|
         state |         2           1           1    ?|
          size |         4           1           3    ?|
-------------------------------------------------------+
? = number of redundant parameters may be higher
* = FE nested within cluster; treated as redundant for DoF computation
(est9 stored)

. esttab using table5.csv, b(%12.3fc) se ar2 nogap replace label order(princeli
> ng pscm retired) drop(quality lnarea) 
(file table5.csv not found)
(output written to table5.csv)

. 
. 
. 
. 
end of do-file
/Users/brycewang/Documents/GitHub/top5-Econ-Paper-Replications/QJE2019-Busting-
> the-Princelings/Results/Tables
step table5: rc=0  seconds=84.5

=================== table9 ===================

. *Table 9*
. use "$DATA/price.dta", clear

. eststo clear

. eststo: xi: reghdfe lnprice princeling pp1 quality lnarea, ab(cityyearusage i
> nd month salemethod state size) cluster(provid firmid) keepsin
WARNING: Singleton observations not dropped; statistical significance is biased
>  (link)
(MWFE estimator converged in 17 iterations)

HDFE Linear regression                            Number of obs   =  1,144,507
Absorbing 6 HDFE groups                           F(   4,     31) =     357.78
Statistics robust to heteroskedasticity           Prob > F        =     0.0000
                                                  R-squared       =     0.7011
                                                  Adj R-squared   =     0.6918
Number of clusters (provid)  =         32         Within R-sq.    =     0.0415
Number of clusters (firmid)  =    422,500         Root MSE        =     0.6744

                         (Std. err. adjusted for 32 clusters in provid firmid)
------------------------------------------------------------------------------
             |               Robust
     lnprice | Coefficient  std. err.      t    P>|t|     [95% conf. interval]
-------------+----------------------------------------------------------------
  princeling |  -.9067728   .0288359   -31.45   0.000    -.9655841   -.8479616
         pp1 |   .3178078   .0469369     6.77   0.000     .2220794    .4135362
     quality |    .022551   .0023285     9.68   0.000     .0178021       .0273
      lnarea |  -.0328531   .0064383    -5.10   0.000     -.045984   -.0197222
       _cons |   5.744656   .0340413   168.76   0.000     5.675228    5.814084
------------------------------------------------------------------------------

Absorbed degrees of freedom:
-------------------------------------------------------+
   Absorbed FE | Categories  - Redundant  = Num. Coefs |
---------------+---------------------------------------|
 cityyearusage |     34281       34281           0    *|
           ind |       148           1         147     |
         month |        12           1          11     |
    salemethod |         4           1           3    ?|
         state |         2           1           1    ?|
          size |         4           1           3    ?|
-------------------------------------------------------+
? = number of redundant parameters may be higher
* = FE nested within cluster; treated as redundant for DoF computation
(est1 stored)

. eststo: xi: reghdfe lnprice princeling pp1 quality lnarea if near500==1, ab(c
> ityyearusage ind month salemethod state size) cluster(provid firmid) keepsin
WARNING: Singleton observations not dropped; statistical significance is biased
>  (link)
(MWFE estimator converged in 19 iterations)

HDFE Linear regression                            Number of obs   =    191,896
Absorbing 6 HDFE groups                           F(   4,     30) =     256.56
Statistics robust to heteroskedasticity           Prob > F        =     0.0000
                                                  R-squared       =     0.7786
                                                  Adj R-squared   =     0.7552
Number of clusters (provid)  =         31         Within R-sq.    =     0.0864
Number of clusters (firmid)  =     92,735         Root MSE        =     0.6339

                         (Std. err. adjusted for 31 clusters in provid firmid)
------------------------------------------------------------------------------
             |               Robust
     lnprice | Coefficient  std. err.      t    P>|t|     [95% conf. interval]
-------------+----------------------------------------------------------------
  princeling |  -.9200642    .039714   -23.17   0.000    -1.001171   -.8389573
         pp1 |   .2570026   .0584555     4.40   0.000     .1376205    .3763847
     quality |   .0237084   .0026643     8.90   0.000     .0182673    .0291495
      lnarea |  -.0384817   .0090631    -4.25   0.000     -.056991   -.0199723
       _cons |   5.685396   .0514004   110.61   0.000     5.580423     5.79037
------------------------------------------------------------------------------

Absorbed degrees of freedom:
-------------------------------------------------------+
   Absorbed FE | Categories  - Redundant  = Num. Coefs |
---------------+---------------------------------------|
 cityyearusage |     18183       18183           0    *|
           ind |       138           1         137     |
         month |        12           1          11     |
    salemethod |         4           1           3    ?|
         state |         2           1           1    ?|
          size |         4           1           3    ?|
-------------------------------------------------------+
? = number of redundant parameters may be higher
* = FE nested within cluster; treated as redundant for DoF computation
(est2 stored)

. eststo: xi: reghdfe lnprice princeling pp2 quality lnarea, ab(cityyearusage i
> nd month salemethod state size) cluster(provid firmid) keepsin
WARNING: Singleton observations not dropped; statistical significance is biased
>  (link)
(MWFE estimator converged in 17 iterations)

HDFE Linear regression                            Number of obs   =  1,144,507
Absorbing 6 HDFE groups                           F(   4,     31) =     380.88
Statistics robust to heteroskedasticity           Prob > F        =     0.0000
                                                  R-squared       =     0.7011
                                                  Adj R-squared   =     0.6918
Number of clusters (provid)  =         32         Within R-sq.    =     0.0414
Number of clusters (firmid)  =    422,500         Root MSE        =     0.6745

                         (Std. err. adjusted for 32 clusters in provid firmid)
------------------------------------------------------------------------------
             |               Robust
     lnprice | Coefficient  std. err.      t    P>|t|     [95% conf. interval]
-------------+----------------------------------------------------------------
  princeling |  -.8253318   .0241204   -34.22   0.000    -.8745256    -.776138
         pp2 |   .8193261   .1240438     6.61   0.000     .5663371    1.072315
     quality |   .0225402   .0023273     9.69   0.000     .0177937    .0272868
      lnarea |  -.0328543   .0064449    -5.10   0.000    -.0459987   -.0197098
       _cons |   5.744778   .0340149   168.89   0.000     5.675404    5.814152
------------------------------------------------------------------------------

Absorbed degrees of freedom:
-------------------------------------------------------+
   Absorbed FE | Categories  - Redundant  = Num. Coefs |
---------------+---------------------------------------|
 cityyearusage |     34281       34281           0    *|
           ind |       148           1         147     |
         month |        12           1          11     |
    salemethod |         4           1           3    ?|
         state |         2           1           1    ?|
          size |         4           1           3    ?|
-------------------------------------------------------+
? = number of redundant parameters may be higher
* = FE nested within cluster; treated as redundant for DoF computation
(est3 stored)

. eststo: xi: reghdfe lnprice princeling pp2 quality lnarea if near500==1, ab(c
> ityyearusage ind month salemethod state size) cluster(provid firmid) keepsin
WARNING: Singleton observations not dropped; statistical significance is biased
>  (link)
(MWFE estimator converged in 19 iterations)

HDFE Linear regression                            Number of obs   =    191,896
Absorbing 6 HDFE groups                           F(   4,     30) =     244.98
Statistics robust to heteroskedasticity           Prob > F        =     0.0000
                                                  R-squared       =     0.7785
                                                  Adj R-squared   =     0.7551
Number of clusters (provid)  =         31         Within R-sq.    =     0.0861
Number of clusters (firmid)  =     92,735         Root MSE        =     0.6340

                         (Std. err. adjusted for 31 clusters in provid firmid)
------------------------------------------------------------------------------
             |               Robust
     lnprice | Coefficient  std. err.      t    P>|t|     [95% conf. interval]
-------------+----------------------------------------------------------------
  princeling |  -.8577396   .0318173   -26.96   0.000    -.9227193   -.7927599
         pp2 |   .6952202   .1390929     5.00   0.000     .4111545    .9792859
     quality |   .0236538   .0026596     8.89   0.000     .0182222    .0290854
      lnarea |  -.0385948   .0090912    -4.25   0.000    -.0571615   -.0200282
       _cons |   5.686795    .051054   111.39   0.000     5.582529    5.791061
------------------------------------------------------------------------------

Absorbed degrees of freedom:
-------------------------------------------------------+
   Absorbed FE | Categories  - Redundant  = Num. Coefs |
---------------+---------------------------------------|
 cityyearusage |     18183       18183           0    *|
           ind |       138           1         137     |
         month |        12           1          11     |
    salemethod |         4           1           3    ?|
         state |         2           1           1    ?|
          size |         4           1           3    ?|
-------------------------------------------------------+
? = number of redundant parameters may be higher
* = FE nested within cluster; treated as redundant for DoF computation
(est4 stored)

. eststo: xi: reghdfe lnprice princeling pp3 quality lnarea, ab(cityyearusage i
> nd month salemethod state size) cluster(provid firmid) keepsin
WARNING: Singleton observations not dropped; statistical significance is biased
>  (link)
(MWFE estimator converged in 17 iterations)

HDFE Linear regression                            Number of obs   =  1,144,507
Absorbing 6 HDFE groups                           F(   4,     31) =     331.39
Statistics robust to heteroskedasticity           Prob > F        =     0.0000
                                                  R-squared       =     0.7012
                                                  Adj R-squared   =     0.6919
Number of clusters (provid)  =         32         Within R-sq.    =     0.0418
Number of clusters (firmid)  =    422,500         Root MSE        =     0.6743

                         (Std. err. adjusted for 32 clusters in provid firmid)
------------------------------------------------------------------------------
             |               Robust
     lnprice | Coefficient  std. err.      t    P>|t|     [95% conf. interval]
-------------+----------------------------------------------------------------
  princeling |  -.8696548   .0284867   -30.53   0.000    -.9277538   -.8115558
         pp3 |   .6142391   .0551544    11.14   0.000      .501751    .7267272
     quality |   .0225306   .0023267     9.68   0.000     .0177853     .027276
      lnarea |  -.0328957   .0064389    -5.11   0.000    -.0460279   -.0197635
       _cons |   5.745142   .0340268   168.84   0.000     5.675744    5.814541
------------------------------------------------------------------------------

Absorbed degrees of freedom:
-------------------------------------------------------+
   Absorbed FE | Categories  - Redundant  = Num. Coefs |
---------------+---------------------------------------|
 cityyearusage |     34281       34281           0    *|
           ind |       148           1         147     |
         month |        12           1          11     |
    salemethod |         4           1           3    ?|
         state |         2           1           1    ?|
          size |         4           1           3    ?|
-------------------------------------------------------+
? = number of redundant parameters may be higher
* = FE nested within cluster; treated as redundant for DoF computation
(est5 stored)

. eststo: xi: reghdfe lnprice princeling pp3 quality lnarea if near500==1, ab(c
> ityyearusage ind month salemethod state size) cluster(provid firmid) keepsin
WARNING: Singleton observations not dropped; statistical significance is biased
>  (link)
(MWFE estimator converged in 19 iterations)

HDFE Linear regression                            Number of obs   =    191,896
Absorbing 6 HDFE groups                           F(   4,     30) =     219.37
Statistics robust to heteroskedasticity           Prob > F        =     0.0000
                                                  R-squared       =     0.7789
                                                  Adj R-squared   =     0.7555
Number of clusters (provid)  =         31         Within R-sq.    =     0.0876
Number of clusters (firmid)  =     92,735         Root MSE        =     0.6335

                         (Std. err. adjusted for 31 clusters in provid firmid)
------------------------------------------------------------------------------
             |               Robust
     lnprice | Coefficient  std. err.      t    P>|t|     [95% conf. interval]
-------------+----------------------------------------------------------------
  princeling |  -.8959195   .0354529   -25.27   0.000    -.9683241   -.8235149
         pp3 |   .5723981   .0507804    11.27   0.000     .4686908    .6761055
     quality |   .0235981   .0026633     8.86   0.000     .0181589    .0290373
      lnarea |  -.0386957   .0090793    -4.26   0.000     -.057238   -.0201534
       _cons |   5.687881   .0511013   111.31   0.000     5.583518    5.792244
------------------------------------------------------------------------------

Absorbed degrees of freedom:
-------------------------------------------------------+
   Absorbed FE | Categories  - Redundant  = Num. Coefs |
---------------+---------------------------------------|
 cityyearusage |     18183       18183           0    *|
           ind |       138           1         137     |
         month |        12           1          11     |
    salemethod |         4           1           3    ?|
         state |         2           1           1    ?|
          size |         4           1           3    ?|
-------------------------------------------------------+
? = number of redundant parameters may be higher
* = FE nested within cluster; treated as redundant for DoF computation
(est6 stored)

. eststo: xi: reghdfe lnprice princeling pp1 pp2 pp3 quality lnarea, ab(cityyea
> rusage ind month salemethod state size) cluster(provid firmid) keepsin
WARNING: Singleton observations not dropped; statistical significance is biased
>  (link)
(MWFE estimator converged in 17 iterations)

HDFE Linear regression                            Number of obs   =  1,144,507
Absorbing 6 HDFE groups                           F(   6,     31) =     241.85
Statistics robust to heteroskedasticity           Prob > F        =     0.0000
                                                  R-squared       =     0.7012
                                                  Adj R-squared   =     0.6920
Number of clusters (provid)  =         32         Within R-sq.    =     0.0420
Number of clusters (firmid)  =    422,500         Root MSE        =     0.6743

                         (Std. err. adjusted for 32 clusters in provid firmid)
------------------------------------------------------------------------------
             |               Robust
     lnprice | Coefficient  std. err.      t    P>|t|     [95% conf. interval]
-------------+----------------------------------------------------------------
  princeling |  -.9070811   .0288508   -31.44   0.000    -.9659227   -.8482394
         pp1 |   .1397567   .0524597     2.66   0.012     .0327646    .2467489
         pp2 |   .5040935   .0791446     6.37   0.000     .3426769      .66551
         pp3 |    .448824   .0644055     6.97   0.000      .317468    .5801799
     quality |   .0225375   .0023272     9.68   0.000     .0177911    .0272839
      lnarea |  -.0329013   .0064391    -5.11   0.000    -.0460338   -.0197687
       _cons |   5.745109   .0340199   168.87   0.000     5.675725    5.814493
------------------------------------------------------------------------------

Absorbed degrees of freedom:
-------------------------------------------------------+
   Absorbed FE | Categories  - Redundant  = Num. Coefs |
---------------+---------------------------------------|
 cityyearusage |     34281       34281           0    *|
           ind |       148           1         147     |
         month |        12           1          11     |
    salemethod |         4           1           3    ?|
         state |         2           1           1    ?|
          size |         4           1           3    ?|
-------------------------------------------------------+
? = number of redundant parameters may be higher
* = FE nested within cluster; treated as redundant for DoF computation
(est7 stored)

. eststo: xi: reghdfe lnprice princeling pp1 pp2 pp3 quality lnarea if near500=
> =1, ab(cityyearusage ind month salemethod state size) cluster(provid firmid) 
> keepsin
WARNING: Singleton observations not dropped; statistical significance is biased
>  (link)
(MWFE estimator converged in 19 iterations)

HDFE Linear regression                            Number of obs   =    191,896
Absorbing 6 HDFE groups                           F(   6,     30) =     160.81
Statistics robust to heteroskedasticity           Prob > F        =     0.0000
                                                  R-squared       =     0.7790
                                                  Adj R-squared   =     0.7556
Number of clusters (provid)  =         31         Within R-sq.    =     0.0881
Number of clusters (firmid)  =     92,735         Root MSE        =     0.6333

                         (Std. err. adjusted for 31 clusters in provid firmid)
------------------------------------------------------------------------------
             |               Robust
     lnprice | Coefficient  std. err.      t    P>|t|     [95% conf. interval]
-------------+----------------------------------------------------------------
  princeling |  -.9204896   .0395947   -23.25   0.000    -1.001353   -.8396264
         pp1 |   .0931792   .0536122     1.74   0.092    -.0163116      .20267
         pp2 |   .4202477    .095563     4.40   0.000     .2250819    .6154134
         pp3 |   .4474719   .0589628     7.59   0.000     .3270538    .5678899
     quality |   .0236377   .0026645     8.87   0.000      .018196    .0290794
      lnarea |  -.0386694   .0090549    -4.27   0.000    -.0571619   -.0201769
       _cons |   5.687291   .0511492   111.19   0.000      5.58283    5.791751
------------------------------------------------------------------------------

Absorbed degrees of freedom:
-------------------------------------------------------+
   Absorbed FE | Categories  - Redundant  = Num. Coefs |
---------------+---------------------------------------|
 cityyearusage |     18183       18183           0    *|
           ind |       138           1         137     |
         month |        12           1          11     |
    salemethod |         4           1           3    ?|
         state |         2           1           1    ?|
          size |         4           1           3    ?|
-------------------------------------------------------+
? = number of redundant parameters may be higher
* = FE nested within cluster; treated as redundant for DoF computation
(est8 stored)

. eststo: xi: reghdfe lnprice princeling pp4 quality lnarea, ab(cityyearusage i
> nd month salemethod state size) cluster(provid firmid) keepsin
WARNING: Singleton observations not dropped; statistical significance is biased
>  (link)
(MWFE estimator converged in 17 iterations)

HDFE Linear regression                            Number of obs   =  1,144,507
Absorbing 6 HDFE groups                           F(   4,     31) =     436.32
Statistics robust to heteroskedasticity           Prob > F        =     0.0000
                                                  R-squared       =     0.7010
                                                  Adj R-squared   =     0.6917
Number of clusters (provid)  =         32         Within R-sq.    =     0.0411
Number of clusters (firmid)  =    422,500         Root MSE        =     0.6746

                         (Std. err. adjusted for 32 clusters in provid firmid)
------------------------------------------------------------------------------
             |               Robust
     lnprice | Coefficient  std. err.      t    P>|t|     [95% conf. interval]
-------------+----------------------------------------------------------------
  princeling |  -.8175928   .0227936   -35.87   0.000    -.8640806   -.7711049
         pp4 |   .1090049   .0741466     1.47   0.152     -.042218    .2602278
     quality |   .0225398   .0023273     9.68   0.000     .0177931    .0272864
      lnarea |  -.0328511   .0064462    -5.10   0.000    -.0459982   -.0197039
       _cons |   5.744747   .0340307   168.81   0.000     5.675341    5.814154
------------------------------------------------------------------------------

Absorbed degrees of freedom:
-------------------------------------------------------+
   Absorbed FE | Categories  - Redundant  = Num. Coefs |
---------------+---------------------------------------|
 cityyearusage |     34281       34281           0    *|
           ind |       148           1         147     |
         month |        12           1          11     |
    salemethod |         4           1           3    ?|
         state |         2           1           1    ?|
          size |         4           1           3    ?|
-------------------------------------------------------+
? = number of redundant parameters may be higher
* = FE nested within cluster; treated as redundant for DoF computation
(est9 stored)

. eststo: xi: reghdfe lnprice princeling pp4 quality lnarea if near500==1, ab(c
> ityyearusage ind month salemethod state size) cluster(provid firmid) keepsin
WARNING: Singleton observations not dropped; statistical significance is biased
>  (link)
(MWFE estimator converged in 19 iterations)

HDFE Linear regression                            Number of obs   =    191,896
Absorbing 6 HDFE groups                           F(   4,     30) =     669.27
Statistics robust to heteroskedasticity           Prob > F        =     0.0000
                                                  R-squared       =     0.7782
                                                  Adj R-squared   =     0.7548
Number of clusters (provid)  =         31         Within R-sq.    =     0.0851
Number of clusters (firmid)  =     92,735         Root MSE        =     0.6344

                         (Std. err. adjusted for 31 clusters in provid firmid)
------------------------------------------------------------------------------
             |               Robust
     lnprice | Coefficient  std. err.      t    P>|t|     [95% conf. interval]
-------------+----------------------------------------------------------------
  princeling |  -.8474204   .0278217   -30.46   0.000    -.9042399   -.7906009
         pp4 |   .0365146   .0698041     0.52   0.605    -.1060445    .1790736
     quality |   .0236429   .0026583     8.89   0.000     .0182139    .0290719
      lnarea |  -.0385756   .0090941    -4.24   0.000    -.0571483   -.0200029
       _cons |   5.686792   .0509526   111.61   0.000     5.582733    5.790851
------------------------------------------------------------------------------

Absorbed degrees of freedom:
-------------------------------------------------------+
   Absorbed FE | Categories  - Redundant  = Num. Coefs |
---------------+---------------------------------------|
 cityyearusage |     18183       18183           0    *|
           ind |       138           1         137     |
         month |        12           1          11     |
    salemethod |         4           1           3    ?|
         state |         2           1           1    ?|
          size |         4           1           3    ?|
-------------------------------------------------------+
? = number of redundant parameters may be higher
* = FE nested within cluster; treated as redundant for DoF computation
(est10 stored)

. esttab using table9.csv, b(%12.3fc) se ar2 nogap replace label order(princeli
> ng pp1 pp2 pp3 pp4) drop(quality lnarea) 
(file table9.csv not found)
(output written to table9.csv)

. 
. 
. 
end of do-file
/Users/brycewang/Documents/GitHub/top5-Econ-Paper-Replications/QJE2019-Busting-
> the-Princelings/Results/Tables
step table9: rc=0  seconds=113.7

=================== figure5 ===================

. *Figure 5*
. use "$DATA/price.dta", replace

. 
. tab year, gen(t)

       year |      Freq.     Percent        Cum.
------------+-----------------------------------
       2004 |        362        0.03        0.03
       2005 |      1,220        0.10        0.13
       2006 |      5,462        0.45        0.58
       2007 |    102,977        8.52        9.10
       2008 |     87,233        7.22       16.32
       2009 |    130,371       10.79       27.11
       2010 |    190,898       15.80       42.91
       2011 |    216,651       17.93       60.83
       2012 |    150,942       12.49       73.32
       2013 |    142,547       11.80       85.12
       2014 |     82,015        6.79       91.90
       2015 |     67,128        5.55       97.46
       2016 |     30,706        2.54      100.00
------------+-----------------------------------
      Total |  1,208,512      100.00

. forvalue x=1/13 {
  2. gen pt`x'=princeling*t`x'
  3. }
(109 missing values generated)
(109 missing values generated)
(109 missing values generated)
(109 missing values generated)
(109 missing values generated)
(109 missing values generated)
(109 missing values generated)
(109 missing values generated)
(109 missing values generated)
(109 missing values generated)
(109 missing values generated)
(109 missing values generated)
(109 missing values generated)

. label var pt3 "2006"

. label var pt4 "2007"

. label var pt5 "2008"

. label var pt6 "2009"

. label var pt7 "2010"

. label var pt8 "2011"

. label var pt9 "2012"

. label var pt10 "2013"

. label var pt11 "2014"

. label var pt12 "2015"

. label var pt13 "2016"

. 
. eststo: xi: reghdfe lnprice pt3-pt13, ab(cityyearusage ind month salemethod s
> tate size) cluster(provid firmid) keepsin
WARNING: Singleton observations not dropped; statistical significance is biased
>  (link)
(MWFE estimator converged in 17 iterations)

HDFE Linear regression                            Number of obs   =  1,144,507
Absorbing 6 HDFE groups                           F(  11,     31) =     188.36
Statistics robust to heteroskedasticity           Prob > F        =     0.0000
                                                  R-squared       =     0.6922
                                                  Adj R-squared   =     0.6826
Number of clusters (provid)  =         32         Within R-sq.    =     0.0130
Number of clusters (firmid)  =    422,500         Root MSE        =     0.6844

                         (Std. err. adjusted for 32 clusters in provid firmid)
------------------------------------------------------------------------------
             |               Robust
     lnprice | Coefficient  std. err.      t    P>|t|     [95% conf. interval]
-------------+----------------------------------------------------------------
         pt3 |  -.6181606   .1405634    -4.40   0.000    -.9048415   -.3314796
         pt4 |  -.9915178   .0415052   -23.89   0.000    -1.076168   -.9068674
         pt5 |  -1.023672   .0496329   -20.62   0.000    -1.124899   -.9224447
         pt6 |  -.8805305   .0665225   -13.24   0.000    -1.016204    -.744857
         pt7 |  -.9315516   .0390214   -23.87   0.000    -1.011136    -.851967
         pt8 |  -.7726096   .0649408   -11.90   0.000    -.9050573   -.6401619
         pt9 |  -.8735654   .0629096   -13.89   0.000     -1.00187   -.7452605
        pt10 |  -.5933795    .076122    -7.80   0.000    -.7486312   -.4381278
        pt11 |  -.4435871   .0460176    -9.64   0.000    -.5374407   -.3497335
        pt12 |  -.3737026   .0566667    -6.59   0.000    -.4892751     -.25813
        pt13 |  -.0745016   .0928098    -0.80   0.428    -.2637883    .1147852
       _cons |   5.879394   .0004039  1.5e+04   0.000     5.878571    5.880218
------------------------------------------------------------------------------

Absorbed degrees of freedom:
-------------------------------------------------------+
   Absorbed FE | Categories  - Redundant  = Num. Coefs |
---------------+---------------------------------------|
 cityyearusage |     34281       34281           0    *|
           ind |       148           1         147     |
         month |        12           1          11     |
    salemethod |         4           1           3    ?|
         state |         2           1           1    ?|
          size |         4           1           3    ?|
-------------------------------------------------------+
? = number of redundant parameters may be higher
* = FE nested within cluster; treated as redundant for DoF computation
(est11 stored)

.  
. coefplot, drop(_con) recast(connected) vertical ciopts(recast(rcap)lcol(black
> ))  /// 
>    lpattern(solild) mcolor(black) lcolor(black black) lwidth(thin thin) yline
> (0, lcol(black)) ///
>    graphregion(color(white)) ylabel(-1.2(0.2)0.2) legend(label(1 "Coefficient
> /95% Confidence Interval")) ///
>    ytitle("Price Differences between Princeling vs. Non-Princeling" "Land Tra
> nsactions")
(note:  named style solild not found in class linepattern, default attributes
    used)
(note:  named style solild not found in class linepattern, default attributes
    used)

. graph save Graph "$FIG/figure5.gph", replace
(file
    /Users/brycewang/Documents/GitHub/top5-Econ-Paper-Replications/QJE2019-Bu
    > sting-the-Princelings/Results/Figures/figure5.gph not found)
file /Users/brycewang/Documents/GitHub/top5-Econ-Paper-Replications/QJE2019-Bus
> ting-the-Princelings/Results/Figures/figure5.gph saved

. 
. 
. 
end of do-file
/Users/brycewang/Documents/GitHub/top5-Econ-Paper-Replications/QJE2019-Busting-
> the-Princelings/Results/Tables
step figure5: rc=0  seconds=37.3

. file close `log'
"" invalid file-handle name
r(198);

end of do-file
r(198);
r(198);
    Graph
      name:  <unnamed>
       log:  /Users/brycewang/Documents/GitHub/top5-Econ-Paper-Replications/QJE
> 2019-Busting-the-Princelings/Results/log_price_steps.log, on
  log type:  text
