-------------------------------------------------------------------------------
      name:  <unnamed>
       log:  /Users/brycewang/Documents/GitHub/top5-Econ-Paper-Replications/QJE
> 2019-Busting-the-Princelings/Results/log_firm_steps.log
  log type:  text
 opened on:  16 Sep 2026, 23:00:56

. global APPEND "1"

. global ONLY "table6 figure6"

. do "/Users/brycewang/Documents/GitHub/top5-Econ-Paper-Replications/QJE2019-Bu
> sting-the-Princelings/Program/run_original.do"

. *****************************************************************************
> **
. * run_original.do — wrapper for Chen & Kung (2019, QJE) "Tables&Figures.do"
. *
. * The author's do-file is kept UNMODIFIED in Program/Tables&Figures.do.
. * This wrapper:
. *   1. sets the project root (edit ROOT below, or pass it as argument 1);
. *   2. splits the author's file into one step per exhibit (at the "*Table N*"
> ,
. *      "*Figure N*" markers) and writes them to Results/_steps/;
. *   3. applies ONLY path fixes while splitting (documented in README.md):
. *        - drops the author's  cd "D:\Dropbox\princeling\"  line
. *        - `use X.dta`              -> `use "$DATA/X.dta"`
. *        - `graph save Graph "f.gph"` -> `graph save Graph "$FIG/f.gph", repl
> ace`
. *      esttab writes tableN.csv to the working directory = Results/Tables/;
. *   4. runs every step under -capture-, logging rc and seconds to
. *      Results/run_original_steps.csv, and exports every saved graph to PNG.
. *
. * Requires: reghdfe (6.x), ftools, estout, coefplot  (ssc install ...)
. *****************************************************************************
> **
. version 18

. clear all

. set more off

. set varabbrev on

. 
. args ROOTARG

. if "`ROOTARG'" == "" local ROOTARG "/Users/brycewang/Documents/GitHub/top5-Ec
> on-Paper-Replications/QJE2019-Busting-the-Princelings"

. global ROOT "`ROOTARG'"

. global DATA "$ROOT/Data"

. global TAB  "$ROOT/Results/Tables"

. global FIG  "$ROOT/Results/Figures"

. global STEP "$ROOT/Results/_steps"

. capture mkdir "$ROOT/Results"

. capture mkdir "$TAB"

. capture mkdir "$FIG"

. capture mkdir "$STEP"

. 
. * optional: run only selected steps, e.g.  global ONLY "table5 figure5"
. if "$ONLY" == "" global ONLY ""

. 
. *----------------------------------------------------------------------------
> --
. * 1. split the author's do-file into steps
. *----------------------------------------------------------------------------
> --
. * Fix 5 (not a path fix, documented in README): Table 11 has only oprobit
. * models, which have no _cons, so the esttab drop list containing _cons abort
> s
. * with r(111) coefficient _cons not found under current estout. The loop belo
> w
. * removes that one token from the Table 11 esttab call only.
. local src "$ROOT/Program/Tables&Figures.do"

. tempname fin fout

. file open `fin' using "`src'", read text

. local step "table3a"

. local steps "`step'"

. file open `fout' using "$STEP/`step'.do", write text replace

. file read `fin' line

. while r(eof) == 0 {
  2.     local l `"`macval(line)'"'
  3.     local t = strtrim(`"`macval(l)'"')
  4.     * step markers: *Table 3A*, *Table 5*, ..., *Figure 4*, ...
.     if regexm(`"`macval(t)'"', "^\*(Table|Figure) ([0-9]+[A-Z]?)\*$") {
  5.         local new = lower(regexs(1)) + lower(regexs(2))
  6.         if "`new'" != "`step'" {
  7.             file close `fout'
  8.             local step "`new'"
  9.             local steps "`steps' `step'"
 10.             file open `fout' using "$STEP/`step'.do", write text replace
 11.         }
 12.     }
 13.     * path fix 1: drop the author's Windows cd line
.     if regexm(`"`macval(t)'"', "^cd ") {
 14.         file write `fout' `"* [wrapper] removed: `macval(t)'"' _n
 15.     }
 16.     else {
 17.         * path fix 2: use X.dta -> use "$DATA/X.dta"
.         if regexm(`"`macval(l)'"', "^use ([A-Za-z0-9_]+\.dta)(.*)$") {
 18.             local l = "use " + char(34) + "\$DATA/" + regexs(1) + char(34)
>  + regexs(2)
 19.         }
 20.         * path fix 3: graph save Graph "f.gph"[, replace] -> $FIG/f.gph, r
> eplace
.         if regexm(`"`macval(l)'"', `"^graph save Graph "([A-Za-z0-9_]+\.gph)"
> (.*)$"') {
 21.             local l = "graph save Graph " + char(34) + "\$FIG/" + regexs(1
> ) + char(34) + ", replace"
 22.         }
 23.         * path fix 4: graph combine "f.gph" ... -> $FIG/f.gph
.         if regexm(`"`macval(l)'"', "^graph combine ") {
 24.             local l = subinstr(`"`macval(l)'"', char(34) + "figure7", char
> (34) + "\$FIG/figure7", .)
 25.         }
 26.         if "`step'" == "table11" & regexm(`"`macval(l)'"', "^esttab using 
> table11") {
 27.             local l = subinstr(`"`macval(l)'"', " _cons)", ")", 1)
 28.         }
 29.         file write `fout' `"`macval(l)'"' _n
 30.     }
 31.     file read `fin' line
 32. }

. file close `fout'

. file close `fin'

. di as txt "steps: `steps'"
steps: table3a table3b table5 table6 table7 table8 table9 table10 table11 figur
> e4 figure5 figure6 figure7

. 
. *----------------------------------------------------------------------------
> --
. * 2. run every step, logging rc + seconds
. *----------------------------------------------------------------------------
> --
. * the author's steps call -clear all-, which closes open file handles, so the
. * step log is reopened in append mode after every step
. if "$APPEND" == "" {
.     file open lg using "$ROOT/Results/run_original_steps.csv", write text rep
> lace
.     file write lg "step,rc,seconds" _n
.     file close lg
. }

. cd "$TAB"
/Users/brycewang/Documents/GitHub/top5-Econ-Paper-Replications/QJE2019-Busting-
> the-Princelings/Results/Tables

. foreach s of local steps {
  2.     if "$ONLY" != "" & strpos(" $ONLY ", " `s' ") == 0 continue
  3.     di as res _n "=================== `s' ==================="
  4.     timer clear 1
  5.     timer on 1
  6.     capture noisily do "$STEP/`s'.do"
  7.     local rc = _rc
  8.     timer off 1
  9.     quietly timer list 1
 10.     local sec = round(r(t1), 0.1)
 11.     file open lg using "$ROOT/Results/run_original_steps.csv", write text 
> append
 12.     file write lg "`s',`rc',`sec'" _n
 13.     file close lg
 14.     cd "$TAB"
 15.     di as res "step `s': rc=`rc'  seconds=`sec'"
 16.     * export any graph saved by the step
.     foreach g in figure4 figure5 figure6 figure7 {
 17.         if "`s'" == "`g'" {
 18.             capture graph use "$FIG/`g'.gph"
 19.             if _rc == 0 capture graph export "$FIG/`g'.png", replace width
> (1600)
 20.         }
 21.     }
 22. }

=================== table6 ===================

. *Table 6*
. use "$DATA/firm_panel.dta", clear

. eststo clear

. eststo: xi: reghdfe lnarea princeling, ab(year state size) cluster(firmid) ke
> epsin 
WARNING: Singleton observations not dropped; statistical significance is biased
>  (link)
(MWFE estimator converged in 3 iterations)

HDFE Linear regression                            Number of obs   =  5,690,984
Absorbing 3 HDFE groups                           F(   1, 437767) =      52.29
Statistics robust to heteroskedasticity           Prob > F        =     0.0000
                                                  R-squared       =     0.0154
                                                  Adj R-squared   =     0.0154
                                                  Within R-sq.    =     0.0000
Number of clusters (firmid)  =    437,768         Root MSE        =     0.0340

                           (Std. err. adjusted for 437,768 clusters in firmid)
------------------------------------------------------------------------------
             |               Robust
      lnarea | Coefficient  std. err.      t    P>|t|     [95% conf. interval]
-------------+----------------------------------------------------------------
  princeling |   .0023206   .0003209     7.23   0.000     .0016916    .0029496
       _cons |   .0054971    .000016   344.18   0.000     .0054658    .0055284
------------------------------------------------------------------------------

Absorbed degrees of freedom:
-----------------------------------------------------+
 Absorbed FE | Categories  - Redundant  = Num. Coefs |
-------------+---------------------------------------|
        year |        13           0          13     |
       state |         2           1           1     |
        size |         4           1           3    ?|
-----------------------------------------------------+
? = number of redundant parameters may be higher
(est1 stored)

. eststo: xi: reghdfe lnarea princeling pscm, ab(year state size) cluster(firmi
> d) keepsin 
WARNING: Singleton observations not dropped; statistical significance is biased
>  (link)
(MWFE estimator converged in 3 iterations)

HDFE Linear regression                            Number of obs   =  5,690,984
Absorbing 3 HDFE groups                           F(   2, 437767) =      35.34
Statistics robust to heteroskedasticity           Prob > F        =     0.0000
                                                  R-squared       =     0.0158
                                                  Adj R-squared   =     0.0158
                                                  Within R-sq.    =     0.0004
Number of clusters (firmid)  =    437,768         Root MSE        =     0.0340

                           (Std. err. adjusted for 437,768 clusters in firmid)
------------------------------------------------------------------------------
             |               Robust
      lnarea | Coefficient  std. err.      t    P>|t|     [95% conf. interval]
-------------+----------------------------------------------------------------
  princeling |   .0006479   .0002515     2.58   0.010     .0001551    .0011407
        pscm |   .0309403   .0039278     7.88   0.000      .023242    .0386386
       _cons |   .0054971    .000016   344.18   0.000     .0054658    .0055284
------------------------------------------------------------------------------

Absorbed degrees of freedom:
-----------------------------------------------------+
 Absorbed FE | Categories  - Redundant  = Num. Coefs |
-------------+---------------------------------------|
        year |        13           0          13     |
       state |         2           1           1     |
        size |         4           1           3    ?|
-----------------------------------------------------+
? = number of redundant parameters may be higher
(est2 stored)

. eststo: xi: reghdfe lnarea princeling retired, ab(year state size) cluster(fi
> rmid) keepsin 
WARNING: Singleton observations not dropped; statistical significance is biased
>  (link)
(MWFE estimator converged in 3 iterations)

HDFE Linear regression                            Number of obs   =  5,690,984
Absorbing 3 HDFE groups                           F(   2, 437767) =      28.59
Statistics robust to heteroskedasticity           Prob > F        =     0.0000
                                                  R-squared       =     0.0154
                                                  Adj R-squared   =     0.0154
                                                  Within R-sq.    =     0.0000
Number of clusters (firmid)  =    437,768         Root MSE        =     0.0340

                           (Std. err. adjusted for 437,768 clusters in firmid)
------------------------------------------------------------------------------
             |               Robust
      lnarea | Coefficient  std. err.      t    P>|t|     [95% conf. interval]
-------------+----------------------------------------------------------------
  princeling |   .0023398   .0003273     7.15   0.000     .0016984    .0029812
     retired |  -.0008749   .0005969    -1.47   0.143    -.0020447     .000295
       _cons |   .0054971    .000016   344.18   0.000     .0054658    .0055284
------------------------------------------------------------------------------

Absorbed degrees of freedom:
-----------------------------------------------------+
 Absorbed FE | Categories  - Redundant  = Num. Coefs |
-------------+---------------------------------------|
        year |        13           0          13     |
       state |         2           1           1     |
        size |         4           1           3    ?|
-----------------------------------------------------+
? = number of redundant parameters may be higher
(est3 stored)

. esttab using table6.csv, b(%12.3fc) se ar2 nogap replace label order(princeli
> ng pscm retired)
(file table6.csv not found)
(output written to table6.csv)

. 
. 
. 
end of do-file
/Users/brycewang/Documents/GitHub/top5-Econ-Paper-Replications/QJE2019-Busting-
> the-Princelings/Results/Tables
step table6: rc=0  seconds=75.60000000000001

=================== figure6 ===================

. *Figure 6*
. use "$DATA/firm_panel.dta", replace

. 
. tab year, gen(t)

       year |      Freq.     Percent        Cum.
------------+-----------------------------------
       2004 |    437,768        7.69        7.69
       2005 |    437,768        7.69       15.38
       2006 |    437,768        7.69       23.08
       2007 |    437,768        7.69       30.77
       2008 |    437,768        7.69       38.46
       2009 |    437,768        7.69       46.15
       2010 |    437,768        7.69       53.85
       2011 |    437,768        7.69       61.54
       2012 |    437,768        7.69       69.23
       2013 |    437,768        7.69       76.92
       2014 |    437,768        7.69       84.62
       2015 |    437,768        7.69       92.31
       2016 |    437,768        7.69      100.00
------------+-----------------------------------
      Total |  5,690,984      100.00

. forvalue x=1/13 {
  2. gen pt`x'=princeling*t`x'
  3. }

. label var pt3 "2006"

. label var pt4 "2007"

. label var pt5 "2008"

. label var pt6 "2009"

. label var pt7 "2010"

. label var pt8 "2011"

. label var pt9 "2012"

. label var pt10 "2013"

. label var pt11 "2014"

. label var pt12 "2015"

. label var pt13 "2016"

. 
. eststo: xi: reghdfe lnarea pt3-pt13, ab(year state size) cluster(firmid) keep
> sin 
WARNING: Singleton observations not dropped; statistical significance is biased
>  (link)
(MWFE estimator converged in 3 iterations)

HDFE Linear regression                            Number of obs   =  5,690,984
Absorbing 3 HDFE groups                           F(  11, 437767) =       5.60
Statistics robust to heteroskedasticity           Prob > F        =     0.0000
                                                  R-squared       =     0.0155
                                                  Adj R-squared   =     0.0155
                                                  Within R-sq.    =     0.0001
Number of clusters (firmid)  =    437,768         Root MSE        =     0.0340

                           (Std. err. adjusted for 437,768 clusters in firmid)
------------------------------------------------------------------------------
             |               Robust
      lnarea | Coefficient  std. err.      t    P>|t|     [95% conf. interval]
-------------+----------------------------------------------------------------
         pt3 |   .0004897   .0003018     1.62   0.105    -.0001017    .0010811
         pt4 |   .0020591   .0009304     2.21   0.027     .0002355    .0038828
         pt5 |   .0028319   .0008183     3.46   0.001      .001228    .0044359
         pt6 |   .0051237   .0011522     4.45   0.000     .0028653     .007382
         pt7 |   .0053878    .001406     3.83   0.000     .0026322    .0081435
         pt8 |   .0059194   .0015852     3.73   0.000     .0028125    .0090263
         pt9 |   .0034706   .0012028     2.89   0.004     .0011131    .0058281
        pt10 |    .001158   .0009488     1.22   0.222    -.0007016    .0030175
        pt11 |   .0013095   .0006396     2.05   0.041     .0000558    .0025632
        pt12 |   .0016094   .0006029     2.67   0.008     .0004277    .0027912
        pt13 |   .0008394   .0003423     2.45   0.014     .0001685    .0015103
       _cons |    .005497    .000016   344.16   0.000     .0054657    .0055283
------------------------------------------------------------------------------

Absorbed degrees of freedom:
-----------------------------------------------------+
 Absorbed FE | Categories  - Redundant  = Num. Coefs |
-------------+---------------------------------------|
        year |        13           0          13     |
       state |         2           1           1     |
        size |         4           1           3    ?|
-----------------------------------------------------+
? = number of redundant parameters may be higher
(est4 stored)

. 
. coefplot, drop(_con) recast(connected) vertical ciopts(recast(rcap)lcol(black
> ))  /// 
>    lpattern(solild) mcolor(black) lcolor(black black) lwidth(thin thin) yline
> (0, lcol(black)) ///
>    graphregion(color(white)) legend(label(1 "Coefficient/95% Confidence Inter
> val")) ///
>    ytitle("Quantity Differences between Princeling vs. Non-Princeling" "Firms
> ' Land Purchase")
(note:  named style solild not found in class linepattern, default attributes
    used)
(note:  named style solild not found in class linepattern, default attributes
    used)

. graph save Graph "$FIG/figure6.gph", replace
(file
    /Users/brycewang/Documents/GitHub/top5-Econ-Paper-Replications/QJE2019-Bu
    > sting-the-Princelings/Results/Figures/figure6.gph not found)
file /Users/brycewang/Documents/GitHub/top5-Econ-Paper-Replications/QJE2019-Bus
> ting-the-Princelings/Results/Figures/figure6.gph saved

. 
. 
. 
end of do-file
/Users/brycewang/Documents/GitHub/top5-Econ-Paper-Replications/QJE2019-Busting-
> the-Princelings/Results/Tables
step figure6: rc=0  seconds=35.2

. * (step log is closed after each step)
. di as res "done"
done

. 
end of do-file

. global ONLY ""

. global APPEND ""

. type "/Users/brycewang/Documents/GitHub/top5-Econ-Paper-Replications/QJE2019-
> Busting-the-Princelings/Results/Tables/table6.csv"
="",="(1)",="(2)",="(3)"
="",="Log of Quantity of Land Purchased",="Log of Quantity of Land Purchased",=
> "Log of Quantity of Land Purchased"
="Princeling Firms",="0.002***",="0.001**",="0.002***"
="",="(0.000)",="(0.000)",="(0.000)"
="Princeling Firms*PSCM",="",="0.031***",=""
="",="",="(0.004)",=""
="Princeling Firms*Retired",="",="",="-0.001"
="",="",="",="(0.001)"
="Constant",="0.005***",="0.005***",="0.005***"
="",="(0.000)",="(0.000)",="(0.000)"
="Observations",="5690984",="5690984",="5690984"
="Adjusted R-squared",="0.015",="0.016",="0.015"
="Standard errors in parentheses"
="* p<0.05, ** p<0.01, *** p<0.001"

. log close
      name:  <unnamed>
       log:  /Users/brycewang/Documents/GitHub/top5-Econ-Paper-Replications/QJE
> 2019-Busting-the-Princelings/Results/log_firm_steps.log
  log type:  text
 closed on:  16 Sep 2026, 23:02:48
-------------------------------------------------------------------------------
